Archive member included to satisfy reference by file (symbol)

build/cooja/mtype632.a(simEnvChange.o)
                              build/cooja/mtype632.o (simDontFallAsleep)
build/cooja/mtype632.a(cooja_mt.o)
                              build/cooja/mtype632.o (cooja_mt_start)
build/cooja/mtype632.a(cooja_mtarch.o)
                              build/cooja/mtype632.a(cooja_mt.o) (cooja_mtarch_start)
build/cooja/mtype632.a(rtimer-arch.o)
                              build/cooja/mtype632.o (rtimer_arch_check)
build/cooja/mtype632.a(beep.o)
                              build/cooja/mtype632.o (beep_interface)
build/cooja/mtype632.a(leds-arch.o)
                              build/cooja/mtype632.o (leds_interface)
build/cooja/mtype632.a(moteid.o)
                              build/cooja/mtype632.o (moteid_interface)
build/cooja/mtype632.a(pir-sensor.o)
                              build/cooja/mtype632.o (pir_interface)
build/cooja/mtype632.a(rs232.o)
                              build/cooja/mtype632.o (rs232_interface)
build/cooja/mtype632.a(vib-sensor.o)
                              build/cooja/mtype632.o (vib_interface)
build/cooja/mtype632.a(clock.o)
                              build/cooja/mtype632.o (clock_interface)
build/cooja/mtype632.a(cooja-log.o)
                              build/cooja/mtype632.o (simlog_interface)
build/cooja/mtype632.a(cfs-cooja.o)
                              build/cooja/mtype632.o (cfs_interface)
build/cooja/mtype632.a(cooja-radio.o)
                              build/cooja/mtype632.o (radio_interface)
build/cooja/mtype632.a(eeprom.o)
                              build/cooja/mtype632.o (eeprom_interface)
build/cooja/mtype632.a(random.o)
                              build/cooja/mtype632.a(moteid.o) (random_init)
build/cooja/mtype632.a(sensors.o)
                              build/cooja/mtype632.a(pir-sensor.o) (sensors_changed)
build/cooja/mtype632.a(leds.o)
                              mqtt-client.o (leds_off)
build/cooja/mtype632.a(gpio-hal-arch.o)
                              build/cooja/mtype632.a(leds-arch.o) (gpio_hal_arch_register_pin_callback)
build/cooja/mtype632.a(buttons.o)
                              build/cooja/mtype632.o (button_interface)
build/cooja/mtype632.a(mqtt.o)
                              mqtt-client.o (mqtt_register)
build/cooja/mtype632.a(contiki-main.o)
                              build/cooja/mtype632.o (main)
build/cooja/mtype632.a(autostart.o)
                              build/cooja/mtype632.a(contiki-main.o) (autostart_start)
build/cooja/mtype632.a(ctimer.o)
                              build/cooja/mtype632.a(contiki-main.o) (ctimer_init)
build/cooja/mtype632.a(log.o)
                              build/cooja/mtype632.a(contiki-main.o) (curr_log_level_main)
build/cooja/mtype632.a(energest.o)
                              build/cooja/mtype632.a(contiki-main.o) (energest_init)
build/cooja/mtype632.a(etimer.o)
                              build/cooja/mtype632.a(contiki-main.o) (etimer_process)
build/cooja/mtype632.a(node-id.o)
                              mqtt-client.o (node_id)
build/cooja/mtype632.a(rtimer.o)
                              build/cooja/mtype632.a(contiki-main.o) (rtimer_init)
build/cooja/mtype632.a(process.o)
                              build/cooja/mtype632.a(mqtt.o) (process_current)
build/cooja/mtype632.a(timer.o)
                              build/cooja/mtype632.a(mqtt.o) (timer_set)
build/cooja/mtype632.a(list.o)
                              build/cooja/mtype632.a(mqtt.o) (list_init)
build/cooja/mtype632.a(button-hal.o)
                              build/cooja/mtype632.o (button_hal_init)
build/cooja/mtype632.a(serial-line.o)
                              build/cooja/mtype632.a(rs232.o) (serial_line_input_byte)
build/cooja/mtype632.a(gpio-hal.o)
                              build/cooja/mtype632.a(button-hal.o) (gpio_hal_register_handler)
build/cooja/mtype632.a(queuebuf.o)
                              build/cooja/mtype632.a(contiki-main.o) (queuebuf_init)
build/cooja/mtype632.a(packetbuf.o)
                              build/cooja/mtype632.a(cooja-radio.o) (packetbuf_clear)
build/cooja/mtype632.a(netstack.o)
                              build/cooja/mtype632.a(contiki-main.o) (netstack_init)
build/cooja/mtype632.a(linkaddr.o)
                              mqtt-client.o (linkaddr_node_addr)
build/cooja/mtype632.a(csma.o)
                              build/cooja/mtype632.a(cooja-radio.o) (csma_driver)
build/cooja/mtype632.a(csma-output.o)
                              build/cooja/mtype632.a(csma.o) (csma_output_packet)
build/cooja/mtype632.a(uip-ds6.o)
                              build/cooja/mtype632.a(contiki-main.o) (uip_ds6_get_link_local)
build/cooja/mtype632.a(tcp-socket.o)
                              build/cooja/mtype632.a(mqtt.o) (tcp_socket_register)
build/cooja/mtype632.a(uip-ds6-route.o)
                              build/cooja/mtype632.a(uip-ds6.o) (uip_ds6_route_init)
[...]
Memory Configuration

Name             Origin             Length             Attributes
*default*        0x0000000000000000 0xffffffffffffffff

Linker script and memory map

LOAD /usr/lib/gcc/x86_64-linux-gnu/7/../../../x86_64-linux-gnu/crti.o
LOAD /usr/lib/gcc/x86_64-linux-gnu/7/crtbeginS.o
LOAD mqtt-client.o
LOAD build/cooja/mtype632.o
LOAD build/cooja/mtype632.a
LOAD /usr/lib/gcc/x86_64-linux-gnu/7/libgcc.a
LOAD /usr/lib/gcc/x86_64-linux-gnu/7/libgcc_s.so
START GROUP
LOAD /usr/lib/gcc/x86_64-linux-gnu/7/libgcc_s.so.1
LOAD /usr/lib/gcc/x86_64-linux-gnu/7/libgcc.a
END GROUP
LOAD /usr/lib/gcc/x86_64-linux-gnu/7/../../../x86_64-linux-gnu/libc.so
START GROUP
LOAD /lib/x86_64-linux-gnu/libc.so.6
LOAD /usr/lib/x86_64-linux-gnu/libc_nonshared.a
LOAD /lib/x86_64-linux-gnu/ld-linux-x86-64.so.2
END GROUP
LOAD /usr/lib/gcc/x86_64-linux-gnu/7/libgcc.a
LOAD /usr/lib/gcc/x86_64-linux-gnu/7/libgcc_s.so
START GROUP
LOAD /usr/lib/gcc/x86_64-linux-gnu/7/libgcc_s.so.1
LOAD /usr/lib/gcc/x86_64-linux-gnu/7/libgcc.a
END GROUP
LOAD /usr/lib/gcc/x86_64-linux-gnu/7/crtendS.o
LOAD /usr/lib/gcc/x86_64-linux-gnu/7/../../../x86_64-linux-gnu/crtn.o
                0x00000000000001c8                . = (SEGMENT_START ("text-segment", 0x0) + SIZEOF_HEADERS)

.note.gnu.build-id
                0x00000000000001c8       0x24
 *(.note.gnu.build-id)
 .note.gnu.build-id
                0x00000000000001c8       0x24 /usr/lib/gcc/x86_64-linux-gnu/7/../../../x86_64-linux-gnu/crti.o

.hash
 *(.hash)

.gnu.hash       0x00000000000001f0     0x1494
 *(.gnu.hash)
 .gnu.hash      0x00000000000001f0     0x1494 /usr/lib/gcc/x86_64-linux-gnu/7/../../../x86_64-linux-gnu/crti.o

.dynsym         0x0000000000001688     0x4008
 *(.dynsym)
 .dynsym        0x0000000000001688     0x4008 /usr/lib/gcc/x86_64-linux-gnu/7/../../../x86_64-linux-gnu/crti.o

.dynstr         0x0000000000005690     0x301b
 *(.dynstr)
 .dynstr        0x0000000000005690     0x301b /usr/lib/gcc/x86_64-linux-gnu/7/../../../x86_64-linux-gnu/crti.o

.gnu.version    0x00000000000086ac      0x556
 *(.gnu.version)
 .gnu.version   0x00000000000086ac      0x556 /usr/lib/gcc/x86_64-linux-gnu/7/../../../x86_64-linux-gnu/crti.o

.gnu.version_d  0x0000000000008c08        0x0
 *(.gnu.version_d)
 .gnu.version_d
                0x0000000000008c08        0x0 /usr/lib/gcc/x86_64-linux-gnu/7/../../../x86_64-linux-gnu/crti.o

.gnu.version_r  0x0000000000008c08       0x40
 *(.gnu.version_r)
 .gnu.version_r
                0x0000000000008c08       0x40 /usr/lib/gcc/x86_64-linux-gnu/7/../../../x86_64-linux-gnu/crti.o

.rela.dyn       0x0000000000008c48     0x1ec0
 *(.rela.init)
 *(.rela.text .rela.text.* .rela.gnu.linkonce.t.*)
 .rela.text     0x0000000000008c48        0x0 /usr/lib/gcc/x86_64-linux-gnu/7/../../../x86_64-linux-gnu/crti.o
 *(.rela.fini)
 *(.rela.rodata .rela.rodata.* .rela.gnu.linkonce.r.*)
 *(.rela.data .rela.data.* .rela.gnu.linkonce.d.*)
 .rela.data.rel.local
                0x0000000000008c48      0x708 /usr/lib/gcc/x86_64-linux-gnu/7/../../../x86_64-linux-gnu/crti.o
 .rela.data.rel.ro
                0x0000000000009350      0x288 /usr/lib/gcc/x86_64-linux-gnu/7/../../../x86_64-linux-gnu/crti.o
 .rela.data.rel
                0x00000000000095d8      0x3a8 /usr/lib/gcc/x86_64-linux-gnu/7/../../../x86_64-linux-gnu/crti.o
 .rela.data.rel.ro.local
                0x0000000000009980      0x5a0 /usr/lib/gcc/x86_64-linux-gnu/7/../../../x86_64-linux-gnu/crti.o
 *(.rela.tdata .rela.tdata.* .rela.gnu.linkonce.td.*)
 *(.rela.tbss .rela.tbss.* .rela.gnu.linkonce.tb.*)
 *(.rela.ctors)
 *(.rela.dtors)
 *(.rela.got)
 .rela.got      0x0000000000009f20      0xbb8 /usr/lib/gcc/x86_64-linux-gnu/7/../../../x86_64-linux-gnu/crti.o
 *(.rela.bss .rela.bss.* .rela.gnu.linkonce.b.*)
 *(.rela.ldata .rela.ldata.* .rela.gnu.linkonce.l.*)
 *(.rela.lbss .rela.lbss.* .rela.gnu.linkonce.lb.*)
 *(.rela.lrodata .rela.lrodata.* .rela.gnu.linkonce.lr.*)
 *(.rela.ifunc)
 .rela.ifunc    0x000000000000aad8        0x0 /usr/lib/gcc/x86_64-linux-gnu/7/../../../x86_64-linux-gnu/crti.o
 .rela.fini_array
                0x000000000000aad8       0x18 /usr/lib/gcc/x86_64-linux-gnu/7/../../../x86_64-linux-gnu/crti.o
 .rela.init_array
                0x000000000000aaf0       0x18 /usr/lib/gcc/x86_64-linux-gnu/7/../../../x86_64-linux-gnu/crti.o

.rela.plt       0x000000000000ab08     0x2220
 *(.rela.plt)
 .rela.plt      0x000000000000ab08     0x2220 /usr/lib/gcc/x86_64-linux-gnu/7/../../../x86_64-linux-gnu/crti.o
 *(.rela.iplt)

.init           0x000000000000cd28       0x17
 *(SORT_NONE(.init))
 .init          0x000000000000cd28       0x12 /usr/lib/gcc/x86_64-linux-gnu/7/../../../x86_64-linux-gnu/crti.o
                0x000000000000cd28                _init
 .init          0x000000000000cd3a        0x5 /usr/lib/gcc/x86_64-linux-gnu/7/../../../x86_64-linux-gnu/crtn.o

.plt            0x000000000000cd40     0x16d0
 *(.plt)
 .plt           0x000000000000cd40     0x16d0 /usr/lib/gcc/x86_64-linux-gnu/7/../../../x86_64-linux-gnu/crti.o
 *(.iplt)

.plt.got        0x000000000000e410       0x18
 *(.plt.got)
 .plt.got       0x000000000000e410       0x18 /usr/lib/gcc/x86_64-linux-gnu/7/../../../x86_64-linux-gnu/crti.o

.plt.sec
 *(.plt.sec)

.text           0x000000000000e430    0x1e6ac
 *(.text.unlikely .text.*_unlikely .text.unlikely.*)
 *(.text.exit .text.exit.*)
 *(.text.startup .text.startup.*)
 *(.text.hot .text.hot.*)
 *(.text .stub .text.* .gnu.linkonce.t.*)
 .text          0x000000000000e430        0x0 /usr/lib/gcc/x86_64-linux-gnu/7/../../../x86_64-linux-gnu/crti.o
 .text          0x000000000000e430       0xda /usr/lib/gcc/x86_64-linux-gnu/7/crtbeginS.o
 .text          0x000000000000e50a      0x70e mqtt-client.o
 .text          0x000000000000ec18      0x354 build/cooja/mtype632.o
                0x000000000000ecc4                platform_init_stage_one
                0x000000000000ecd5                platform_init_stage_two
                0x000000000000ece6                platform_init_stage_three
                0x000000000000ecf7                platform_main_loop
                0x000000000000ed8d                Java_org_contikios_cooja_corecomm_Lib36_init
                0x000000000000edd0                Java_org_contikios_cooja_corecomm_Lib36_getMemory
                0x000000000000ee28                Java_org_contikios_cooja_corecomm_Lib36_setMemory
                0x000000000000eeb5                Java_org_contikios_cooja_corecomm_Lib36_tick
                0x000000000000ef3e                Java_org_contikios_cooja_corecomm_Lib36_setReferenceAddress
 .text          0x000000000000ef6c       0x89 build/cooja/mtype632.a(simEnvChange.o)
                0x000000000000ef6c                doActionsBeforeTick
                0x000000000000efb0                doActionsAfterTick
 .text          0x000000000000eff5       0x9f build/cooja/mtype632.a(cooja_mt.o)
                0x000000000000eff5                cooja_mt_start
                0x000000000000f031                cooja_mt_exec
                0x000000000000f070                cooja_mt_yield
 .text          0x000000000000f094       0xfe build/cooja/mtype632.a(cooja_mtarch.o)
                0x000000000000f094                cooja_mtarch_start
                0x000000000000f133                cooja_sw
                0x000000000000f15c                cooja_mtarch_exec
                0x000000000000f186                cooja_mtarch_yield
 .text          0x000000000000f192       0xb4 build/cooja/mtype632.a(rtimer-arch.o)
                0x000000000000f192                rtimer_arch_init
                0x000000000000f1b4                rtimer_arch_schedule
                0x000000000000f1da                rtimer_arch_next
                0x000000000000f1ea                rtimer_arch_pending
                0x000000000000f1f9                rtimer_arch_check
                0x000000000000f236                rtimer_arch_now
 .text          0x000000000000f246       0xba build/cooja/mtype632.a(beep.o)
                0x000000000000f246                beep_alarm
                0x000000000000f25d                beep_beep
                0x000000000000f271                beep
                0x000000000000f282                beep_down
                0x000000000000f296                beep_on
                0x000000000000f2a7                beep_off
                0x000000000000f2b8                beep_spinup
                0x000000000000f2c9                beep_quick
                0x000000000000f2dd                beep_long
 .text          0x000000000000f300       0x69 build/cooja/mtype632.a(leds-arch.o)
                0x000000000000f317                leds_arch_init
 .text          0x000000000000f369       0x39 build/cooja/mtype632.a(moteid.o)
 .text          0x000000000000f3a2       0xe5 build/cooja/mtype632.a(pir-sensor.o)
 .text          0x000000000000f487      0x175 build/cooja/mtype632.a(rs232.o)
                0x000000000000f487                rs232_init
                0x000000000000f48e                rs232_set_speed
                0x000000000000f49a                rs232_set_input
                0x000000000000f4b0                rs232_send
                0x000000000000f4d7                rs232_print
                0x000000000000f4fe                slip_arch_writeb
 .text          0x000000000000f5fc       0xe5 build/cooja/mtype632.a(vib-sensor.o)
 .text          0x000000000000f6e1       0x57 build/cooja/mtype632.a(clock.o)
                0x000000000000f6e1                clock_init
                0x000000000000f6e8                clock_time
                0x000000000000f6f8                clock_seconds
                0x000000000000f720                clock_delay
 .text          0x000000000000f738      0x30e build/cooja/mtype632.a(cooja-log.o)
                0x000000000000f738                simlog_char
                0x000000000000f791                simlog
                0x000000000000f830                log_message
                0x000000000000f869                log_set_putchar_with_slip
                0x000000000000f87c                log_putchar
                0x000000000000f8fc                log_puts
                0x000000000000f925                log_printf
 .text          0x000000000000fa46      0x373 build/cooja/mtype632.a(cfs-cooja.o)
                0x000000000000fa46                cfs_open
                0x000000000000fabf                cfs_close
                0x000000000000fad0                cfs_read
                0x000000000000fb94                cfs_write
                0x000000000000fca3                cfs_seek
                0x000000000000fd4e                cfs_remove
                0x000000000000fd7a                cfs_opendir
                0x000000000000fd8d                cfs_readdir
                0x000000000000fda0                cfs_closedir
 .text          0x000000000000fdb9      0x730 build/cooja/mtype632.a(cooja-radio.o)
                0x000000000000fe08                radio_set_channel
                0x000000000000fe1e                radio_set_txpower
                0x000000000000fe37                radio_signal_strength_last
                0x000000000000fe46                radio_signal_strength_current
                0x000000000000fe55                radio_LQI
 .text          0x00000000000104e9      0x125 build/cooja/mtype632.a(eeprom.o)
                0x00000000000104e9                eeprom_init
                0x00000000000104f0                eeprom_read
                0x0000000000010578                eeprom_write
 .text          0x000000000001060e       0x27 build/cooja/mtype632.a(random.o)
                0x000000000001060e                random_init
                0x000000000001062a                random_rand
 .text          0x0000000000010635      0x33f build/cooja/mtype632.a(sensors.o)
                0x000000000001067a                sensors_first
                0x000000000001068a                sensors_next
                0x00000000000106b5                sensors_changed
                0x00000000000106fe                sensors_find
 .text          0x0000000000010974      0x386 build/cooja/mtype632.a(leds.o)
                0x0000000000010974                leds_init
                0x00000000000109bb                leds_single_on
                0x0000000000010a24                leds_single_off
                0x0000000000010a8d                leds_single_toggle
                0x0000000000010ac1                leds_on
                0x0000000000010b4d                leds_off
                0x0000000000010bd9                leds_toggle
                0x0000000000010c30                leds_set
                0x0000000000010c55                leds_get
 .text          0x0000000000010cfa      0x3ce build/cooja/mtype632.a(gpio-hal-arch.o)
                0x0000000000010cfa                gpio_hal_arch_register_pin_callback
                0x0000000000010d9a                gpio_hal_arch_init
                0x0000000000010de3                gpio_hal_arch_no_port_interrupt_enable
                0x0000000000010e2c                gpio_hal_arch_no_port_interrupt_disable
                0x0000000000010e75                gpio_hal_arch_no_port_pin_cfg_set
                0x0000000000010ea7                gpio_hal_arch_no_port_pin_cfg_get
                0x0000000000010ed7                gpio_hal_arch_no_port_pin_set_input
                0x0000000000010ee6                gpio_hal_arch_no_port_pin_set_output
                0x0000000000010ef5                gpio_hal_arch_no_port_set_pin
                0x0000000000010f15                gpio_hal_arch_no_port_clear_pin
                0x0000000000010f35                gpio_hal_arch_no_port_read_pin
                0x0000000000010f5f                gpio_hal_arch_no_port_write_pin
                0x0000000000010f85                gpio_hal_arch_no_port_set_pins
                0x0000000000010fcf                gpio_hal_arch_no_port_clear_pins
                0x0000000000011019                gpio_hal_arch_no_port_read_pins
                0x0000000000011064                gpio_hal_arch_no_port_write_pins
 .text          0x00000000000110c8       0x94 build/cooja/mtype632.a(buttons.o)
 .text          0x000000000001115c     0x3d71 build/cooja/mtype632.a(mqtt.o)
                0x00000000000147ad                mqtt_init
                0x000000000001487a                mqtt_register
                0x000000000001493e                mqtt_connect
                0x0000000000014a7a                mqtt_disconnect
                0x0000000000014ac7                mqtt_subscribe
                0x0000000000014bb3                mqtt_unsubscribe
                0x0000000000014c8f                mqtt_publish
                0x0000000000014dad                mqtt_set_username_password
                0x0000000000014e5a                mqtt_set_last_will
 .text          0x0000000000014ecd      0x3a3 build/cooja/mtype632.a(contiki-main.o)
                0x0000000000014ecd                main
 .text          0x0000000000015270       0xb3 build/cooja/mtype632.a(autostart.o)
                0x0000000000015270                autostart_start
                0x00000000000152cc                autostart_exit
 .text          0x0000000000015323      0x421 build/cooja/mtype632.a(ctimer.o)
                0x0000000000015481                ctimer_init
                0x00000000000154b2                ctimer_set
                0x00000000000154f2                ctimer_set_with_process
                0x00000000000155a8                ctimer_reset
                0x0000000000015615                ctimer_restart
                0x0000000000015682                ctimer_stop
                0x00000000000156dc                ctimer_expired
 .text          0x0000000000015744      0x4a9 build/cooja/mtype632.a(log.o)
                0x0000000000015744                log_6addr
                0x00000000000157a3                log_6addr_compact_snprint
                0x000000000001587a                log_6addr_compact
                0x00000000000158d9                log_lladdr
                0x0000000000015956                log_lladdr_compact
                0x00000000000159cd                log_set_level
                0x0000000000015ad3                log_get_level
                0x0000000000015b86                log_level_to_str
 .text          0x0000000000015bed       0x19 build/cooja/mtype632.a(energest.o)
                0x0000000000015bed                energest_init
                0x0000000000015bf4                energest_flush
                0x0000000000015bfb                energest_get_total_time
 .text          0x0000000000015c06      0x540 build/cooja/mtype632.a(etimer.o)
                0x0000000000015ea6                etimer_request_poll
                0x0000000000015f50                etimer_set
                0x0000000000015f82                etimer_reset_with_new_interval
                0x0000000000015fb9                etimer_reset
                0x0000000000015fe0                etimer_restart
                0x0000000000016007                etimer_adjust
                0x0000000000016034                etimer_expired
                0x000000000001604f                etimer_expiration_time
                0x000000000001606b                etimer_start_time
                0x000000000001607c                etimer_pending
                0x0000000000016092                etimer_next_expiration_time
                0x00000000000160af                etimer_stop
 .text          0x0000000000016146       0x32 build/cooja/mtype632.a(node-id.o)
                0x0000000000016146                node_id_init
 .text          0x0000000000016178       0xf6 build/cooja/mtype632.a(rtimer.o)
                0x0000000000016178                rtimer_init
                0x0000000000016184                rtimer_set
                0x0000000000016201                rtimer_run_next
 .text          0x000000000001626e      0x641 build/cooja/mtype632.a(process.o)
                0x000000000001626e                process_alloc_event
                0x0000000000016284                process_start
                0x00000000000164e9                process_exit
                0x0000000000016511                process_init
                0x0000000000016701                process_run
                0x0000000000016732                process_nevents
                0x000000000001674e                process_post
                0x0000000000016812                process_post_synch
                0x000000000001685c                process_poll
                0x0000000000016895                process_is_running
 .text          0x00000000000168af       0xf3 build/cooja/mtype632.a(timer.o)
                0x00000000000168af                timer_set
                0x00000000000168dd                timer_reset
                0x0000000000016915                timer_restart
                0x0000000000016933                timer_expired
                0x0000000000016970                timer_remaining
 .text          0x00000000000169a2      0x367 build/cooja/mtype632.a(list.o)
                0x00000000000169a2                list_init
                0x00000000000169b8                list_head
                0x00000000000169c9                list_copy
                0x00000000000169e6                list_tail
                0x0000000000016a2b                list_add
                0x0000000000016a8b                list_push
                0x0000000000016aca                list_chop
                0x0000000000016b53                list_pop
                0x0000000000016b89                list_remove
                0x0000000000016c11                list_length
                0x0000000000016c48                list_insert
                0x0000000000016ca7                list_item_next
                0x0000000000016cc6                list_contains
 .text          0x0000000000016d09      0x4b0 build/cooja/mtype632.a(button-hal.o)
                0x0000000000016eac                button_hal_get_by_id
                0x0000000000016ef6                button_hal_get_by_index
                0x0000000000016f29                button_hal_get_state
                0x0000000000016f88                button_hal_init
 .text          0x00000000000171b9      0x217 build/cooja/mtype632.a(serial-line.o)
                0x00000000000171b9                serial_line_input_byte
                0x000000000001739d                serial_line_init
 .text          0x00000000000173d0      0x164 build/cooja/mtype632.a(gpio-hal.o)
                0x00000000000173d0                gpio_hal_register_handler
                0x00000000000173f5                gpio_hal_event_handler
                0x000000000001745b                gpio_hal_init
                0x0000000000017476                gpio_hal_arch_port_toggle_pin
                0x00000000000174a9                gpio_hal_arch_port_toggle_pins
                0x00000000000174d6                gpio_hal_arch_no_port_toggle_pin
                0x000000000001750c                gpio_hal_arch_no_port_toggle_pins
 .text          0x0000000000017534      0x330 build/cooja/mtype632.a(queuebuf.o)
                0x0000000000017545                queuebuf_init
                0x0000000000017564                queuebuf_numfree
                0x0000000000017576                queuebuf_new_from_packetbuf
                0x000000000001761f                queuebuf_update_attr_from_packetbuf
                0x000000000001765e                queuebuf_update_from_packetbuf
                0x00000000000176b6                queuebuf_free
                0x0000000000017705                queuebuf_to_packetbuf
                0x0000000000017777                queuebuf_dataptr
                0x00000000000177b7                queuebuf_datalen
                0x00000000000177e3                queuebuf_addr
                0x0000000000017826                queuebuf_attr
                0x000000000001785d                queuebuf_debug_print
 .text          0x0000000000017864      0x458 build/cooja/mtype632.a(packetbuf.o)
                0x0000000000017864                packetbuf_clear
                0x000000000001788e                packetbuf_copyfrom
                0x00000000000178e4                packetbuf_copyto
                0x0000000000017987                packetbuf_hdralloc
                0x0000000000017a12                packetbuf_hdrreduce
                0x0000000000017a5e                packetbuf_set_datalen
                0x0000000000017a76                packetbuf_dataptr
                0x0000000000017a98                packetbuf_hdrptr
                0x0000000000017aa5                packetbuf_datalen
                0x0000000000017ab2                packetbuf_hdrlen
                0x0000000000017aca                packetbuf_totlen
                0x0000000000017ae9                packetbuf_remaininglen
                0x0000000000017afd                packetbuf_attr_clear
                0x0000000000017b5d                packetbuf_attr_copyto
                0x0000000000017ba4                packetbuf_attr_copyfrom
                0x0000000000017beb                packetbuf_set_attr
                0x0000000000017c17                packetbuf_attr
                0x0000000000017c34                packetbuf_set_addr
                0x0000000000017c76                packetbuf_addr
                0x0000000000017c9c                packetbuf_holds_broadcast
 .text          0x0000000000017cbc      0x11b build/cooja/mtype632.a(netstack.o)
                0x0000000000017cbc                netstack_process_ip_callback
                0x0000000000017d59                netstack_ip_packet_processor_add
                0x0000000000017d85                uip_ds6_ip_packet_processor_rm
                0x0000000000017daa                netstack_init
 .text          0x0000000000017dd7       0x74 build/cooja/mtype632.a(linkaddr.o)
                0x0000000000017dd7                linkaddr_copy
                0x0000000000017df4                linkaddr_cmp
                0x0000000000017e26                linkaddr_set_node_addr
 .text          0x0000000000017e4b      0x242 build/cooja/mtype632.a(csma.o)
 .text          0x000000000001808d      0xa73 build/cooja/mtype632.a(csma-output.o)
                0x000000000001881c                csma_output_packet
                0x0000000000018ad5                csma_output_init
 .text          0x0000000000018b00      0xe33 build/cooja/mtype632.a(uip-ds6.o)
                0x0000000000018b00                uip_ds6_default_prefix
                0x0000000000018b0d                uip_ds6_set_default_prefix
                0x0000000000018b31                uip_ds6_init
                0x0000000000018dbf                uip_ds6_periodic
                0x0000000000018e5d                uip_ds6_list_loop
                0x0000000000018f42                uip_ds6_prefix_add
                0x000000000001900f                uip_ds6_prefix_rm
                0x0000000000019029                uip_ds6_prefix_lookup
                0x000000000001907c                uip_ds6_is_addr_onlink
                0x000000000001910c                uip_ds6_addr_add
                0x000000000001924d                uip_ds6_addr_rm
                0x0000000000019301                uip_ds6_addr_lookup
                0x000000000001934f                uip_ds6_get_link_local
                0x00000000000193f0                uip_ds6_get_global
                0x0000000000019491                uip_ds6_maddr_add
                0x0000000000019506                uip_ds6_maddr_rm
                0x0000000000019520                uip_ds6_maddr_lookup
                0x0000000000019571                uip_ds6_aaddr_add
                0x00000000000195e6                uip_ds6_aaddr_rm
                0x0000000000019600                uip_ds6_aaddr_lookup
                0x0000000000019651                uip_ds6_select_src
                0x00000000000197d7                uip_ds6_set_addr_iid
                0x000000000001980c                uip_ds6_set_lladdr_from_iid
                0x000000000001983f                get_match_length
                0x00000000000198e9                uip_ds6_compute_reachable_time
 .text          0x0000000000019933      0xb76 build/cooja/mtype632.a(tcp-socket.o)
                0x000000000001a05c                tcp_socket_register
                0x000000000001a120                tcp_socket_connect
                0x000000000001a1dc                tcp_socket_listen
                0x000000000001a265                tcp_socket_unlisten
                0x000000000001a2ed                tcp_socket_send
                0x000000000001a3a7                tcp_socket_send_str
                0x000000000001a3da                tcp_socket_close
                0x000000000001a40b                tcp_socket_unregister
                0x000000000001a470                tcp_socket_max_sendlen
                0x000000000001a494                tcp_socket_queuelen
 .text          0x000000000001a4a9      0x39e build/cooja/mtype632.a(uip-ds6-route.o)
                0x000000000001a4fe                uip_ds6_route_init
                0x000000000001a520                uip_ds6_route_nexthop
                0x000000000001a52f                uip_ds6_route_head
                0x000000000001a53a                uip_ds6_route_next
                0x000000000001a549                uip_ds6_route_is_nexthop
                0x000000000001a558                uip_ds6_route_num_routes
                0x000000000001a563                uip_ds6_route_lookup
                0x000000000001a572                uip_ds6_route_add
                0x000000000001a58a                uip_ds6_route_rm
                0x000000000001a595                uip_ds6_route_rm_by_nexthop
                0x000000000001a5a0                uip_ds6_defrt_head
                0x000000000001a5b5                uip_ds6_defrt_add
                0x000000000001a66e                uip_ds6_defrt_rm
                0x000000000001a6dd                uip_ds6_defrt_lookup
                0x000000000001a750                uip_ds6_defrt_choose
                0x000000000001a7cf                uip_ds6_defrt_periodic
 .text          0x000000000001a847      0xc10 build/cooja/mtype632.a(tcpip.o)
                0x000000000001a873                tcpip_output
                0x000000000001a95f                tcp_connect
                0x000000000001a9c2                tcp_unlisten
                0x000000000001aa2d                tcp_listen
                0x000000000001aa94                tcp_attach
                0x000000000001aabe                udp_attach
                0x000000000001aae8                udp_new
                0x000000000001ab3f                udp_broadcast_new
                0x000000000001ae2c                tcpip_input
                0x000000000001afef                tcpip_ipv6_output
                0x000000000001b245                tcpip_poll_udp
                0x000000000001b26f                tcpip_poll_tcp
                0x000000000001b299                tcpip_uipcall
 .text          0x000000000001b457     0x3880 build/cooja/mtype632.a(uip6.o)
                0x000000000001b457                uip_add32
                0x000000000001b659                uip_chksum
                0x000000000001b73b                uip_icmp6chksum
                0x000000000001b74b                uip_tcpchksum
                0x000000000001b75b                uip_udpchksum
                0x000000000001b76b                uip_init
                0x000000000001b82b                uip_connect
                0x000000000001b9d1                uip_remove_ext_hdr
                0x000000000001bace                uip_udp_new
                0x000000000001bc37                uip_unlisten
                0x000000000001bc82                uip_listen
                0x000000000001bf81                uip_process
                0x000000000001eb66                uip_htons
                0x000000000001eb85                uip_htonl
                0x000000000001ebc9                uip_send
 .text          0x000000000001ecd7      0x3e1 build/cooja/mtype632.a(uip-ds6-nbr.o)
                0x000000000001ecd7                uip_ds6_neighbors_init
                0x000000000001ecfc                uip_ds6_nbr_add
                0x000000000001ed96                uip_ds6_nbr_rm
                0x000000000001edef                uip_ds6_nbr_update_ll
                0x000000000001eef3                uip_ds6_nbr_get_ipaddr
                0x000000000001ef0f                uip_ds6_nbr_get_ll
                0x000000000001ef33                uip_ds6_nbr_num
                0x000000000001ef81                uip_ds6_nbr_head
                0x000000000001ef96                uip_ds6_nbr_next
                0x000000000001efba                uip_ds6_nbr_lookup
                0x000000000001f01f                uip_ds6_nbr_ll_lookup
                0x000000000001f043                uip_ds6_nbr_ipaddr_from_lladdr
                0x000000000001f073                uip_ds6_nbr_lladdr_from_ipaddr
                0x000000000001f0ab                uip_ds6_link_callback
 .text          0x000000000001f0b8      0x826 build/cooja/mtype632.a(uip-nd6.o)
                0x000000000001f8cb                uip_nd6_init
 .text          0x000000000001f8de     0x3380 build/cooja/mtype632.a(sicslowpan.o)
                0x00000000000200a7                netstack_sniffer_add
                0x00000000000200bd                netstack_sniffer_remove
                0x0000000000022c2f                sicslowpan_init
                0x0000000000022c52                sicslowpan_get_last_rssi
 .text          0x0000000000022c5e      0x590 build/cooja/mtype632.a(uiplib.o)
                0x0000000000022c5e                uiplib_ip6addrconv
                0x0000000000022e40                uiplib_ip4addrconv
                0x0000000000022f0e                uiplib_ipaddr_print
                0x0000000000022f6d                uiplib_ipaddr_snprint
 .text          0x00000000000231ee      0x629 build/cooja/mtype632.a(rpl.o)
                0x00000000000231ee                rpl_lollipop_greater_than
                0x000000000002324e                rpl_get_global_address
                0x00000000000233ea                rpl_link_callback
                0x0000000000023450                rpl_has_joined
                0x000000000002347f                rpl_is_reachable
                0x000000000002351d                rpl_reset_prefix
                0x0000000000023590                rpl_set_prefix_from_addr
                0x000000000002369e                rpl_set_prefix
                0x00000000000237f4                rpl_set_leaf_only
                0x000000000002380a                rpl_get_leaf_only
 .text          0x0000000000023817     0x1696 build/cooja/mtype632.a(rpl-icmp6.o)
                0x000000000002399b                rpl_icmp6_update_nbr_table
                0x0000000000023a48                rpl_icmp6_dis_output
                0x0000000000024157                rpl_icmp6_dio_output
                0x0000000000024a7c                rpl_icmp6_dao_output
                0x0000000000024de4                rpl_icmp6_dao_ack_output
                0x0000000000024e76                rpl_icmp6_init
 .text          0x0000000000024ead      0x33f build/cooja/mtype632.a(rpl-dag-root.o)
                0x0000000000024ead                rpl_dag_root_print_links
                0x0000000000025013                rpl_dag_root_set_prefix
                0x000000000002504b                rpl_dag_root_start
                0x00000000000251b0                rpl_dag_root_is_root
 .text          0x00000000000251ec       0x35 build/cooja/mtype632.a(watchdog.o)
                0x00000000000251ec                watchdog_init
                0x00000000000251f3                watchdog_start
                0x00000000000251fa                watchdog_periodic
                0x0000000000025213                watchdog_stop
                0x000000000002521a                watchdog_reboot
 .text          0x0000000000025221       0x51 build/cooja/mtype632.a(int-master.o)
                0x0000000000025221                int_master_enable
                0x0000000000025232                int_master_read_and_disable
                0x000000000002524e                int_master_status_set
                0x0000000000025261                int_master_is_enabled
 .text          0x0000000000025272      0x11a build/cooja/mtype632.a(stimer.o)
                0x0000000000025272                stimer_set
                0x00000000000252a0                stimer_reset
                0x00000000000252d8                stimer_restart
                0x00000000000252f6                stimer_expired
                0x0000000000025337                stimer_remaining
                0x0000000000025369                stimer_elapsed
 .text          0x000000000002538c      0x189 build/cooja/mtype632.a(ringbuf.o)
                0x000000000002538c                ringbuf_init
                0x00000000000253c9                ringbuf_put
                0x0000000000025454                ringbuf_get
                0x00000000000254ce                ringbuf_size
                0x00000000000254e6                ringbuf_elements
 .text          0x0000000000025515      0x206 build/cooja/mtype632.a(memb.o)
                0x0000000000025515                memb_init
                0x0000000000025574                memb_alloc
                0x00000000000255ea                memb_free
                0x0000000000025679                memb_inmemb
                0x00000000000256cc                memb_numfree
 .text          0x000000000002571b       0x2d build/cooja/mtype632.a(assert.o)
                0x000000000002571b                _xassert
 .text          0x0000000000025748      0x9ac build/cooja/mtype632.a(nbr-table.o)
                0x0000000000025cf0                nbr_table_register
                0x0000000000025d7e                nbr_table_is_registered
                0x0000000000025dd1                nbr_table_head
                0x0000000000025e38                nbr_table_next
                0x0000000000025eae                nbr_table_add_lladdr
                0x0000000000025fb1                nbr_table_get_from_lladdr
                0x0000000000026009                nbr_table_remove
                0x0000000000026059                nbr_table_lock
                0x0000000000026087                nbr_table_unlock
                0x00000000000260b5                nbr_table_get_lladdr
 .text          0x00000000000260f4      0x410 build/cooja/mtype632.a(link-stats.o)
                0x00000000000260f4                link_stats_from_lladdr
                0x0000000000026118                link_stats_get_lladdr
                0x000000000002613c                link_stats_is_fresh
                0x0000000000026186                guess_etx_from_rssi
                0x0000000000026207                link_stats_packet_sent
                0x0000000000026345                link_stats_input_callback
                0x0000000000026472                link_stats_reset
                0x00000000000264c9                link_stats_init
 .text          0x0000000000026504      0x1da build/cooja/mtype632.a(mac-sequence.o)
                0x0000000000026504                mac_sequence_is_duplicate
                0x00000000000265e5                mac_sequence_register_seqno
 .text          0x00000000000266de       0x33 build/cooja/mtype632.a(mac.o)
                0x00000000000266de                mac_call_sent_callback
 .text          0x0000000000026711      0x442 build/cooja/mtype632.a(framer-802154.o)
                0x00000000000268a8                framer_802154_setup_params
 .text          0x0000000000026b53      0xc84 build/cooja/mtype632.a(frame802154.o)
                0x0000000000026b81                frame802154_get_pan_id
                0x0000000000026b8e                frame802154_set_pan_id
                0x0000000000026ba6                frame802154_has_panid
                0x0000000000026d81                frame802154_check_dest_panid
                0x0000000000026e1c                frame802154_is_broadcast_addr
                0x0000000000026e6f                frame802154_extract_linkaddr
                0x0000000000027105                frame802154_hdrlen
                0x0000000000027180                frame802154_create_fcf
                0x000000000002724e                frame802154_create
                0x00000000000273f4                frame802154_parse_fcf
                0x00000000000274e7                frame802154_parse
 .text          0x00000000000277d7       0x35 build/cooja/mtype632.a(csma-security.o)
                0x00000000000277d7                csma_security_create_frame
                0x00000000000277f9                csma_security_parse_frame
 .text          0x000000000002780c      0x55f build/cooja/mtype632.a(uipbuf.o)
                0x000000000002780c                uipbuf_clear
                0x000000000002783a                uipbuf_add_ext_hdr
                0x00000000000278ce                uipbuf_set_len
                0x00000000000278fc                uipbuf_set_len_field
                0x000000000002792b                uipbuf_get_len_field
                0x0000000000027952                uipbuf_get_next_header
                0x0000000000027aa5                uipbuf_get_last_header
                0x0000000000027b3a                uipbuf_search_header
                0x0000000000027c05                uipbuf_get_attr
                0x0000000000027c32                uipbuf_set_attr
                0x0000000000027c6e                uipbuf_set_default_attr
                0x0000000000027caa                uipbuf_clear_attr
                0x0000000000027ccb                uipbuf_set_attr_flag
                0x0000000000027cea                uipbuf_clr_attr_flag
                0x0000000000027d0f                uipbuf_is_attr_flag
                0x0000000000027d30                uipbuf_init
 .text          0x0000000000027d6b      0x88f build/cooja/mtype632.a(uip-icmp6.o)
                0x0000000000027de4                uip_icmp6_input
                0x0000000000027e3e                uip_icmp6_register_input_handler
                0x0000000000027fcc                uip_icmp6_error_output
                0x000000000002832f                uip_icmp6_send
                0x0000000000028573                uip_icmp6_echo_reply_callback_add
                0x00000000000285b6                uip_icmp6_echo_reply_callback_rm
                0x00000000000285db                uip_icmp6_init
 .text          0x00000000000285fa      0x78a build/cooja/mtype632.a(uip-sr.o)
                0x00000000000285fa                uip_sr_num_nodes
                0x000000000002869d                uip_sr_get_node
                0x0000000000028701                uip_sr_is_addr_reachable
                0x00000000000287c5                uip_sr_expire_parent
                0x0000000000028824                uip_sr_update_node
                0x0000000000028991                uip_sr_init
                0x00000000000289bd                uip_sr_node_head
                0x00000000000289d2                uip_sr_node_next
                0x00000000000289ec                uip_sr_periodic
                0x0000000000028b0a                uip_sr_free_all
                0x0000000000028b81                uip_sr_link_snprint
 .text          0x0000000000028d84      0x197 build/cooja/mtype632.a(uip-packetqueue)
                0x0000000000028dbc                uip_packetqueue_new
                0x0000000000028dd2                uip_packetqueue_alloc
                0x0000000000028e48                uip_packetqueue_free
                0x0000000000028e99                uip_packetqueue_buf
                0x0000000000028ec1                uip_packetqueue_buflen
                0x0000000000028eec                uip_packetqueue_set_buflen
 .text          0x0000000000028f1b      0x1ea build/cooja/mtype632.a(rpl-nbr-policy.)
                0x00000000000290b3                rpl_nbr_policy_find_removable
 .text          0x0000000000029105      0xaeb build/cooja/mtype632.a(rpl-neighbor.o)
                0x0000000000029194                rpl_neighbor_snprint
                0x00000000000294cb                rpl_neighbor_print_list
                0x000000000002959e                rpl_neighbor_count
                0x0000000000029681                rpl_neighbor_get_from_lladdr
                0x00000000000296a8                rpl_neighbor_is_acceptable_parent
                0x00000000000296f0                rpl_neighbor_get_link_metric
                0x0000000000029738                rpl_neighbor_rank_via_nbr
                0x0000000000029780                rpl_neighbor_get_lladdr
                0x00000000000297a7                rpl_neighbor_get_ipaddr
                0x00000000000297d1                rpl_neighbor_get_link_stats
                0x00000000000297fb                rpl_neighbor_is_fresh
                0x0000000000029825                rpl_neighbor_is_reachable
                0x0000000000029879                rpl_neighbor_is_parent
                0x00000000000298ae                rpl_neighbor_set_preferred_parent
                0x0000000000029961                rpl_neighbor_remove_all
                0x00000000000299c3                rpl_neighbor_get_from_ipaddr
                0x0000000000029af4                rpl_neighbor_select_best
                0x0000000000029bd0                rpl_neighbor_init
 .text          0x0000000000029bf0     0x1172 build/cooja/mtype632.a(rpl-dag.o)
                0x0000000000029bf0                rpl_dag_state_to_str
                0x0000000000029c3d                rpl_dag_get_root_ipaddr
                0x0000000000029c83                rpl_dag_leave
                0x0000000000029d27                rpl_dag_poison_and_leave
                0x0000000000029d41                rpl_dag_periodic
                0x0000000000029e01                rpl_is_addr_in_our_dag
                0x0000000000029e56                rpl_get_default_instance
                0x0000000000029e79                rpl_get_any_dag
                0x0000000000029ede                rpl_refresh_routes
                0x0000000000029f3c                rpl_global_repair
                0x0000000000029ff0                rpl_local_repair
                0x000000000002a04b                rpl_dag_ready_to_advertise
                0x000000000002a09f                rpl_dag_update_state
                0x000000000002a93a                rpl_process_dio
                0x000000000002a9d5                rpl_process_dis
                0x000000000002aa22                rpl_process_dao
                0x000000000002aac7                rpl_process_dao_ack
                0x000000000002ab70                rpl_process_hbh
                0x000000000002abcb                rpl_dag_init_root
                0x000000000002ad42                rpl_dag_init
 .text          0x000000000002ad62      0xc9b build/cooja/mtype632.a(rpl-timers.o)
                0x000000000002ad62                rpl_timers_schedule_periodic_dis
                0x000000000002af2b                rpl_timers_dio_reset
                0x000000000002b0a4                rpl_timers_schedule_unicast_dio
                0x000000000002b26f                rpl_timers_schedule_dao
                0x000000000002b36a                rpl_timers_schedule_dao_ack
                0x000000000002b41e                rpl_timers_notify_dao_ack
                0x000000000002b488                get_probing_delay
                0x000000000002b4d1                get_probing_target
                0x000000000002b711                rpl_schedule_probing
                0x000000000002b74e                rpl_schedule_probing_now
                0x000000000002b7d1                rpl_timers_unschedule_leaving
                0x000000000002b811                rpl_timers_schedule_leaving
                0x000000000002b862                rpl_timers_init
                0x000000000002b903                rpl_timers_stop_dag_timers
                0x000000000002b98c                rpl_timers_unschedule_state_update
                0x000000000002b9b2                rpl_timers_schedule_state_update
 .text          0x000000000002b9fd      0xd8b build/cooja/mtype632.a(rpl-ext-header.)
                0x000000000002b9fd                rpl_ext_header_srh_get_next_hop
                0x000000000002bb07                rpl_ext_header_srh_update
                0x000000000002c14b                rpl_ext_header_hbh_update
                0x000000000002c4e6                rpl_ext_header_update
                0x000000000002c58c                rpl_ext_header_remove
 .text          0x000000000002c788      0x354 build/cooja/mtype632.a(rpl-mrhof.o)
 .text          0x000000000002cadc        0x0 /usr/lib/gcc/x86_64-linux-gnu/7/crtendS.o
 .text          0x000000000002cadc        0x0 /usr/lib/gcc/x86_64-linux-gnu/7/../../../x86_64-linux-gnu/crtn.o
 *(.gnu.warning)

.fini           0x000000000002cadc        0x9
 *(SORT_NONE(.fini))
 .fini          0x000000000002cadc        0x4 /usr/lib/gcc/x86_64-linux-gnu/7/../../../x86_64-linux-gnu/crti.o
                0x000000000002cadc                _fini
 .fini          0x000000000002cae0        0x5 /usr/lib/gcc/x86_64-linux-gnu/7/../../../x86_64-linux-gnu/crtn.o
                [!provide]                        PROVIDE (__etext = .)
                [!provide]                        PROVIDE (_etext = .)
                [!provide]                        PROVIDE (etext = .)

.rodata         0x000000000002cae8      0x893
 *(.rodata .rodata.* .gnu.linkonce.r.*)
 .rodata        0x000000000002cae8      0x2b7 mqtt-client.o
 .rodata        0x000000000002cd9f        0x6 build/cooja/mtype632.a(leds-arch.o)
                0x000000000002cd9f                leds_arch_leds
 .rodata        0x000000000002cda5        0x4 build/cooja/mtype632.a(pir-sensor.o)
 .rodata        0x000000000002cda9        0x6 build/cooja/mtype632.a(rs232.o)
 .rodata        0x000000000002cdaf        0xa build/cooja/mtype632.a(vib-sensor.o)
 *fill*         0x000000000002cdb9        0x7 
 .rodata        0x000000000002cdc0       0x27 build/cooja/mtype632.a(cfs-cooja.o)
 *fill*         0x000000000002cde7        0x1 
 .rodata        0x000000000002cde8       0x68 build/cooja/mtype632.a(cooja-radio.o)
 .rodata        0x000000000002ce50        0x8 build/cooja/mtype632.a(sensors.o)
 .rodata        0x000000000002ce58       0x14 build/cooja/mtype632.a(buttons.o)
                0x000000000002ce64                button_hal_button_count
 .rodata        0x000000000002ce6c       0x14 build/cooja/mtype632.a(mqtt.o)
 .rodata        0x000000000002ce80      0x104 build/cooja/mtype632.a(contiki-main.o)
 .rodata        0x000000000002cf84        0xf build/cooja/mtype632.a(ctimer.o)
 *fill*         0x000000000002cf93        0x1 
 .rodata        0x000000000002cf94       0xc4 build/cooja/mtype632.a(log.o)
 .rodata        0x000000000002d058        0xc build/cooja/mtype632.a(etimer.o)
 .rodata        0x000000000002d064       0x13 build/cooja/mtype632.a(button-hal.o)
 .rodata        0x000000000002d077        0xe build/cooja/mtype632.a(serial-line.o)
 *fill*         0x000000000002d085        0x3 
 .rodata        0x000000000002d088        0x8 build/cooja/mtype632.a(linkaddr.o)
                0x000000000002d088                linkaddr_null
 .rodata        0x000000000002d090        0x5 build/cooja/mtype632.a(csma.o)
 *fill*         0x000000000002d095        0x3 
 .rodata        0x000000000002d098       0x2a build/cooja/mtype632.a(csma-output.o)
 .rodata        0x000000000002d0c2       0x13 build/cooja/mtype632.a(tcp-socket.o)
 *fill*         0x000000000002d0d5        0x3 
 .rodata        0x000000000002d0d8       0x4d build/cooja/mtype632.a(uip-ds6-route.o)
 .rodata        0x000000000002d125        0xd build/cooja/mtype632.a(tcpip.o)
 *fill*         0x000000000002d132        0x2 
 .rodata        0x000000000002d134       0x48 build/cooja/mtype632.a(uip6.o)
 .rodata        0x000000000002d17c       0x1d build/cooja/mtype632.a(sicslowpan.o)
                0x000000000002d17c                unc_llconf
                0x000000000002d180                unc_ctxconf
                0x000000000002d184                unc_mxconf
                0x000000000002d188                llprefix
 .rodata        0x000000000002d199       0x2d build/cooja/mtype632.a(uiplib.o)
 .rodata        0x000000000002d1c6        0x9 build/cooja/mtype632.a(rpl.o)
 *fill*         0x000000000002d1cf        0x1 
 .rodata        0x000000000002d1d0       0x25 build/cooja/mtype632.a(assert.o)
 .rodata        0x000000000002d1f5       0x44 build/cooja/mtype632.a(uip-sr.o)
 *fill*         0x000000000002d239        0x7 
 .rodata        0x000000000002d240       0x58 build/cooja/mtype632.a(rpl-neighbor.o)
 .rodata        0x000000000002d298       0xd7 build/cooja/mtype632.a(rpl-dag.o)
 .rodata        0x000000000002d36f        0xc build/cooja/mtype632.a(rpl-timers.o)

.rodata1
 *(.rodata1)

.eh_frame_hdr   0x000000000002d37c     0x17f4
 *(.eh_frame_hdr)
 .eh_frame_hdr  0x000000000002d37c     0x17f4 mqtt-client.o
                0x000000000002d37c                __GNU_EH_FRAME_HDR
 *(.eh_frame_entry .eh_frame_entry.*)

.eh_frame       0x000000000002eb70     0x604c
 *(.eh_frame)
 .eh_frame      0x000000000002eb70       0x40 /usr/lib/gcc/x86_64-linux-gnu/7/../../../x86_64-linux-gnu/crti.o
 .eh_frame      0x000000000002ebb0       0x18 /usr/lib/gcc/x86_64-linux-gnu/7/../../../x86_64-linux-gnu/crti.o
                                         0x30 (size before relaxing)
 .eh_frame      0x000000000002ebc8       0xa8 mqtt-client.o
                                         0xc0 (size before relaxing)
 .eh_frame      0x000000000002ec70      0x178 build/cooja/mtype632.o
                                        0x190 (size before relaxing)
 .eh_frame      0x000000000002ede8       0x40 build/cooja/mtype632.a(simEnvChange.o)
                                         0x58 (size before relaxing)
 .eh_frame      0x000000000002ee28       0x60 build/cooja/mtype632.a(cooja_mt.o)
                                         0x78 (size before relaxing)
 .eh_frame      0x000000000002ee88       0x80 build/cooja/mtype632.a(cooja_mtarch.o)
                                         0x98 (size before relaxing)
 .eh_frame      0x000000000002ef08       0xc0 build/cooja/mtype632.a(rtimer-arch.o)
                                         0xd8 (size before relaxing)
 .eh_frame      0x000000000002efc8      0x160 build/cooja/mtype632.a(beep.o)
                                        0x178 (size before relaxing)
 .eh_frame      0x000000000002f128       0x80 build/cooja/mtype632.a(leds-arch.o)
                                         0x98 (size before relaxing)
 .eh_frame      0x000000000002f1a8       0x40 build/cooja/mtype632.a(moteid.o)
                                         0x58 (size before relaxing)
 .eh_frame      0x000000000002f1e8       0xa0 build/cooja/mtype632.a(pir-sensor.o)
                                         0xb8 (size before relaxing)
 .eh_frame      0x000000000002f288      0x100 build/cooja/mtype632.a(rs232.o)
                                        0x118 (size before relaxing)
 .eh_frame      0x000000000002f388       0xa0 build/cooja/mtype632.a(vib-sensor.o)
                                         0xb8 (size before relaxing)
 .eh_frame      0x000000000002f428       0xc0 build/cooja/mtype632.a(clock.o)
                                         0xd8 (size before relaxing)
 .eh_frame      0x000000000002f4e8      0x128 build/cooja/mtype632.a(cooja-log.o)
                                        0x140 (size before relaxing)
 .eh_frame      0x000000000002f610      0x160 build/cooja/mtype632.a(cfs-cooja.o)
                                        0x178 (size before relaxing)
 .eh_frame      0x000000000002f770      0x340 build/cooja/mtype632.a(cooja-radio.o)
                                        0x358 (size before relaxing)
 .eh_frame      0x000000000002fab0       0xa0 build/cooja/mtype632.a(eeprom.o)
                                         0xb8 (size before relaxing)
 .eh_frame      0x000000000002fb50       0x40 build/cooja/mtype632.a(random.o)
                                         0x58 (size before relaxing)
 .eh_frame      0x000000000002fb90       0xc0 build/cooja/mtype632.a(sensors.o)
                                         0xd8 (size before relaxing)
 .eh_frame      0x000000000002fc50      0x120 build/cooja/mtype632.a(leds.o)
                                        0x138 (size before relaxing)
 .eh_frame      0x000000000002fd70      0x220 build/cooja/mtype632.a(gpio-hal-arch.o)
                                        0x238 (size before relaxing)
 .eh_frame      0x000000000002ff90       0xa0 build/cooja/mtype632.a(buttons.o)
                                         0xb8 (size before relaxing)
 .eh_frame      0x0000000000030030      0x4a0 build/cooja/mtype632.a(mqtt.o)
                                        0x4b8 (size before relaxing)
 .eh_frame      0x00000000000304d0       0x20 build/cooja/mtype632.a(contiki-main.o)
                                         0x38 (size before relaxing)
 .eh_frame      0x00000000000304f0       0x40 build/cooja/mtype632.a(autostart.o)
                                         0x58 (size before relaxing)
 .eh_frame      0x0000000000030530      0x100 build/cooja/mtype632.a(ctimer.o)
                                        0x118 (size before relaxing)
 .eh_frame      0x0000000000030630      0x100 build/cooja/mtype632.a(log.o)
                                        0x118 (size before relaxing)
 .eh_frame      0x0000000000030730       0x60 build/cooja/mtype632.a(energest.o)
                                         0x78 (size before relaxing)
 .eh_frame      0x0000000000030790      0x1e0 build/cooja/mtype632.a(etimer.o)
                                        0x1f8 (size before relaxing)
 .eh_frame      0x0000000000030970       0x20 build/cooja/mtype632.a(node-id.o)
                                         0x38 (size before relaxing)
 .eh_frame      0x0000000000030990       0x60 build/cooja/mtype632.a(rtimer.o)
                                         0x78 (size before relaxing)
 .eh_frame      0x00000000000309f0      0x1c8 build/cooja/mtype632.a(process.o)
                                        0x1e0 (size before relaxing)
 .eh_frame      0x0000000000030bb8       0xa0 build/cooja/mtype632.a(timer.o)
                                         0xb8 (size before relaxing)
 .eh_frame      0x0000000000030c58      0x1a0 build/cooja/mtype632.a(list.o)
                                        0x1b8 (size before relaxing)
 .eh_frame      0x0000000000030df8      0x140 build/cooja/mtype632.a(button-hal.o)
                                        0x158 (size before relaxing)
 .eh_frame      0x0000000000030f38       0x60 build/cooja/mtype632.a(serial-line.o)
                                         0x78 (size before relaxing)
 .eh_frame      0x0000000000030f98       0xe0 build/cooja/mtype632.a(gpio-hal.o)
                                         0xf8 (size before relaxing)
 .eh_frame      0x0000000000031078      0x1a0 build/cooja/mtype632.a(queuebuf.o)
                                        0x1b8 (size before relaxing)
 .eh_frame      0x0000000000031218      0x288 build/cooja/mtype632.a(packetbuf.o)
                                        0x2a0 (size before relaxing)
 .eh_frame      0x00000000000314a0       0x80 build/cooja/mtype632.a(netstack.o)
                                         0x98 (size before relaxing)
 .eh_frame      0x0000000000031520       0x60 build/cooja/mtype632.a(linkaddr.o)
                                         0x78 (size before relaxing)
 .eh_frame      0x0000000000031580       0xe0 build/cooja/mtype632.a(csma.o)
                                         0xf8 (size before relaxing)
 .eh_frame      0x0000000000031660      0x1c8 build/cooja/mtype632.a(csma-output.o)
                                        0x1e0 (size before relaxing)
 .eh_frame      0x0000000000031828      0x328 build/cooja/mtype632.a(uip-ds6.o)
                                        0x340 (size before relaxing)
 .eh_frame      0x0000000000031b50      0x248 build/cooja/mtype632.a(tcp-socket.o)
                                        0x260 (size before relaxing)
 .eh_frame      0x0000000000031d98      0x220 build/cooja/mtype632.a(uip-ds6-route.o)
                                        0x238 (size before relaxing)
 .eh_frame      0x0000000000031fb8      0x308 build/cooja/mtype632.a(tcpip.o)
                                        0x320 (size before relaxing)
 .eh_frame      0x00000000000322c0      0x2b0 build/cooja/mtype632.a(uip6.o)
                                        0x2c8 (size before relaxing)
 .eh_frame      0x0000000000032570      0x1c0 build/cooja/mtype632.a(uip-ds6-nbr.o)
                                        0x1d8 (size before relaxing)
 .eh_frame      0x0000000000032730       0x80 build/cooja/mtype632.a(uip-nd6.o)
                                         0x98 (size before relaxing)
 .eh_frame      0x00000000000327b0      0x2e0 build/cooja/mtype632.a(sicslowpan.o)
                                        0x2f8 (size before relaxing)
 .eh_frame      0x0000000000032a90       0x80 build/cooja/mtype632.a(uiplib.o)
                                         0x98 (size before relaxing)
 .eh_frame      0x0000000000032b10      0x1e0 build/cooja/mtype632.a(rpl.o)
                                        0x1f8 (size before relaxing)
 .eh_frame      0x0000000000032cf0      0x1c0 build/cooja/mtype632.a(rpl-icmp6.o)
                                        0x1d8 (size before relaxing)
 .eh_frame      0x0000000000032eb0       0xa0 build/cooja/mtype632.a(rpl-dag-root.o)
                                         0xb8 (size before relaxing)
 .eh_frame      0x0000000000032f50       0xa0 build/cooja/mtype632.a(watchdog.o)
                                         0xb8 (size before relaxing)
 .eh_frame      0x0000000000032ff0       0x80 build/cooja/mtype632.a(int-master.o)
                                         0x98 (size before relaxing)
 .eh_frame      0x0000000000033070       0xc0 build/cooja/mtype632.a(stimer.o)
                                         0xd8 (size before relaxing)
 .eh_frame      0x0000000000033130       0xa0 build/cooja/mtype632.a(ringbuf.o)
                                         0xb8 (size before relaxing)
 .eh_frame      0x00000000000331d0       0xa0 build/cooja/mtype632.a(memb.o)
                                         0xb8 (size before relaxing)
 .eh_frame      0x0000000000033270       0x20 build/cooja/mtype632.a(assert.o)
                                         0x38 (size before relaxing)
 .eh_frame      0x0000000000033290      0x2a0 build/cooja/mtype632.a(nbr-table.o)
                                        0x2b8 (size before relaxing)
 .eh_frame      0x0000000000033530      0x120 build/cooja/mtype632.a(link-stats.o)
                                        0x138 (size before relaxing)
 .eh_frame      0x0000000000033650       0x48 build/cooja/mtype632.a(mac-sequence.o)
                                         0x60 (size before relaxing)
 .eh_frame      0x0000000000033698       0x20 build/cooja/mtype632.a(mac.o)
                                         0x38 (size before relaxing)
 .eh_frame      0x00000000000336b8       0xa8 build/cooja/mtype632.a(framer-802154.o)
                                         0xc0 (size before relaxing)
 .eh_frame      0x0000000000033760      0x1a8 build/cooja/mtype632.a(frame802154.o)
                                        0x1c0 (size before relaxing)
 .eh_frame      0x0000000000033908       0x40 build/cooja/mtype632.a(csma-security.o)
                                         0x58 (size before relaxing)
 .eh_frame      0x0000000000033948      0x200 build/cooja/mtype632.a(uipbuf.o)
                                        0x218 (size before relaxing)
 .eh_frame      0x0000000000033b48      0x148 build/cooja/mtype632.a(uip-icmp6.o)
                                        0x160 (size before relaxing)
 .eh_frame      0x0000000000033c90      0x180 build/cooja/mtype632.a(uip-sr.o)
                                        0x198 (size before relaxing)
 .eh_frame      0x0000000000033e10       0xe0 build/cooja/mtype632.a(uip-packetqueue)
                                         0xf8 (size before relaxing)
 .eh_frame      0x0000000000033ef0       0x80 build/cooja/mtype632.a(rpl-nbr-policy.)
                                         0x98 (size before relaxing)
 .eh_frame      0x0000000000033f70      0x2d0 build/cooja/mtype632.a(rpl-neighbor.o)
                                        0x2e8 (size before relaxing)
 .eh_frame      0x0000000000034240      0x360 build/cooja/mtype632.a(rpl-dag.o)
                                        0x378 (size before relaxing)
 .eh_frame      0x00000000000345a0      0x3a8 build/cooja/mtype632.a(rpl-timers.o)
                                        0x3c0 (size before relaxing)
 .eh_frame      0x0000000000034948      0x128 build/cooja/mtype632.a(rpl-ext-header.)
                                        0x140 (size before relaxing)
 .eh_frame      0x0000000000034a70      0x148 build/cooja/mtype632.a(rpl-mrhof.o)
                                        0x160 (size before relaxing)
 .eh_frame      0x0000000000034bb8        0x4 /usr/lib/gcc/x86_64-linux-gnu/7/crtendS.o
 *(.eh_frame.*)

.gcc_except_table
 *(.gcc_except_table .gcc_except_table.*)

.gnu_extab
 *(.gnu_extab*)

.exception_ranges
 *(.exception_ranges .exception_ranges*)
                0x00000000002356f0                . = DATA_SEGMENT_ALIGN (CONSTANT (MAXPAGESIZE), CONSTANT (COMMONPAGESIZE))

.eh_frame
 *(.eh_frame)
 *(.eh_frame.*)

.gnu_extab
 *(.gnu_extab)

.gcc_except_table
 *(.gcc_except_table .gcc_except_table.*)

.exception_ranges
 *(.exception_ranges .exception_ranges*)

.tdata
 *(.tdata .tdata.* .gnu.linkonce.td.*)

.tbss
 *(.tbss .tbss.* .gnu.linkonce.tb.*)
 *(.tcommon)

.preinit_array
 *(.preinit_array)

.init_array     0x00000000002356f0        0x8
 *(SORT_BY_INIT_PRIORITY(.init_array.*) SORT_BY_INIT_PRIORITY(.ctors.*))
 *(.init_array EXCLUDE_FILE(*crtend?.o *crtend.o *crtbegin?.o *crtbegin.o) .ctors)
 .init_array    0x00000000002356f0        0x8 /usr/lib/gcc/x86_64-linux-gnu/7/crtbeginS.o

.fini_array     0x00000000002356f8        0x8
 *(SORT_BY_INIT_PRIORITY(.fini_array.*) SORT_BY_INIT_PRIORITY(.dtors.*))
 *(.fini_array EXCLUDE_FILE(*crtend?.o *crtend.o *crtbegin?.o *crtbegin.o) .dtors)
 .fini_array    0x00000000002356f8        0x8 /usr/lib/gcc/x86_64-linux-gnu/7/crtbeginS.o

.ctors
 *crtbegin.o(.ctors)
 *crtbegin?.o(.ctors)
 *(EXCLUDE_FILE(*crtend?.o *crtend.o) .ctors)
 *(SORT_BY_NAME(.ctors.*))
 *(.ctors)

.dtors
 *crtbegin.o(.dtors)
 *crtbegin?.o(.dtors)
 *(EXCLUDE_FILE(*crtend?.o *crtend.o) .dtors)
 *(SORT_BY_NAME(.dtors.*))
 *(.dtors)

.jcr
 *(.jcr)

.data.rel.ro    0x0000000000235700      0x350
 *(.data.rel.ro.local* .gnu.linkonce.d.rel.ro.local.*)
 .data.rel.ro.local
                0x0000000000235700       0x10 build/cooja/mtype632.a(beep.o)
                0x0000000000235700                beep_interface
 .data.rel.ro.local
                0x0000000000235710       0x10 build/cooja/mtype632.a(leds-arch.o)
                0x0000000000235710                leds_interface
 .data.rel.ro.local
                0x0000000000235720       0x10 build/cooja/mtype632.a(moteid.o)
                0x0000000000235720                moteid_interface
 *fill*         0x0000000000235730       0x10 
 .data.rel.ro.local
                0x0000000000235740       0x40 build/cooja/mtype632.a(pir-sensor.o)
                0x0000000000235740                pir_interface
                0x0000000000235760                pir_sensor
 .data.rel.ro.local
                0x0000000000235780       0x10 build/cooja/mtype632.a(rs232.o)
                0x0000000000235780                rs232_interface
 *fill*         0x0000000000235790       0x10 
 .data.rel.ro.local
                0x00000000002357a0       0x40 build/cooja/mtype632.a(vib-sensor.o)
                0x00000000002357a0                vib_interface
                0x00000000002357c0                vib_sensor
 .data.rel.ro.local
                0x00000000002357e0       0x10 build/cooja/mtype632.a(clock.o)
                0x00000000002357e0                clock_interface
 .data.rel.ro.local
                0x00000000002357f0       0x10 build/cooja/mtype632.a(cooja-log.o)
                0x00000000002357f0                simlog_interface
 .data.rel.ro.local
                0x0000000000235800       0x10 build/cooja/mtype632.a(cfs-cooja.o)
                0x0000000000235800                cfs_interface
 *fill*         0x0000000000235810       0x10 
 .data.rel.ro.local
                0x0000000000235820       0x90 build/cooja/mtype632.a(cooja-radio.o)
                0x0000000000235820                radio_interface
                0x0000000000235840                cooja_radio_driver
 .data.rel.ro.local
                0x00000000002358b0       0x10 build/cooja/mtype632.a(eeprom.o)
                0x00000000002358b0                eeprom_interface
 .data.rel.ro.local
                0x00000000002358c0       0x40 build/cooja/mtype632.a(buttons.o)
                0x00000000002358c0                button_interface
                0x00000000002358e0                button_sensor
 .data.rel.ro.local
                0x0000000000235900       0x38 build/cooja/mtype632.a(csma.o)
                0x0000000000235900                csma_driver
 *fill*         0x0000000000235938        0x8 
 .data.rel.ro.local
                0x0000000000235940       0x18 build/cooja/mtype632.a(framer-802154.o)
                0x0000000000235940                framer_802154
 *(.data.rel.ro .data.rel.ro.* .gnu.linkonce.d.rel.ro.*)
 .data.rel.ro   0x0000000000235958        0x0 /usr/lib/gcc/x86_64-linux-gnu/7/../../../x86_64-linux-gnu/crti.o
 *fill*         0x0000000000235958        0x8 
 .data.rel.ro   0x0000000000235960       0x10 mqtt-client.o
                0x0000000000235960                autostart_processes
 *fill*         0x0000000000235970       0x10 
 .data.rel.ro   0x0000000000235980       0x20 build/cooja/mtype632.a(sicslowpan.o)
                0x0000000000235980                sicslowpan_driver
 .data.rel.ro   0x00000000002359a0       0xa8 build/cooja/mtype632.a(rpl.o)
                0x00000000002359a0                rpl_lite_driver
 .data.rel.ro   0x0000000000235a48        0x8 build/cooja/mtype632.a(rpl-dag.o)

.dynamic        0x0000000000235a50      0x1c0
 *(.dynamic)
 .dynamic       0x0000000000235a50      0x1c0 /usr/lib/gcc/x86_64-linux-gnu/7/../../../x86_64-linux-gnu/crti.o
                0x0000000000235a50                _DYNAMIC

.got            0x0000000000235c10      0x3e8
 *(.got)
 .got           0x0000000000235c10      0x3e8 /usr/lib/gcc/x86_64-linux-gnu/7/../../../x86_64-linux-gnu/crti.o
 *(.igot)
                0x0000000000236fe8                . = DATA_SEGMENT_RELRO_END (., (SIZEOF (.got.plt) >= 0x18)?0x18:0x0)

.got.plt        0x0000000000236000      0xb78
 *(.got.plt)
 .got.plt       0x0000000000236000      0xb78 /usr/lib/gcc/x86_64-linux-gnu/7/../../../x86_64-linux-gnu/crti.o
                0x0000000000236000                _GLOBAL_OFFSET_TABLE_
 *(.igot.plt)

.data           0x0000000000236b80      0x808
 *(.data .data.* .gnu.linkonce.d.*)
 .data          0x0000000000236b80        0x0 /usr/lib/gcc/x86_64-linux-gnu/7/../../../x86_64-linux-gnu/crti.o
 .data          0x0000000000236b80        0x0 /usr/lib/gcc/x86_64-linux-gnu/7/crtbeginS.o
 .data.rel.local
                0x0000000000236b80        0x8 /usr/lib/gcc/x86_64-linux-gnu/7/crtbeginS.o
                0x0000000000236b80                __dso_handle
 .data          0x0000000000236b88        0x4 mqtt-client.o
 *fill*         0x0000000000236b8c       0x14 
 .data.rel.local
                0x0000000000236ba0       0x40 mqtt-client.o
                0x0000000000236bc0                mqtt_client_process
 .data          0x0000000000236be0        0x0 build/cooja/mtype632.o
 .data.rel      0x0000000000236be0       0xa0 build/cooja/mtype632.o
                0x0000000000236be0                simInterfaces
                0x0000000000236c60                sensors
 .data          0x0000000000236c80        0x0 build/cooja/mtype632.a(simEnvChange.o)
 .data          0x0000000000236c80        0x0 build/cooja/mtype632.a(cooja_mt.o)
 .data          0x0000000000236c80        0x0 build/cooja/mtype632.a(cooja_mtarch.o)
 .data          0x0000000000236c80        0x0 build/cooja/mtype632.a(rtimer-arch.o)
 .data          0x0000000000236c80        0x0 build/cooja/mtype632.a(beep.o)
 .data          0x0000000000236c80        0x0 build/cooja/mtype632.a(leds-arch.o)
 .data          0x0000000000236c80        0x0 build/cooja/mtype632.a(moteid.o)
 .data          0x0000000000236c80        0x0 build/cooja/mtype632.a(pir-sensor.o)
 .data          0x0000000000236c80        0x0 build/cooja/mtype632.a(rs232.o)
 .data          0x0000000000236c80        0x0 build/cooja/mtype632.a(vib-sensor.o)
 .data          0x0000000000236c80        0x0 build/cooja/mtype632.a(clock.o)
 .data          0x0000000000236c80        0x0 build/cooja/mtype632.a(cooja-log.o)
 .data          0x0000000000236c80        0x0 build/cooja/mtype632.a(cfs-cooja.o)
 .data          0x0000000000236c80       0x1c build/cooja/mtype632.a(cooja-radio.o)
                0x0000000000236c80                simRadioHWOn
                0x0000000000236c84                simSignalStrength
                0x0000000000236c88                simLastSignalStrength
                0x0000000000236c8c                simPower
                0x0000000000236c90                simRadioChannel
                0x0000000000236c94                simLQI
 *fill*         0x0000000000236c9c        0x4 
 .data.rel.local
                0x0000000000236ca0       0x20 build/cooja/mtype632.a(cooja-radio.o)
                0x0000000000236ca0                cooja_radio_process
 .data          0x0000000000236cc0        0x0 build/cooja/mtype632.a(eeprom.o)
 .data          0x0000000000236cc0        0x0 build/cooja/mtype632.a(random.o)
 .data          0x0000000000236cc0        0x0 build/cooja/mtype632.a(sensors.o)
 .data.rel.local
                0x0000000000236cc0       0x20 build/cooja/mtype632.a(sensors.o)
                0x0000000000236cc0                sensors_process
 .data          0x0000000000236ce0        0x0 build/cooja/mtype632.a(leds.o)
 .data          0x0000000000236ce0        0x0 build/cooja/mtype632.a(gpio-hal-arch.o)
 .data          0x0000000000236ce0        0x1 build/cooja/mtype632.a(buttons.o)
                0x0000000000236ce0                simButtonIsActive
 *fill*         0x0000000000236ce1       0x1f 
 .data.rel.local
                0x0000000000236d00       0xb0 build/cooja/mtype632.a(buttons.o)
                0x0000000000236da0                button_hal_buttons
 .data          0x0000000000236db0        0x0 build/cooja/mtype632.a(mqtt.o)
 *fill*         0x0000000000236db0       0x10 
 .data.rel.local
                0x0000000000236dc0       0x40 build/cooja/mtype632.a(mqtt.o)
                0x0000000000236de0                mqtt_process
 .data          0x0000000000236e00        0x0 build/cooja/mtype632.a(contiki-main.o)
 .data          0x0000000000236e00        0x0 build/cooja/mtype632.a(autostart.o)
 .data          0x0000000000236e00        0x0 build/cooja/mtype632.a(ctimer.o)
 .data.rel.local
                0x0000000000236e00       0x40 build/cooja/mtype632.a(ctimer.o)
                0x0000000000236e20                ctimer_process
 .data          0x0000000000236e40        0x4 build/cooja/mtype632.a(log.o)
                0x0000000000236e40                curr_log_level_main
 *fill*         0x0000000000236e44       0x1c 
 .data.rel      0x0000000000236e60      0x138 build/cooja/mtype632.a(log.o)
                0x0000000000236e60                all_modules
 .data          0x0000000000236f98        0x0 build/cooja/mtype632.a(energest.o)
 .data          0x0000000000236f98        0x0 build/cooja/mtype632.a(etimer.o)
 *fill*         0x0000000000236f98        0x8 
 .data.rel.local
                0x0000000000236fa0       0x20 build/cooja/mtype632.a(etimer.o)
                0x0000000000236fa0                etimer_process
 .data          0x0000000000236fc0        0x0 build/cooja/mtype632.a(node-id.o)
 .data          0x0000000000236fc0        0x0 build/cooja/mtype632.a(rtimer.o)
 .data          0x0000000000236fc0        0x0 build/cooja/mtype632.a(process.o)
 .data          0x0000000000236fc0        0x0 build/cooja/mtype632.a(timer.o)
 .data          0x0000000000236fc0        0x0 build/cooja/mtype632.a(list.o)
 .data          0x0000000000236fc0        0x0 build/cooja/mtype632.a(button-hal.o)
 .data.rel.local
                0x0000000000236fc0       0x20 build/cooja/mtype632.a(button-hal.o)
                0x0000000000236fc0                button_hal_process
 .data          0x0000000000236fe0        0x0 build/cooja/mtype632.a(serial-line.o)
 .data.rel.local
                0x0000000000236fe0       0x20 build/cooja/mtype632.a(serial-line.o)
                0x0000000000236fe0                serial_line_process
 .data          0x0000000000237000        0x0 build/cooja/mtype632.a(gpio-hal.o)
 .data.rel.local
                0x0000000000237000        0x8 build/cooja/mtype632.a(gpio-hal.o)
 .data          0x0000000000237008        0x0 build/cooja/mtype632.a(queuebuf.o)
 *fill*         0x0000000000237008        0x8 
 .data.rel.local
                0x0000000000237010       0x38 build/cooja/mtype632.a(queuebuf.o)
 .data          0x0000000000237048        0x0 build/cooja/mtype632.a(packetbuf.o)
 .data.rel.local
                0x0000000000237048        0x8 build/cooja/mtype632.a(packetbuf.o)
 .data          0x0000000000237050        0x0 build/cooja/mtype632.a(netstack.o)
 .data.rel.local
                0x0000000000237050        0x8 build/cooja/mtype632.a(netstack.o)
 .data          0x0000000000237058        0x0 build/cooja/mtype632.a(linkaddr.o)
 .data          0x0000000000237058        0x0 build/cooja/mtype632.a(csma.o)
 .data          0x0000000000237058        0x0 build/cooja/mtype632.a(csma-output.o)
 *fill*         0x0000000000237058        0x8 
 .data.rel.local
                0x0000000000237060       0x60 build/cooja/mtype632.a(csma-output.o)
 .data          0x00000000002370c0        0x0 build/cooja/mtype632.a(uip-ds6.o)
 .data          0x00000000002370c0        0x0 build/cooja/mtype632.a(tcp-socket.o)
 .data.rel.local
                0x00000000002370c0       0x40 build/cooja/mtype632.a(tcp-socket.o)
                0x00000000002370e0                tcp_socket_process
 .data          0x0000000000237100        0x0 build/cooja/mtype632.a(uip-ds6-route.o)
 .data.rel.local
                0x0000000000237100       0x28 build/cooja/mtype632.a(uip-ds6-route.o)
 .data          0x0000000000237128        0x0 build/cooja/mtype632.a(tcpip.o)
 *fill*         0x0000000000237128       0x18 
 .data.rel.local
                0x0000000000237140       0x20 build/cooja/mtype632.a(tcpip.o)
                0x0000000000237140                tcpip_process
 .data          0x0000000000237160        0x0 build/cooja/mtype632.a(uip6.o)
 .data          0x0000000000237160        0x0 build/cooja/mtype632.a(uip-ds6-nbr.o)
 .data.rel.local
                0x0000000000237160       0x20 build/cooja/mtype632.a(uip-ds6-nbr.o)
 .data          0x0000000000237180        0x0 build/cooja/mtype632.a(uip-nd6.o)
 .data.rel.local
                0x0000000000237180       0x18 build/cooja/mtype632.a(uip-nd6.o)
 .data          0x0000000000237198        0x0 build/cooja/mtype632.a(sicslowpan.o)
 .data          0x0000000000237198        0x0 build/cooja/mtype632.a(uiplib.o)
 .data          0x0000000000237198        0x0 build/cooja/mtype632.a(rpl.o)
 .data          0x0000000000237198        0x0 build/cooja/mtype632.a(rpl-icmp6.o)
 *fill*         0x0000000000237198        0x8 
 .data.rel.local
                0x00000000002371a0       0x78 build/cooja/mtype632.a(rpl-icmp6.o)
 .data          0x0000000000237218        0x0 build/cooja/mtype632.a(rpl-dag-root.o)
 .data          0x0000000000237218        0x0 build/cooja/mtype632.a(watchdog.o)
 .data          0x0000000000237218        0x0 build/cooja/mtype632.a(int-master.o)
 .data          0x0000000000237218        0x0 build/cooja/mtype632.a(stimer.o)
 .data          0x0000000000237218        0x0 build/cooja/mtype632.a(ringbuf.o)
 .data          0x0000000000237218        0x0 build/cooja/mtype632.a(memb.o)
 .data          0x0000000000237218        0x0 build/cooja/mtype632.a(assert.o)
 .data          0x0000000000237218        0x0 build/cooja/mtype632.a(nbr-table.o)
 *fill*         0x0000000000237218        0x8 
 .data.rel.local
                0x0000000000237220       0x20 build/cooja/mtype632.a(nbr-table.o)
 .data          0x0000000000237240        0x0 build/cooja/mtype632.a(link-stats.o)
 .data.rel.local
                0x0000000000237240       0x20 build/cooja/mtype632.a(link-stats.o)
 .data          0x0000000000237260        0x0 build/cooja/mtype632.a(mac-sequence.o)
 .data          0x0000000000237260        0x0 build/cooja/mtype632.a(mac.o)
 .data          0x0000000000237260        0x0 build/cooja/mtype632.a(framer-802154.o)
 .data          0x0000000000237260        0x2 build/cooja/mtype632.a(frame802154.o)
 .data          0x0000000000237262        0x0 build/cooja/mtype632.a(csma-security.o)
 .data          0x0000000000237262        0x0 build/cooja/mtype632.a(uipbuf.o)
 .data          0x0000000000237262        0x0 build/cooja/mtype632.a(uip-icmp6.o)
 *fill*         0x0000000000237262        0xe 
 .data.rel.local
                0x0000000000237270       0x48 build/cooja/mtype632.a(uip-icmp6.o)
 .data          0x00000000002372b8        0x0 build/cooja/mtype632.a(uip-sr.o)
 *fill*         0x00000000002372b8        0x8 
 .data.rel.local
                0x00000000002372c0       0x28 build/cooja/mtype632.a(uip-sr.o)
 .data          0x00000000002372e8        0x0 build/cooja/mtype632.a(uip-packetqueue)
 *fill*         0x00000000002372e8        0x8 
 .data.rel.local
                0x00000000002372f0       0x18 build/cooja/mtype632.a(uip-packetqueue)
 .data          0x0000000000237308        0x0 build/cooja/mtype632.a(rpl-nbr-policy.)
 .data          0x0000000000237308        0x0 build/cooja/mtype632.a(rpl-neighbor.o)
 *fill*         0x0000000000237308        0x8 
 .data.rel.local
                0x0000000000237310       0x20 build/cooja/mtype632.a(rpl-neighbor.o)
                0x0000000000237328                rpl_neighbors
 .data          0x0000000000237330        0x0 build/cooja/mtype632.a(rpl-dag.o)
 .data          0x0000000000237330        0x0 build/cooja/mtype632.a(rpl-timers.o)
 .data          0x0000000000237330        0x0 build/cooja/mtype632.a(rpl-ext-header.)
 .data          0x0000000000237330        0x0 build/cooja/mtype632.a(rpl-mrhof.o)
 *fill*         0x0000000000237330       0x10 
 .data.rel.local
                0x0000000000237340       0x48 build/cooja/mtype632.a(rpl-mrhof.o)
                0x0000000000237340                rpl_mrhof
 .data          0x0000000000237388        0x0 /usr/lib/gcc/x86_64-linux-gnu/7/crtendS.o
 .data          0x0000000000237388        0x0 /usr/lib/gcc/x86_64-linux-gnu/7/../../../x86_64-linux-gnu/crtn.o

.tm_clone_table
                0x0000000000237388        0x0
 .tm_clone_table
                0x0000000000237388        0x0 /usr/lib/gcc/x86_64-linux-gnu/7/crtbeginS.o
 .tm_clone_table
                0x0000000000237388        0x0 /usr/lib/gcc/x86_64-linux-gnu/7/crtendS.o

.data1
 *(.data1)
                0x0000000000237388                _edata = .
                [!provide]                        PROVIDE (edata = .)
                0x0000000000237388                . = .
                0x0000000000237388                __bss_start = .

.bss            0x00000000002373a0    0x1a360
 *(.dynbss)
 .dynbss        0x00000000002373a0        0x0 /usr/lib/gcc/x86_64-linux-gnu/7/../../../x86_64-linux-gnu/crti.o
 *(.bss .bss.* .gnu.linkonce.b.*)
 .bss           0x00000000002373a0        0x0 /usr/lib/gcc/x86_64-linux-gnu/7/../../../x86_64-linux-gnu/crti.o
 .bss           0x00000000002373a0        0x1 /usr/lib/gcc/x86_64-linux-gnu/7/crtbeginS.o
 *fill*         0x00000000002373a1       0x1f 
 .bss           0x00000000002373c0      0xb68 mqtt-client.o
 *fill*         0x0000000000237f28       0x18 
 .bss           0x0000000000237f40     0x4040 build/cooja/mtype632.o
 .bss           0x000000000023bf80        0x1 build/cooja/mtype632.a(simEnvChange.o)
                0x000000000023bf80                simDontFallAsleep
 *fill*         0x000000000023bf81        0x7 
 .bss           0x000000000023bf88        0x8 build/cooja/mtype632.a(cooja_mt.o)
 .bss           0x000000000023bf90        0x8 build/cooja/mtype632.a(cooja_mtarch.o)
 .bss           0x000000000023bf98        0x0 build/cooja/mtype632.a(rtimer-arch.o)
 .bss           0x000000000023bf98        0x0 build/cooja/mtype632.a(beep.o)
 .bss           0x000000000023bf98        0x1 build/cooja/mtype632.a(leds-arch.o)
                0x000000000023bf98                simLedsValue
 .bss           0x000000000023bf99        0x0 build/cooja/mtype632.a(moteid.o)
 .bss           0x000000000023bf99        0x1 build/cooja/mtype632.a(pir-sensor.o)
                0x000000000023bf99                simPirValue
 *fill*         0x000000000023bf9a        0x6 
 .bss           0x000000000023bfa0        0x8 build/cooja/mtype632.a(rs232.o)
 .bss           0x000000000023bfa8        0x1 build/cooja/mtype632.a(vib-sensor.o)
                0x000000000023bfa8                simVibValue
 .bss           0x000000000023bfa9        0x0 build/cooja/mtype632.a(clock.o)
 *fill*         0x000000000023bfa9       0x17 
 .bss           0x000000000023bfc0     0x2020 build/cooja/mtype632.a(cooja-log.o)
 .bss           0x000000000023dfe0      0xfc0 build/cooja/mtype632.a(cfs-cooja.o)
                0x000000000023dfe0                simCFSData
                0x000000000023ef80                simCFSSize
                0x000000000023ef84                simCFSChanged
                0x000000000023ef88                simCFSRead
                0x000000000023ef8c                simCFSWritten
 .bss           0x000000000023efa0       0x2c build/cooja/mtype632.a(cooja-radio.o)
                0x000000000023efa0                simReceiving
                0x000000000023efa4                simInSize
                0x000000000023efa8                simLastPacketTimestamp
                0x000000000023efb0                simOutSize
 .bss           0x000000000023efcc        0xc build/cooja/mtype632.a(eeprom.o)
                0x000000000023efcc                simEEPROMChanged
                0x000000000023efd0                simEEPROMRead
                0x000000000023efd4                simEEPROMWritten
 .bss           0x000000000023efd8        0x0 build/cooja/mtype632.a(random.o)
 .bss           0x000000000023efd8        0xc build/cooja/mtype632.a(sensors.o)
 .bss           0x000000000023efe4        0x0 build/cooja/mtype632.a(leds.o)
 *fill*         0x000000000023efe4       0x1c 
 .bss           0x000000000023f000       0x40 build/cooja/mtype632.a(gpio-hal-arch.o)
 .bss           0x000000000023f040        0x0 build/cooja/mtype632.a(buttons.o)
 .bss           0x000000000023f040       0x21 build/cooja/mtype632.a(mqtt.o)
 .bss           0x000000000023f061        0x0 build/cooja/mtype632.a(contiki-main.o)
 .bss           0x000000000023f061        0x0 build/cooja/mtype632.a(autostart.o)
 *fill*         0x000000000023f061        0x7 
 .bss           0x000000000023f068        0x9 build/cooja/mtype632.a(ctimer.o)
 *fill*         0x000000000023f071        0x3 
 .bss           0x000000000023f074       0x2c build/cooja/mtype632.a(log.o)
                0x000000000023f074                curr_log_level_rpl
                0x000000000023f078                curr_log_level_tcpip
                0x000000000023f07c                curr_log_level_ipv6
                0x000000000023f080                curr_log_level_6lowpan
                0x000000000023f084                curr_log_level_nullnet
                0x000000000023f088                curr_log_level_mac
                0x000000000023f08c                curr_log_level_framer
                0x000000000023f090                curr_log_level_6top
                0x000000000023f094                curr_log_level_coap
                0x000000000023f098                curr_log_level_snmp
                0x000000000023f09c                curr_log_level_lwm2m
 .bss           0x000000000023f0a0        0x0 build/cooja/mtype632.a(energest.o)
 .bss           0x000000000023f0a0       0x10 build/cooja/mtype632.a(etimer.o)
 .bss           0x000000000023f0b0        0x2 build/cooja/mtype632.a(node-id.o)
                0x000000000023f0b0                node_id
 *fill*         0x000000000023f0b2        0x6 
 .bss           0x000000000023f0b8        0x8 build/cooja/mtype632.a(rtimer.o)
 .bss           0x000000000023f0c0      0x321 build/cooja/mtype632.a(process.o)
                0x000000000023f0c0                process_list
                0x000000000023f0c8                process_current
 .bss           0x000000000023f3e1        0x0 build/cooja/mtype632.a(timer.o)
 .bss           0x000000000023f3e1        0x0 build/cooja/mtype632.a(list.o)
 *fill*         0x000000000023f3e1        0xf 
 .bss           0x000000000023f3f0       0x28 build/cooja/mtype632.a(button-hal.o)
 *fill*         0x000000000023f418        0x8 
 .bss           0x000000000023f420      0x140 build/cooja/mtype632.a(serial-line.o)
 .bss           0x000000000023f560        0x8 build/cooja/mtype632.a(gpio-hal.o)
 *fill*         0x000000000023f568       0x18 
 .bss           0x000000000023f580     0x2d80 build/cooja/mtype632.a(queuebuf.o)
 .bss           0x0000000000242300       0xa0 build/cooja/mtype632.a(packetbuf.o)
 .bss           0x00000000002423a0        0x8 build/cooja/mtype632.a(netstack.o)
 .bss           0x00000000002423a8        0x0 build/cooja/mtype632.a(linkaddr.o)
 .bss           0x00000000002423a8        0x0 build/cooja/mtype632.a(csma.o)
 *fill*         0x00000000002423a8       0x18 
 .bss           0x00000000002423c0      0xd8a build/cooja/mtype632.a(csma-output.o)
 *fill*         0x000000000024314a        0x6 
 .bss           0x0000000000243150       0x40 build/cooja/mtype632.a(uip-ds6.o)
 .bss           0x0000000000243190        0x9 build/cooja/mtype632.a(tcp-socket.o)
 *fill*         0x0000000000243199        0x7 
 .bss           0x00000000002431a0       0x80 build/cooja/mtype632.a(uip-ds6-route.o)
 .bss           0x0000000000243220      0x168 build/cooja/mtype632.a(tcpip.o)
 .bss           0x0000000000243388        0xc build/cooja/mtype632.a(uip6.o)
                0x0000000000243388                uip_ext_bitmap
                0x000000000024338a                uip_ext_len
                0x000000000024338c                uip_last_proto
 *fill*         0x0000000000243394        0xc 
 .bss           0x00000000002433a0     0x2580 build/cooja/mtype632.a(uip-ds6-nbr.o)
 .bss           0x0000000000245920       0x20 build/cooja/mtype632.a(uip-nd6.o)
 .bss           0x0000000000245940      0x738 build/cooja/mtype632.a(sicslowpan.o)
 .bss           0x0000000000246078        0x0 build/cooja/mtype632.a(uiplib.o)
 .bss           0x0000000000246078        0x1 build/cooja/mtype632.a(rpl.o)
 .bss           0x0000000000246079        0x0 build/cooja/mtype632.a(rpl-icmp6.o)
 *fill*         0x0000000000246079        0x7 
 .bss           0x0000000000246080       0x11 build/cooja/mtype632.a(rpl-dag-root.o)
 .bss           0x0000000000246091        0x0 build/cooja/mtype632.a(watchdog.o)
 *fill*         0x0000000000246091        0x3 
 .bss           0x0000000000246094        0x4 build/cooja/mtype632.a(int-master.o)
 .bss           0x0000000000246098        0x0 build/cooja/mtype632.a(stimer.o)
 .bss           0x0000000000246098        0x0 build/cooja/mtype632.a(ringbuf.o)
 .bss           0x0000000000246098        0x0 build/cooja/mtype632.a(memb.o)
 .bss           0x0000000000246098        0x0 build/cooja/mtype632.a(assert.o)
 *fill*         0x0000000000246098        0x8 
 .bss           0x00000000002460a0     0x16e8 build/cooja/mtype632.a(nbr-table.o)
 *fill*         0x0000000000247788       0x18 
 .bss           0x00000000002477a0     0x12c0 build/cooja/mtype632.a(link-stats.o)
 .bss           0x0000000000248a60      0x180 build/cooja/mtype632.a(mac-sequence.o)
 .bss           0x0000000000248be0        0x0 build/cooja/mtype632.a(mac.o)
 .bss           0x0000000000248be0        0x2 build/cooja/mtype632.a(framer-802154.o)
 .bss           0x0000000000248be2        0x0 build/cooja/mtype632.a(frame802154.o)
 .bss           0x0000000000248be2        0x0 build/cooja/mtype632.a(csma-security.o)
 *fill*         0x0000000000248be2        0x6 
 .bss           0x0000000000248be8       0x1c build/cooja/mtype632.a(uipbuf.o)
 *fill*         0x0000000000248c04        0xc 
 .bss           0x0000000000248c10       0x20 build/cooja/mtype632.a(uip-icmp6.o)
 *fill*         0x0000000000248c30       0x10 
 .bss           0x0000000000248c40     0x3040 build/cooja/mtype632.a(uip-sr.o)
 .bss           0x000000000024bc80      0xad0 build/cooja/mtype632.a(uip-packetqueue)
 .bss           0x000000000024c750       0x12 build/cooja/mtype632.a(rpl-nbr-policy.)
 *fill*         0x000000000024c762       0x1e 
 .bss           0x000000000024c780     0x12c0 build/cooja/mtype632.a(rpl-neighbor.o)
 .bss           0x000000000024da40        0x0 build/cooja/mtype632.a(rpl-dag.o)
 .bss           0x000000000024da40       0x80 build/cooja/mtype632.a(rpl-timers.o)
 .bss           0x000000000024dac0        0x0 build/cooja/mtype632.a(rpl-ext-header.)
 .bss           0x000000000024dac0        0x0 build/cooja/mtype632.a(rpl-mrhof.o)
 .bss           0x000000000024dac0        0x0 /usr/lib/gcc/x86_64-linux-gnu/7/crtendS.o
 .bss           0x000000000024dac0        0x0 /usr/lib/gcc/x86_64-linux-gnu/7/../../../x86_64-linux-gnu/crtn.o
 *(COMMON)
 COMMON         0x000000000024dac0        0xc build/cooja/mtype632.o
                0x000000000024dac0                referenceVar
                0x000000000024dac8                sensors_flags
 *fill*         0x000000000024dacc        0x4 
 COMMON         0x000000000024dad0       0x10 build/cooja/mtype632.a(simEnvChange.o)
                0x000000000024dad0                simEtimerPending
                0x000000000024dad4                simProcessRunValue
                0x000000000024dad8                simEtimerNextExpirationTime
 COMMON         0x000000000024dae0       0x18 build/cooja/mtype632.a(rtimer-arch.o)
                0x000000000024dae0                simRtimerPending
                0x000000000024dae8                simRtimerCurrentTicks
                0x000000000024daf0                simRtimerNextExpirationTime
 COMMON         0x000000000024daf8        0x1 build/cooja/mtype632.a(beep.o)
                0x000000000024daf8                simBeeped
 *fill*         0x000000000024daf9        0x3 
 COMMON         0x000000000024dafc        0xc build/cooja/mtype632.a(moteid.o)
                0x000000000024dafc                simRandomSeed
                0x000000000024db00                simMoteIDChanged
                0x000000000024db04                simMoteID
 COMMON         0x000000000024db08        0x2 build/cooja/mtype632.a(pir-sensor.o)
                0x000000000024db08                simPirIsActive
                0x000000000024db09                simPirChanged
 *fill*         0x000000000024db0a       0x16 
 COMMON         0x000000000024db20      0x820 build/cooja/mtype632.a(rs232.o)
                0x000000000024db20                simSerialReceivingFlag
                0x000000000024db24                simSerialReceivingLength
                0x000000000024db40                simSerialReceivingData
 COMMON         0x000000000024e340        0x2 build/cooja/mtype632.a(vib-sensor.o)
                0x000000000024e340                simVibChanged
                0x000000000024e341                simVibIsActive
 *fill*         0x000000000024e342        0x6 
 COMMON         0x000000000024e348        0x8 build/cooja/mtype632.a(clock.o)
                0x000000000024e348                simCurrentTime
 *fill*         0x000000000024e350       0x10 
 COMMON         0x000000000024e360     0x2020 build/cooja/mtype632.a(cooja-log.o)
                0x000000000024e360                simLoggedLength