Archive member included to satisfy reference by file (symbol)

build/cooja/mtype152.a(simEnvChange.o)
                              build/cooja/mtype152.o (simDontFallAsleep)
build/cooja/mtype152.a(cooja_mt.o)
                              build/cooja/mtype152.o (cooja_mt_start)
build/cooja/mtype152.a(cooja_mtarch.o)
                              build/cooja/mtype152.a(cooja_mt.o) (cooja_mtarch_start)
build/cooja/mtype152.a(rtimer-arch.o)
                              build/cooja/mtype152.o (rtimer_arch_check)
build/cooja/mtype152.a(beep.o)
                              build/cooja/mtype152.o (beep_interface)
build/cooja/mtype152.a(leds-arch.o)
                              build/cooja/mtype152.o (leds_interface)
build/cooja/mtype152.a(moteid.o)
                              build/cooja/mtype152.o (moteid_interface)
build/cooja/mtype152.a(pir-sensor.o)
                              build/cooja/mtype152.o (pir_interface)
build/cooja/mtype152.a(rs232.o)
                              build/cooja/mtype152.o (rs232_interface)
build/cooja/mtype152.a(vib-sensor.o)
                              build/cooja/mtype152.o (vib_interface)
build/cooja/mtype152.a(clock.o)
                              build/cooja/mtype152.o (clock_interface)
build/cooja/mtype152.a(cooja-log.o)
                              build/cooja/mtype152.o (simlog_interface)
build/cooja/mtype152.a(cfs-cooja.o)
                              build/cooja/mtype152.o (cfs_interface)
build/cooja/mtype152.a(cooja-radio.o)
                              build/cooja/mtype152.o (radio_interface)
build/cooja/mtype152.a(eeprom.o)
                              build/cooja/mtype152.o (eeprom_interface)
build/cooja/mtype152.a(random.o)
                              build/cooja/mtype152.a(moteid.o) (random_init)
build/cooja/mtype152.a(sensors.o)
                              build/cooja/mtype152.a(pir-sensor.o) (sensors_changed)
build/cooja/mtype152.a(leds.o)
                              build/cooja/mtype152.a(leds-arch.o) (leds_get)
build/cooja/mtype152.a(gpio-hal-arch.o)
                              build/cooja/mtype152.a(leds-arch.o) (gpio_hal_arch_register_pin_callback)
build/cooja/mtype152.a(buttons.o)
                              build/cooja/mtype152.o (button_interface)
build/cooja/mtype152.a(temperature.o)
                              node.o (temperature)
build/cooja/mtype152.a(alarm.o)
                              node.o (ledAlarm)
build/cooja/mtype152.a(coap-blocking-a)
                              node.o (coap_blocking_request)
build/cooja/mtype152.a(coap-engine.o)
                              node.o (coap_activate_resource)
build/cooja/mtype152.a(coap-res-well-k)
                              build/cooja/mtype152.a(coap-engine.o) (res_well_known_core)
build/cooja/mtype152.a(coap-observe.o)
                              build/cooja/mtype152.a(coap-engine.o) (coap_remove_observer_by_mid)
build/cooja/mtype152.a(coap-uip.o)
                              build/cooja/mtype152.a(coap-observe.o) (coap_endpoint_copy)
build/cooja/mtype152.a(coap-timer.o)
                              build/cooja/mtype152.a(coap-engine.o) (coap_timer_set)
build/cooja/mtype152.a(coap-transactio)
                              build/cooja/mtype152.a(coap-blocking-a) (coap_send_transaction)
build/cooja/mtype152.a(coap.o)
                              build/cooja/mtype152.a(coap-engine.o) (coap_status_code)
build/cooja/mtype152.a(contiki-main.o)
                              build/cooja/mtype152.o (main)
build/cooja/mtype152.a(autostart.o)
                              build/cooja/mtype152.a(contiki-main.o) (autostart_start)
build/cooja/mtype152.a(ctimer.o)
                              build/cooja/mtype152.a(contiki-main.o) (ctimer_init)
build/cooja/mtype152.a(log.o)
                              build/cooja/mtype152.a(contiki-main.o) (curr_log_level_main)
build/cooja/mtype152.a(energest.o)
                              build/cooja/mtype152.a(contiki-main.o) (energest_init)
build/cooja/mtype152.a(etimer.o)
                              build/cooja/mtype152.a(contiki-main.o) (etimer_process)
build/cooja/mtype152.a(node-id.o)
                              build/cooja/mtype152.a(contiki-main.o) (node_id)
build/cooja/mtype152.a(rtimer.o)
                              build/cooja/mtype152.a(contiki-main.o) (rtimer_init)
build/cooja/mtype152.a(process.o)
                              node.o (process_current)
build/cooja/mtype152.a(timer.o)
                              build/cooja/mtype152.a(etimer.o) (timer_set)
build/cooja/mtype152.a(list.o)
                              build/cooja/mtype152.a(coap-engine.o) (list_init)
build/cooja/mtype152.a(memb.o)
                              build/cooja/mtype152.a(coap-observe.o) (memb_alloc)
build/cooja/mtype152.a(button-hal.o)
                              build/cooja/mtype152.o (button_hal_init)
build/cooja/mtype152.a(serial-line.o)
                              build/cooja/mtype152.a(rs232.o) (serial_line_input_byte)
[...]
Memory Configuration

Name             Origin             Length             Attributes
*default*        0x0000000000000000 0xffffffffffffffff

Linker script and memory map

LOAD /usr/lib/gcc/x86_64-linux-gnu/7/../../../x86_64-linux-gnu/crti.o
LOAD /usr/lib/gcc/x86_64-linux-gnu/7/crtbeginS.o
LOAD node.o
LOAD build/cooja/mtype152.o
LOAD build/cooja/mtype152.a
LOAD /usr/lib/gcc/x86_64-linux-gnu/7/libgcc.a
LOAD /usr/lib/gcc/x86_64-linux-gnu/7/libgcc_s.so
START GROUP
LOAD /usr/lib/gcc/x86_64-linux-gnu/7/libgcc_s.so.1
LOAD /usr/lib/gcc/x86_64-linux-gnu/7/libgcc.a
END GROUP
LOAD /usr/lib/gcc/x86_64-linux-gnu/7/../../../x86_64-linux-gnu/libc.so
START GROUP
LOAD /lib/x86_64-linux-gnu/libc.so.6
LOAD /usr/lib/x86_64-linux-gnu/libc_nonshared.a
LOAD /lib/x86_64-linux-gnu/ld-linux-x86-64.so.2
END GROUP
LOAD /usr/lib/gcc/x86_64-linux-gnu/7/libgcc.a
LOAD /usr/lib/gcc/x86_64-linux-gnu/7/libgcc_s.so
START GROUP
LOAD /usr/lib/gcc/x86_64-linux-gnu/7/libgcc_s.so.1
LOAD /usr/lib/gcc/x86_64-linux-gnu/7/libgcc.a
END GROUP
LOAD /usr/lib/gcc/x86_64-linux-gnu/7/crtendS.o
LOAD /usr/lib/gcc/x86_64-linux-gnu/7/../../../x86_64-linux-gnu/crtn.o
                0x00000000000001c8                . = (SEGMENT_START ("text-segment", 0x0) + SIZEOF_HEADERS)

.note.gnu.build-id
                0x00000000000001c8       0x24
 *(.note.gnu.build-id)
 .note.gnu.build-id
                0x00000000000001c8       0x24 /usr/lib/gcc/x86_64-linux-gnu/7/../../../x86_64-linux-gnu/crti.o

.hash
 *(.hash)

.gnu.hash       0x00000000000001f0     0x1598
 *(.gnu.hash)
 .gnu.hash      0x00000000000001f0     0x1598 /usr/lib/gcc/x86_64-linux-gnu/7/../../../x86_64-linux-gnu/crti.o

.dynsym         0x0000000000001788     0x4650
 *(.dynsym)
 .dynsym        0x0000000000001788     0x4650 /usr/lib/gcc/x86_64-linux-gnu/7/../../../x86_64-linux-gnu/crti.o

.dynstr         0x0000000000005dd8     0x3681
 *(.dynstr)
 .dynstr        0x0000000000005dd8     0x3681 /usr/lib/gcc/x86_64-linux-gnu/7/../../../x86_64-linux-gnu/crti.o

.gnu.version    0x000000000000945a      0x5dc
 *(.gnu.version)
 .gnu.version   0x000000000000945a      0x5dc /usr/lib/gcc/x86_64-linux-gnu/7/../../../x86_64-linux-gnu/crti.o

.gnu.version_d  0x0000000000009a38        0x0
 *(.gnu.version_d)
 .gnu.version_d
                0x0000000000009a38        0x0 /usr/lib/gcc/x86_64-linux-gnu/7/../../../x86_64-linux-gnu/crti.o

.gnu.version_r  0x0000000000009a38       0x40
 *(.gnu.version_r)
 .gnu.version_r
                0x0000000000009a38       0x40 /usr/lib/gcc/x86_64-linux-gnu/7/../../../x86_64-linux-gnu/crti.o

.rela.dyn       0x0000000000009a78     0x20b8
 *(.rela.init)
 *(.rela.text .rela.text.* .rela.gnu.linkonce.t.*)
 .rela.text     0x0000000000009a78        0x0 /usr/lib/gcc/x86_64-linux-gnu/7/../../../x86_64-linux-gnu/crti.o
 *(.rela.fini)
 *(.rela.rodata .rela.rodata.* .rela.gnu.linkonce.r.*)
 *(.rela.data .rela.data.* .rela.gnu.linkonce.d.*)
 .rela.data.rel.local
                0x0000000000009a78      0x858 /usr/lib/gcc/x86_64-linux-gnu/7/../../../x86_64-linux-gnu/crti.o
 .rela.data.rel.ro
                0x000000000000a2d0      0x288 /usr/lib/gcc/x86_64-linux-gnu/7/../../../x86_64-linux-gnu/crti.o
 .rela.data.rel
                0x000000000000a558      0x3a8 /usr/lib/gcc/x86_64-linux-gnu/7/../../../x86_64-linux-gnu/crti.o
 .rela.data.rel.ro.local
                0x000000000000a900      0x5e8 /usr/lib/gcc/x86_64-linux-gnu/7/../../../x86_64-linux-gnu/crti.o
 *(.rela.tdata .rela.tdata.* .rela.gnu.linkonce.td.*)
 *(.rela.tbss .rela.tbss.* .rela.gnu.linkonce.tb.*)
 *(.rela.ctors)
 *(.rela.dtors)
 *(.rela.got)
 .rela.got      0x000000000000aee8      0xc18 /usr/lib/gcc/x86_64-linux-gnu/7/../../../x86_64-linux-gnu/crti.o
 *(.rela.bss .rela.bss.* .rela.gnu.linkonce.b.*)
 *(.rela.ldata .rela.ldata.* .rela.gnu.linkonce.l.*)
 *(.rela.lbss .rela.lbss.* .rela.gnu.linkonce.lb.*)
 *(.rela.lrodata .rela.lrodata.* .rela.gnu.linkonce.lr.*)
 *(.rela.ifunc)
 .rela.ifunc    0x000000000000bb00        0x0 /usr/lib/gcc/x86_64-linux-gnu/7/../../../x86_64-linux-gnu/crti.o
 .rela.fini_array
                0x000000000000bb00       0x18 /usr/lib/gcc/x86_64-linux-gnu/7/../../../x86_64-linux-gnu/crti.o
 .rela.init_array
                0x000000000000bb18       0x18 /usr/lib/gcc/x86_64-linux-gnu/7/../../../x86_64-linux-gnu/crti.o

.rela.plt       0x000000000000bb30     0x2508
 *(.rela.plt)
 .rela.plt      0x000000000000bb30     0x2508 /usr/lib/gcc/x86_64-linux-gnu/7/../../../x86_64-linux-gnu/crti.o
 *(.rela.iplt)

.init           0x000000000000e038       0x17
 *(SORT_NONE(.init))
 .init          0x000000000000e038       0x12 /usr/lib/gcc/x86_64-linux-gnu/7/../../../x86_64-linux-gnu/crti.o
                0x000000000000e038                _init
 .init          0x000000000000e04a        0x5 /usr/lib/gcc/x86_64-linux-gnu/7/../../../x86_64-linux-gnu/crtn.o

.plt            0x000000000000e050     0x18c0
 *(.plt)
 .plt           0x000000000000e050     0x18c0 /usr/lib/gcc/x86_64-linux-gnu/7/../../../x86_64-linux-gnu/crti.o
 *(.iplt)

.plt.got        0x000000000000f910       0x18
 *(.plt.got)
 .plt.got       0x000000000000f910       0x18 /usr/lib/gcc/x86_64-linux-gnu/7/../../../x86_64-linux-gnu/crti.o

.plt.sec
 *(.plt.sec)

.text           0x000000000000f930    0x1ca95
 *(.text.unlikely .text.*_unlikely .text.unlikely.*)
 *(.text.exit .text.exit.*)
 *(.text.startup .text.startup.*)
 *(.text.hot .text.hot.*)
 *(.text .stub .text.* .gnu.linkonce.t.*)
 .text          0x000000000000f930        0x0 /usr/lib/gcc/x86_64-linux-gnu/7/../../../x86_64-linux-gnu/crti.o
 .text          0x000000000000f930       0xda /usr/lib/gcc/x86_64-linux-gnu/7/crtbeginS.o
 .text          0x000000000000fa0a      0x342 node.o
                0x000000000000fa0a                client_chunk_handler
                0x000000000000fac3                measure_temperature
 .text          0x000000000000fd4c      0x354 build/cooja/mtype152.o
                0x000000000000fdf8                platform_init_stage_one
                0x000000000000fe09                platform_init_stage_two
                0x000000000000fe1a                platform_init_stage_three
                0x000000000000fe2b                platform_main_loop
                0x000000000000fec1                Java_org_contikios_cooja_corecomm_Lib18_init
                0x000000000000ff04                Java_org_contikios_cooja_corecomm_Lib18_getMemory
                0x000000000000ff5c                Java_org_contikios_cooja_corecomm_Lib18_setMemory
                0x000000000000ffe9                Java_org_contikios_cooja_corecomm_Lib18_tick
                0x0000000000010072                Java_org_contikios_cooja_corecomm_Lib18_setReferenceAddress
 .text          0x00000000000100a0       0x89 build/cooja/mtype152.a(simEnvChange.o)
                0x00000000000100a0                doActionsBeforeTick
                0x00000000000100e4                doActionsAfterTick
 .text          0x0000000000010129       0x9f build/cooja/mtype152.a(cooja_mt.o)
                0x0000000000010129                cooja_mt_start
                0x0000000000010165                cooja_mt_exec
                0x00000000000101a4                cooja_mt_yield
 .text          0x00000000000101c8       0xfe build/cooja/mtype152.a(cooja_mtarch.o)
                0x00000000000101c8                cooja_mtarch_start
                0x0000000000010267                cooja_sw
                0x0000000000010290                cooja_mtarch_exec
                0x00000000000102ba                cooja_mtarch_yield
 .text          0x00000000000102c6       0xb4 build/cooja/mtype152.a(rtimer-arch.o)
                0x00000000000102c6                rtimer_arch_init
                0x00000000000102e8                rtimer_arch_schedule
                0x000000000001030e                rtimer_arch_next
                0x000000000001031e                rtimer_arch_pending
                0x000000000001032d                rtimer_arch_check
                0x000000000001036a                rtimer_arch_now
 .text          0x000000000001037a       0xba build/cooja/mtype152.a(beep.o)
                0x000000000001037a                beep_alarm
                0x0000000000010391                beep_beep
                0x00000000000103a5                beep
                0x00000000000103b6                beep_down
                0x00000000000103ca                beep_on
                0x00000000000103db                beep_off
                0x00000000000103ec                beep_spinup
                0x00000000000103fd                beep_quick
                0x0000000000010411                beep_long
 .text          0x0000000000010434       0x69 build/cooja/mtype152.a(leds-arch.o)
                0x000000000001044b                leds_arch_init
 .text          0x000000000001049d       0x39 build/cooja/mtype152.a(moteid.o)
 .text          0x00000000000104d6       0xe5 build/cooja/mtype152.a(pir-sensor.o)
 .text          0x00000000000105bb      0x175 build/cooja/mtype152.a(rs232.o)
                0x00000000000105bb                rs232_init
                0x00000000000105c2                rs232_set_speed
                0x00000000000105ce                rs232_set_input
                0x00000000000105e4                rs232_send
                0x000000000001060b                rs232_print
                0x0000000000010632                slip_arch_writeb
 .text          0x0000000000010730       0xe5 build/cooja/mtype152.a(vib-sensor.o)
 .text          0x0000000000010815       0x57 build/cooja/mtype152.a(clock.o)
                0x0000000000010815                clock_init
                0x000000000001081c                clock_time
                0x000000000001082c                clock_seconds
                0x0000000000010854                clock_delay
 .text          0x000000000001086c      0x30e build/cooja/mtype152.a(cooja-log.o)
                0x000000000001086c                simlog_char
                0x00000000000108c5                simlog
                0x0000000000010964                log_message
                0x000000000001099d                log_set_putchar_with_slip
                0x00000000000109b0                log_putchar
                0x0000000000010a30                log_puts
                0x0000000000010a59                log_printf
 .text          0x0000000000010b7a      0x373 build/cooja/mtype152.a(cfs-cooja.o)
                0x0000000000010b7a                cfs_open
                0x0000000000010bf3                cfs_close
                0x0000000000010c04                cfs_read
                0x0000000000010cc8                cfs_write
                0x0000000000010dd7                cfs_seek
                0x0000000000010e82                cfs_remove
                0x0000000000010eae                cfs_opendir
                0x0000000000010ec1                cfs_readdir
                0x0000000000010ed4                cfs_closedir
 .text          0x0000000000010eed      0x730 build/cooja/mtype152.a(cooja-radio.o)
                0x0000000000010f3c                radio_set_channel
                0x0000000000010f52                radio_set_txpower
                0x0000000000010f6b                radio_signal_strength_last
                0x0000000000010f7a                radio_signal_strength_current
                0x0000000000010f89                radio_LQI
 .text          0x000000000001161d      0x125 build/cooja/mtype152.a(eeprom.o)
                0x000000000001161d                eeprom_init
                0x0000000000011624                eeprom_read
                0x00000000000116ac                eeprom_write
 .text          0x0000000000011742       0x27 build/cooja/mtype152.a(random.o)
                0x0000000000011742                random_init
                0x000000000001175e                random_rand
 .text          0x0000000000011769      0x33f build/cooja/mtype152.a(sensors.o)
                0x00000000000117ae                sensors_first
                0x00000000000117be                sensors_next
                0x00000000000117e9                sensors_changed
                0x0000000000011832                sensors_find
 .text          0x0000000000011aa8      0x386 build/cooja/mtype152.a(leds.o)
                0x0000000000011aa8                leds_init
                0x0000000000011aef                leds_single_on
                0x0000000000011b58                leds_single_off
                0x0000000000011bc1                leds_single_toggle
                0x0000000000011bf5                leds_on
                0x0000000000011c81                leds_off
                0x0000000000011d0d                leds_toggle
                0x0000000000011d64                leds_set
                0x0000000000011d89                leds_get
 .text          0x0000000000011e2e      0x3ce build/cooja/mtype152.a(gpio-hal-arch.o)
                0x0000000000011e2e                gpio_hal_arch_register_pin_callback
                0x0000000000011ece                gpio_hal_arch_init
                0x0000000000011f17                gpio_hal_arch_no_port_interrupt_enable
                0x0000000000011f60                gpio_hal_arch_no_port_interrupt_disable
                0x0000000000011fa9                gpio_hal_arch_no_port_pin_cfg_set
                0x0000000000011fdb                gpio_hal_arch_no_port_pin_cfg_get
                0x000000000001200b                gpio_hal_arch_no_port_pin_set_input
                0x000000000001201a                gpio_hal_arch_no_port_pin_set_output
                0x0000000000012029                gpio_hal_arch_no_port_set_pin
                0x0000000000012049                gpio_hal_arch_no_port_clear_pin
                0x0000000000012069                gpio_hal_arch_no_port_read_pin
                0x0000000000012093                gpio_hal_arch_no_port_write_pin
                0x00000000000120b9                gpio_hal_arch_no_port_set_pins
                0x0000000000012103                gpio_hal_arch_no_port_clear_pins
                0x000000000001214d                gpio_hal_arch_no_port_read_pins
                0x0000000000012198                gpio_hal_arch_no_port_write_pins
 .text          0x00000000000121fc       0x94 build/cooja/mtype152.a(buttons.o)
 .text          0x0000000000012290      0x195 build/cooja/mtype152.a(temperature.o)
 .text          0x0000000000012425      0x22e build/cooja/mtype152.a(alarm.o)
 .text          0x0000000000012653      0x2dd build/cooja/mtype152.a(coap-blocking-a)
                0x0000000000012653                coap_blocking_request_callback
                0x000000000001268a                coap_blocking_request
 .text          0x0000000000012930      0xd12 build/cooja/mtype152.a(coap-engine.o)
                0x00000000000129ff                coap_add_handler
                0x0000000000012a24                coap_remove_handler
                0x0000000000012a49                coap_call_handlers
                0x0000000000012b7f                coap_receive
                0x00000000000131ea                coap_engine_init
                0x0000000000013243                coap_activate_resource
                0x000000000001330d                coap_get_first_resource
                0x0000000000013322                coap_get_next_resource
 .text          0x0000000000013642      0x373 build/cooja/mtype152.a(coap-res-well-k)
 .text          0x00000000000139b5      0xa65 build/cooja/mtype152.a(coap-observe.o)
                0x0000000000013aff                coap_remove_observer
                0x0000000000013b37                coap_remove_observer_by_client
                0x0000000000013ba9                coap_remove_observer_by_token
                0x0000000000013c53                coap_remove_observer_by_uri
                0x0000000000013d0c                coap_remove_observer_by_mid
                0x0000000000013d92                coap_notify_observers
                0x0000000000013db2                coap_notify_observers_sub
                0x000000000001425a                coap_observe_handler
                0x00000000000143a7                coap_has_observers
 .text          0x000000000001441a      0x856 build/cooja/mtype152.a(coap-uip.o)
                0x000000000001441a                coap_endpoint_log
                0x00000000000144a6                coap_endpoint_print
                0x0000000000014532                coap_endpoint_snprint
                0x00000000000146b7                coap_endpoint_copy
                0x00000000000146fb                coap_endpoint_cmp
                0x0000000000014844                coap_endpoint_parse
                0x0000000000014a6a                coap_endpoint_is_secure
                0x0000000000014a7f                coap_endpoint_is_connected
                0x0000000000014ac1                coap_endpoint_connect
                0x0000000000014ae3                coap_endpoint_disconnect
                0x0000000000014aee                coap_databuf
                0x0000000000014afe                coap_transport_init
                0x0000000000014b56                coap_sendto
 .text          0x0000000000014c70      0x30d build/cooja/mtype152.a(coap-timer.o)
                0x0000000000014d7e                coap_timer_stop
                0x0000000000014db3                coap_timer_set
                0x0000000000014de9                coap_timer_reset
                0x0000000000014e1f                coap_timer_time_to_next_expiration
                0x0000000000014e74                coap_timer_run
                0x0000000000014f38                coap_timer_init
 .text          0x0000000000014f7d      0x319 build/cooja/mtype152.a(coap-transactio)
                0x000000000001500b                coap_new_transaction
                0x000000000001507b                coap_send_transaction
                0x00000000000151ef                coap_clear_transaction
                0x000000000001523e                coap_get_transaction_by_mid
 .text          0x0000000000015296     0x236e build/cooja/mtype152.a(coap.o)
                0x0000000000015965                coap_init_connection
                0x0000000000015978                coap_get_mid
                0x0000000000015996                coap_init_message
                0x00000000000159e8                coap_serialize_message
                0x0000000000016170                coap_parse_message
                0x000000000001690d                coap_get_query_variable
                0x0000000000016965                coap_get_post_variable
                0x00000000000169bb                coap_set_status_code
                0x00000000000169e9                coap_set_token
                0x0000000000016a44                coap_get_header_content_format
                0x0000000000016a88                coap_set_header_content_format
                0x0000000000016abc                coap_get_header_accept
                0x0000000000016b03                coap_set_header_accept
                0x0000000000016b3a                coap_get_header_max_age
                0x0000000000016b7f                coap_set_header_max_age
                0x0000000000016bb0                coap_get_header_etag
                0x0000000000016bf8                coap_set_header_etag
                0x0000000000016c64                coap_get_header_if_match
                0x0000000000016cb2                coap_set_header_if_match
                0x0000000000016d2a                coap_get_header_if_none_match
                0x0000000000016d51                coap_set_header_if_none_match
                0x0000000000016d75                coap_get_header_proxy_uri
                0x0000000000016dba                coap_set_header_proxy_uri
                0x0000000000016e08                coap_get_header_uri_host
                0x0000000000016e4d                coap_set_header_uri_host
                0x0000000000016e9b                coap_get_header_uri_path
                0x0000000000016ee6                coap_set_header_uri_path
                0x0000000000016f4f                coap_get_header_uri_query
                0x0000000000016f9a                coap_set_header_uri_query
                0x0000000000017003                coap_get_header_location_path
                0x0000000000017048                coap_set_header_location_path
                0x0000000000017103                coap_get_header_location_query
                0x000000000001714e                coap_set_header_location_query
                0x00000000000171b7                coap_get_header_observe
                0x00000000000171fc                coap_set_header_observe
                0x0000000000017230                coap_get_header_block2
                0x00000000000172ce                coap_set_header_block2
                0x000000000001735a                coap_get_header_block1
                0x00000000000173f8                coap_set_header_block1
                0x000000000001747f                coap_get_header_size2
                0x00000000000174c2                coap_set_header_size2
                0x00000000000174f6                coap_get_header_size1
                0x0000000000017539                coap_set_header_size1
                0x000000000001756d                coap_get_payload
                0x00000000000175b9                coap_set_payload
 .text          0x0000000000017604      0x3a8 build/cooja/mtype152.a(contiki-main.o)
                0x0000000000017604                main
 .text          0x00000000000179ac       0xb3 build/cooja/mtype152.a(autostart.o)
                0x00000000000179ac                autostart_start
                0x0000000000017a08                autostart_exit
 .text          0x0000000000017a5f      0x421 build/cooja/mtype152.a(ctimer.o)
                0x0000000000017bbd                ctimer_init
                0x0000000000017bee                ctimer_set
                0x0000000000017c2e                ctimer_set_with_process
                0x0000000000017ce4                ctimer_reset
                0x0000000000017d51                ctimer_restart
                0x0000000000017dbe                ctimer_stop
                0x0000000000017e18                ctimer_expired
 .text          0x0000000000017e80      0x4a9 build/cooja/mtype152.a(log.o)
                0x0000000000017e80                log_6addr
                0x0000000000017edf                log_6addr_compact_snprint
                0x0000000000017fb6                log_6addr_compact
                0x0000000000018015                log_lladdr
                0x0000000000018092                log_lladdr_compact
                0x0000000000018109                log_set_level
                0x000000000001820f                log_get_level
                0x00000000000182c2                log_level_to_str
 .text          0x0000000000018329       0x19 build/cooja/mtype152.a(energest.o)
                0x0000000000018329                energest_init
                0x0000000000018330                energest_flush
                0x0000000000018337                energest_get_total_time
 .text          0x0000000000018342      0x540 build/cooja/mtype152.a(etimer.o)
                0x00000000000185e2                etimer_request_poll
                0x000000000001868c                etimer_set
                0x00000000000186be                etimer_reset_with_new_interval
                0x00000000000186f5                etimer_reset
                0x000000000001871c                etimer_restart
                0x0000000000018743                etimer_adjust
                0x0000000000018770                etimer_expired
                0x000000000001878b                etimer_expiration_time
                0x00000000000187a7                etimer_start_time
                0x00000000000187b8                etimer_pending
                0x00000000000187ce                etimer_next_expiration_time
                0x00000000000187eb                etimer_stop
 .text          0x0000000000018882       0x32 build/cooja/mtype152.a(node-id.o)
                0x0000000000018882                node_id_init
 .text          0x00000000000188b4       0xf6 build/cooja/mtype152.a(rtimer.o)
                0x00000000000188b4                rtimer_init
                0x00000000000188c0                rtimer_set
                0x000000000001893d                rtimer_run_next
 .text          0x00000000000189aa      0x641 build/cooja/mtype152.a(process.o)
                0x00000000000189aa                process_alloc_event
                0x00000000000189c0                process_start
                0x0000000000018c25                process_exit
                0x0000000000018c4d                process_init
                0x0000000000018e3d                process_run
                0x0000000000018e6e                process_nevents
                0x0000000000018e8a                process_post
                0x0000000000018f4e                process_post_synch
                0x0000000000018f98                process_poll
                0x0000000000018fd1                process_is_running
 .text          0x0000000000018feb       0xf3 build/cooja/mtype152.a(timer.o)
                0x0000000000018feb                timer_set
                0x0000000000019019                timer_reset
                0x0000000000019051                timer_restart
                0x000000000001906f                timer_expired
                0x00000000000190ac                timer_remaining
 .text          0x00000000000190de      0x367 build/cooja/mtype152.a(list.o)
                0x00000000000190de                list_init
                0x00000000000190f4                list_head
                0x0000000000019105                list_copy
                0x0000000000019122                list_tail
                0x0000000000019167                list_add
                0x00000000000191c7                list_push
                0x0000000000019206                list_chop
                0x000000000001928f                list_pop
                0x00000000000192c5                list_remove
                0x000000000001934d                list_length
                0x0000000000019384                list_insert
                0x00000000000193e3                list_item_next
                0x0000000000019402                list_contains
 .text          0x0000000000019445      0x206 build/cooja/mtype152.a(memb.o)
                0x0000000000019445                memb_init
                0x00000000000194a4                memb_alloc
                0x000000000001951a                memb_free
                0x00000000000195a9                memb_inmemb
                0x00000000000195fc                memb_numfree
 .text          0x000000000001964b      0x4b0 build/cooja/mtype152.a(button-hal.o)
                0x00000000000197ee                button_hal_get_by_id
                0x0000000000019838                button_hal_get_by_index
                0x000000000001986b                button_hal_get_state
                0x00000000000198ca                button_hal_init
 .text          0x0000000000019afb      0x217 build/cooja/mtype152.a(serial-line.o)
                0x0000000000019afb                serial_line_input_byte
                0x0000000000019cdf                serial_line_init
 .text          0x0000000000019d12      0x164 build/cooja/mtype152.a(gpio-hal.o)
                0x0000000000019d12                gpio_hal_register_handler
                0x0000000000019d37                gpio_hal_event_handler
                0x0000000000019d9d                gpio_hal_init
                0x0000000000019db8                gpio_hal_arch_port_toggle_pin
                0x0000000000019deb                gpio_hal_arch_port_toggle_pins
                0x0000000000019e18                gpio_hal_arch_no_port_toggle_pin
                0x0000000000019e4e                gpio_hal_arch_no_port_toggle_pins
 .text          0x0000000000019e76      0x330 build/cooja/mtype152.a(queuebuf.o)
                0x0000000000019e87                queuebuf_init
                0x0000000000019ea6                queuebuf_numfree
                0x0000000000019eb8                queuebuf_new_from_packetbuf
                0x0000000000019f61                queuebuf_update_attr_from_packetbuf
                0x0000000000019fa0                queuebuf_update_from_packetbuf
                0x0000000000019ff8                queuebuf_free
                0x000000000001a047                queuebuf_to_packetbuf
                0x000000000001a0b9                queuebuf_dataptr
                0x000000000001a0f9                queuebuf_datalen
                0x000000000001a125                queuebuf_addr
                0x000000000001a168                queuebuf_attr
                0x000000000001a19f                queuebuf_debug_print
 .text          0x000000000001a1a6      0x458 build/cooja/mtype152.a(packetbuf.o)
                0x000000000001a1a6                packetbuf_clear
                0x000000000001a1d0                packetbuf_copyfrom
                0x000000000001a226                packetbuf_copyto
                0x000000000001a2c9                packetbuf_hdralloc
                0x000000000001a354                packetbuf_hdrreduce
                0x000000000001a3a0                packetbuf_set_datalen
                0x000000000001a3b8                packetbuf_dataptr
                0x000000000001a3da                packetbuf_hdrptr
                0x000000000001a3e7                packetbuf_datalen
                0x000000000001a3f4                packetbuf_hdrlen
                0x000000000001a40c                packetbuf_totlen
                0x000000000001a42b                packetbuf_remaininglen
                0x000000000001a43f                packetbuf_attr_clear
                0x000000000001a49f                packetbuf_attr_copyto
                0x000000000001a4e6                packetbuf_attr_copyfrom
                0x000000000001a52d                packetbuf_set_attr
                0x000000000001a559                packetbuf_attr
                0x000000000001a576                packetbuf_set_addr
                0x000000000001a5b8                packetbuf_addr
                0x000000000001a5de                packetbuf_holds_broadcast
 .text          0x000000000001a5fe      0x11b build/cooja/mtype152.a(netstack.o)
                0x000000000001a5fe                netstack_process_ip_callback
                0x000000000001a69b                netstack_ip_packet_processor_add
                0x000000000001a6c7                uip_ds6_ip_packet_processor_rm
                0x000000000001a6ec                netstack_init
 .text          0x000000000001a719       0x74 build/cooja/mtype152.a(linkaddr.o)
                0x000000000001a719                linkaddr_copy
                0x000000000001a736                linkaddr_cmp
                0x000000000001a768                linkaddr_set_node_addr
 .text          0x000000000001a78d      0x242 build/cooja/mtype152.a(csma.o)
 .text          0x000000000001a9cf      0xa73 build/cooja/mtype152.a(csma-output.o)
                0x000000000001b15e                csma_output_packet
                0x000000000001b417                csma_output_init
 .text          0x000000000001b442      0xe33 build/cooja/mtype152.a(uip-ds6.o)
                0x000000000001b442                uip_ds6_default_prefix
                0x000000000001b44f                uip_ds6_set_default_prefix
                0x000000000001b473                uip_ds6_init
                0x000000000001b701                uip_ds6_periodic
                0x000000000001b79f                uip_ds6_list_loop
                0x000000000001b884                uip_ds6_prefix_add
                0x000000000001b951                uip_ds6_prefix_rm
                0x000000000001b96b                uip_ds6_prefix_lookup
                0x000000000001b9be                uip_ds6_is_addr_onlink
                0x000000000001ba4e                uip_ds6_addr_add
                0x000000000001bb8f                uip_ds6_addr_rm
                0x000000000001bc43                uip_ds6_addr_lookup
                0x000000000001bc91                uip_ds6_get_link_local
                0x000000000001bd32                uip_ds6_get_global
                0x000000000001bdd3                uip_ds6_maddr_add
                0x000000000001be48                uip_ds6_maddr_rm
                0x000000000001be62                uip_ds6_maddr_lookup
                0x000000000001beb3                uip_ds6_aaddr_add
                0x000000000001bf28                uip_ds6_aaddr_rm
                0x000000000001bf42                uip_ds6_aaddr_lookup
                0x000000000001bf93                uip_ds6_select_src
                0x000000000001c119                uip_ds6_set_addr_iid
                0x000000000001c14e                uip_ds6_set_lladdr_from_iid
                0x000000000001c181                get_match_length
                0x000000000001c22b                uip_ds6_compute_reachable_time
 .text          0x000000000001c275      0x13c build/cooja/mtype152.a(uip-udp-packet.)
                0x000000000001c275                uip_udp_packet_send
                0x000000000001c2f0                uip_udp_packet_sendto
 .text          0x000000000001c3b1      0x39e build/cooja/mtype152.a(uip-ds6-route.o)
                0x000000000001c406                uip_ds6_route_init
                0x000000000001c428                uip_ds6_route_nexthop
                0x000000000001c437                uip_ds6_route_head
                0x000000000001c442                uip_ds6_route_next
                0x000000000001c451                uip_ds6_route_is_nexthop
                0x000000000001c460                uip_ds6_route_num_routes
                0x000000000001c46b                uip_ds6_route_lookup
                0x000000000001c47a                uip_ds6_route_add
                0x000000000001c492                uip_ds6_route_rm
                0x000000000001c49d                uip_ds6_route_rm_by_nexthop
                0x000000000001c4a8                uip_ds6_defrt_head
                0x000000000001c4bd                uip_ds6_defrt_add
                0x000000000001c576                uip_ds6_defrt_rm
                0x000000000001c5e5                uip_ds6_defrt_lookup
                0x000000000001c658                uip_ds6_defrt_choose
                0x000000000001c6d7                uip_ds6_defrt_periodic
 .text          0x000000000001c74f      0x830 build/cooja/mtype152.a(tcpip.o)
                0x000000000001c77b                tcpip_output
                0x000000000001c807                udp_attach
                0x000000000001c831                udp_new
                0x000000000001c888                udp_broadcast_new
                0x000000000001ca25                tcpip_input
                0x000000000001cbe8                tcpip_ipv6_output
                0x000000000001ce3e                tcpip_poll_udp
                0x000000000001ce68                tcpip_uipcall
 .text          0x000000000001cf7f     0x1679 build/cooja/mtype152.a(uip6.o)
                0x000000000001d03f                uip_chksum
                0x000000000001d121                uip_icmp6chksum
                0x000000000001d131                uip_udpchksum
                0x000000000001d141                uip_init
                0x000000000001d1a3                uip_remove_ext_hdr
                0x000000000001d2a0                uip_udp_new
                0x000000000001d630                uip_process
                0x000000000001e487                uip_htons
                0x000000000001e4a6                uip_htonl
                0x000000000001e4ea                uip_send
 .text          0x000000000001e5f8      0x3e1 build/cooja/mtype152.a(uip-ds6-nbr.o)
                0x000000000001e5f8                uip_ds6_neighbors_init
                0x000000000001e61d                uip_ds6_nbr_add
                0x000000000001e6b7                uip_ds6_nbr_rm
                0x000000000001e710                uip_ds6_nbr_update_ll
                0x000000000001e814                uip_ds6_nbr_get_ipaddr
                0x000000000001e830                uip_ds6_nbr_get_ll
                0x000000000001e854                uip_ds6_nbr_num
                0x000000000001e8a2                uip_ds6_nbr_head
                0x000000000001e8b7                uip_ds6_nbr_next
                0x000000000001e8db                uip_ds6_nbr_lookup
                0x000000000001e940                uip_ds6_nbr_ll_lookup
                0x000000000001e964                uip_ds6_nbr_ipaddr_from_lladdr
                0x000000000001e994                uip_ds6_nbr_lladdr_from_ipaddr
                0x000000000001e9cc                uip_ds6_link_callback
 .text          0x000000000001e9d9      0x826 build/cooja/mtype152.a(uip-nd6.o)
                0x000000000001f1ec                uip_nd6_init
 .text          0x000000000001f1ff     0x3380 build/cooja/mtype152.a(sicslowpan.o)
                0x000000000001f9c8                netstack_sniffer_add
                0x000000000001f9de                netstack_sniffer_remove
                0x0000000000022550                sicslowpan_init
                0x0000000000022573                sicslowpan_get_last_rssi
 .text          0x000000000002257f      0x590 build/cooja/mtype152.a(uiplib.o)
                0x000000000002257f                uiplib_ip6addrconv
                0x0000000000022761                uiplib_ip4addrconv
                0x000000000002282f                uiplib_ipaddr_print
                0x000000000002288e                uiplib_ipaddr_snprint
 .text          0x0000000000022b0f      0x629 build/cooja/mtype152.a(rpl.o)
                0x0000000000022b0f                rpl_lollipop_greater_than
                0x0000000000022b6f                rpl_get_global_address
                0x0000000000022d0b                rpl_link_callback
                0x0000000000022d71                rpl_has_joined
                0x0000000000022da0                rpl_is_reachable
                0x0000000000022e3e                rpl_reset_prefix
                0x0000000000022eb1                rpl_set_prefix_from_addr
                0x0000000000022fbf                rpl_set_prefix
                0x0000000000023115                rpl_set_leaf_only
                0x000000000002312b                rpl_get_leaf_only
 .text          0x0000000000023138     0x1696 build/cooja/mtype152.a(rpl-icmp6.o)
                0x00000000000232bc                rpl_icmp6_update_nbr_table
                0x0000000000023369                rpl_icmp6_dis_output
                0x0000000000023a78                rpl_icmp6_dio_output
                0x000000000002439d                rpl_icmp6_dao_output
                0x0000000000024705                rpl_icmp6_dao_ack_output
                0x0000000000024797                rpl_icmp6_init
 .text          0x00000000000247ce      0x33f build/cooja/mtype152.a(rpl-dag-root.o)
                0x00000000000247ce                rpl_dag_root_print_links
                0x0000000000024934                rpl_dag_root_set_prefix
                0x000000000002496c                rpl_dag_root_start
                0x0000000000024ad1                rpl_dag_root_is_root
 .text          0x0000000000024b0d       0x35 build/cooja/mtype152.a(watchdog.o)
                0x0000000000024b0d                watchdog_init
                0x0000000000024b14                watchdog_start
                0x0000000000024b1b                watchdog_periodic
                0x0000000000024b34                watchdog_stop
                0x0000000000024b3b                watchdog_reboot
 .text          0x0000000000024b42       0x51 build/cooja/mtype152.a(int-master.o)
                0x0000000000024b42                int_master_enable
                0x0000000000024b53                int_master_read_and_disable
                0x0000000000024b6f                int_master_status_set
                0x0000000000024b82                int_master_is_enabled
 .text          0x0000000000024b93      0x1ce build/cooja/mtype152.a(coap-timer-defa)
 .text          0x0000000000024d61      0x11a build/cooja/mtype152.a(stimer.o)
                0x0000000000024d61                stimer_set
                0x0000000000024d8f                stimer_reset
                0x0000000000024dc7                stimer_restart
                0x0000000000024de5                stimer_expired
                0x0000000000024e26                stimer_remaining
                0x0000000000024e58                stimer_elapsed
 .text          0x0000000000024e7b      0x189 build/cooja/mtype152.a(ringbuf.o)
                0x0000000000024e7b                ringbuf_init
                0x0000000000024eb8                ringbuf_put
                0x0000000000024f43                ringbuf_get
                0x0000000000024fbd                ringbuf_size
                0x0000000000024fd5                ringbuf_elements
 .text          0x0000000000025004       0x2d build/cooja/mtype152.a(assert.o)
                0x0000000000025004                _xassert
 .text          0x0000000000025031      0x9ac build/cooja/mtype152.a(nbr-table.o)
                0x00000000000255d9                nbr_table_register
                0x0000000000025667                nbr_table_is_registered
                0x00000000000256ba                nbr_table_head
                0x0000000000025721                nbr_table_next
                0x0000000000025797                nbr_table_add_lladdr
                0x000000000002589a                nbr_table_get_from_lladdr
                0x00000000000258f2                nbr_table_remove
                0x0000000000025942                nbr_table_lock
                0x0000000000025970                nbr_table_unlock
                0x000000000002599e                nbr_table_get_lladdr
 .text          0x00000000000259dd      0x410 build/cooja/mtype152.a(link-stats.o)
                0x00000000000259dd                link_stats_from_lladdr
                0x0000000000025a01                link_stats_get_lladdr
                0x0000000000025a25                link_stats_is_fresh
                0x0000000000025a6f                guess_etx_from_rssi
                0x0000000000025af0                link_stats_packet_sent
                0x0000000000025c2e                link_stats_input_callback
                0x0000000000025d5b                link_stats_reset
                0x0000000000025db2                link_stats_init
 .text          0x0000000000025ded      0x1da build/cooja/mtype152.a(mac-sequence.o)
                0x0000000000025ded                mac_sequence_is_duplicate
                0x0000000000025ece                mac_sequence_register_seqno
 .text          0x0000000000025fc7       0x33 build/cooja/mtype152.a(mac.o)
                0x0000000000025fc7                mac_call_sent_callback
 .text          0x0000000000025ffa      0x442 build/cooja/mtype152.a(framer-802154.o)
                0x0000000000026191                framer_802154_setup_params
 .text          0x000000000002643c      0xc84 build/cooja/mtype152.a(frame802154.o)
                0x000000000002646a                frame802154_get_pan_id
                0x0000000000026477                frame802154_set_pan_id
                0x000000000002648f                frame802154_has_panid
                0x000000000002666a                frame802154_check_dest_panid
                0x0000000000026705                frame802154_is_broadcast_addr
                0x0000000000026758                frame802154_extract_linkaddr
                0x00000000000269ee                frame802154_hdrlen
                0x0000000000026a69                frame802154_create_fcf
                0x0000000000026b37                frame802154_create
                0x0000000000026cdd                frame802154_parse_fcf
                0x0000000000026dd0                frame802154_parse
 .text          0x00000000000270c0       0x35 build/cooja/mtype152.a(csma-security.o)
                0x00000000000270c0                csma_security_create_frame
                0x00000000000270e2                csma_security_parse_frame
 .text          0x00000000000270f5      0x55f build/cooja/mtype152.a(uipbuf.o)
                0x00000000000270f5                uipbuf_clear
                0x0000000000027123                uipbuf_add_ext_hdr
                0x00000000000271b7                uipbuf_set_len
                0x00000000000271e5                uipbuf_set_len_field
                0x0000000000027214                uipbuf_get_len_field
                0x000000000002723b                uipbuf_get_next_header
                0x000000000002738e                uipbuf_get_last_header
                0x0000000000027423                uipbuf_search_header
                0x00000000000274ee                uipbuf_get_attr
                0x000000000002751b                uipbuf_set_attr
                0x0000000000027557                uipbuf_set_default_attr
                0x0000000000027593                uipbuf_clear_attr
                0x00000000000275b4                uipbuf_set_attr_flag
                0x00000000000275d3                uipbuf_clr_attr_flag
                0x00000000000275f8                uipbuf_is_attr_flag
                0x0000000000027619                uipbuf_init
 .text          0x0000000000027654      0x88f build/cooja/mtype152.a(uip-icmp6.o)
                0x00000000000276cd                uip_icmp6_input
                0x0000000000027727                uip_icmp6_register_input_handler
                0x00000000000278b5                uip_icmp6_error_output
                0x0000000000027c18                uip_icmp6_send
                0x0000000000027e5c                uip_icmp6_echo_reply_callback_add
                0x0000000000027e9f                uip_icmp6_echo_reply_callback_rm
                0x0000000000027ec4                uip_icmp6_init
 .text          0x0000000000027ee3      0x78a build/cooja/mtype152.a(uip-sr.o)
                0x0000000000027ee3                uip_sr_num_nodes
                0x0000000000027f86                uip_sr_get_node
                0x0000000000027fea                uip_sr_is_addr_reachable
                0x00000000000280ae                uip_sr_expire_parent
                0x000000000002810d                uip_sr_update_node
                0x000000000002827a                uip_sr_init
                0x00000000000282a6                uip_sr_node_head
                0x00000000000282bb                uip_sr_node_next
                0x00000000000282d5                uip_sr_periodic
                0x00000000000283f3                uip_sr_free_all
                0x000000000002846a                uip_sr_link_snprint
 .text          0x000000000002866d      0x197 build/cooja/mtype152.a(uip-packetqueue)
                0x00000000000286a5                uip_packetqueue_new
                0x00000000000286bb                uip_packetqueue_alloc
                0x0000000000028731                uip_packetqueue_free
                0x0000000000028782                uip_packetqueue_buf
                0x00000000000287aa                uip_packetqueue_buflen
                0x00000000000287d5                uip_packetqueue_set_buflen
 .text          0x0000000000028804      0x1ea build/cooja/mtype152.a(rpl-nbr-policy.)
                0x000000000002899c                rpl_nbr_policy_find_removable
 .text          0x00000000000289ee      0xaeb build/cooja/mtype152.a(rpl-neighbor.o)
                0x0000000000028a7d                rpl_neighbor_snprint
                0x0000000000028db4                rpl_neighbor_print_list
                0x0000000000028e87                rpl_neighbor_count
                0x0000000000028f6a                rpl_neighbor_get_from_lladdr
                0x0000000000028f91                rpl_neighbor_is_acceptable_parent
                0x0000000000028fd9                rpl_neighbor_get_link_metric
                0x0000000000029021                rpl_neighbor_rank_via_nbr
                0x0000000000029069                rpl_neighbor_get_lladdr
                0x0000000000029090                rpl_neighbor_get_ipaddr
                0x00000000000290ba                rpl_neighbor_get_link_stats
                0x00000000000290e4                rpl_neighbor_is_fresh
                0x000000000002910e                rpl_neighbor_is_reachable
                0x0000000000029162                rpl_neighbor_is_parent
                0x0000000000029197                rpl_neighbor_set_preferred_parent
                0x000000000002924a                rpl_neighbor_remove_all
                0x00000000000292ac                rpl_neighbor_get_from_ipaddr
                0x00000000000293dd                rpl_neighbor_select_best
                0x00000000000294b9                rpl_neighbor_init
 .text          0x00000000000294d9     0x1172 build/cooja/mtype152.a(rpl-dag.o)
                0x00000000000294d9                rpl_dag_state_to_str
                0x0000000000029526                rpl_dag_get_root_ipaddr
                0x000000000002956c                rpl_dag_leave
                0x0000000000029610                rpl_dag_poison_and_leave
                0x000000000002962a                rpl_dag_periodic
                0x00000000000296ea                rpl_is_addr_in_our_dag
                0x000000000002973f                rpl_get_default_instance
                0x0000000000029762                rpl_get_any_dag
                0x00000000000297c7                rpl_refresh_routes
                0x0000000000029825                rpl_global_repair
                0x00000000000298d9                rpl_local_repair
                0x0000000000029934                rpl_dag_ready_to_advertise
                0x0000000000029988                rpl_dag_update_state
                0x000000000002a223                rpl_process_dio
                0x000000000002a2be                rpl_process_dis
                0x000000000002a30b                rpl_process_dao
                0x000000000002a3b0                rpl_process_dao_ack
                0x000000000002a459                rpl_process_hbh
                0x000000000002a4b4                rpl_dag_init_root
                0x000000000002a62b                rpl_dag_init
 .text          0x000000000002a64b      0xc9b build/cooja/mtype152.a(rpl-timers.o)
                0x000000000002a64b                rpl_timers_schedule_periodic_dis
                0x000000000002a814                rpl_timers_dio_reset
                0x000000000002a98d                rpl_timers_schedule_unicast_dio
                0x000000000002ab58                rpl_timers_schedule_dao
                0x000000000002ac53                rpl_timers_schedule_dao_ack
                0x000000000002ad07                rpl_timers_notify_dao_ack
                0x000000000002ad71                get_probing_delay
                0x000000000002adba                get_probing_target
                0x000000000002affa                rpl_schedule_probing
                0x000000000002b037                rpl_schedule_probing_now
                0x000000000002b0ba                rpl_timers_unschedule_leaving
                0x000000000002b0fa                rpl_timers_schedule_leaving
                0x000000000002b14b                rpl_timers_init
                0x000000000002b1ec                rpl_timers_stop_dag_timers
                0x000000000002b275                rpl_timers_unschedule_state_update
                0x000000000002b29b                rpl_timers_schedule_state_update
 .text          0x000000000002b2e6      0xd8b build/cooja/mtype152.a(rpl-ext-header.)
                0x000000000002b2e6                rpl_ext_header_srh_get_next_hop
                0x000000000002b3f0                rpl_ext_header_srh_update
                0x000000000002ba34                rpl_ext_header_hbh_update
                0x000000000002bdcf                rpl_ext_header_update
                0x000000000002be75                rpl_ext_header_remove
 .text          0x000000000002c071      0x354 build/cooja/mtype152.a(rpl-mrhof.o)
 .text          0x000000000002c3c5        0x0 /usr/lib/gcc/x86_64-linux-gnu/7/crtendS.o
 .text          0x000000000002c3c5        0x0 /usr/lib/gcc/x86_64-linux-gnu/7/../../../x86_64-linux-gnu/crtn.o
 *(.gnu.warning)

.fini           0x000000000002c3c8        0x9
 *(SORT_NONE(.fini))
 .fini          0x000000000002c3c8        0x4 /usr/lib/gcc/x86_64-linux-gnu/7/../../../x86_64-linux-gnu/crti.o
                0x000000000002c3c8                _fini
 .fini          0x000000000002c3cc        0x5 /usr/lib/gcc/x86_64-linux-gnu/7/../../../x86_64-linux-gnu/crtn.o
                [!provide]                        PROVIDE (__etext = .)
                [!provide]                        PROVIDE (_etext = .)
                [!provide]                        PROVIDE (etext = .)

.rodata         0x000000000002c3d8      0x9a3
 *(.rodata .rodata.* .gnu.linkonce.r.*)
 .rodata        0x000000000002c3d8       0x9b node.o
 .rodata        0x000000000002c473        0x6 build/cooja/mtype152.a(leds-arch.o)
                0x000000000002c473                leds_arch_leds
 .rodata        0x000000000002c479        0x4 build/cooja/mtype152.a(pir-sensor.o)
 .rodata        0x000000000002c47d        0x6 build/cooja/mtype152.a(rs232.o)
 .rodata        0x000000000002c483        0xa build/cooja/mtype152.a(vib-sensor.o)
 *fill*         0x000000000002c48d        0x3 
 .rodata        0x000000000002c490       0x27 build/cooja/mtype152.a(cfs-cooja.o)
 *fill*         0x000000000002c4b7        0x1 
 .rodata        0x000000000002c4b8       0x68 build/cooja/mtype152.a(cooja-radio.o)
 .rodata        0x000000000002c520        0x8 build/cooja/mtype152.a(sensors.o)
 .rodata        0x000000000002c528       0x14 build/cooja/mtype152.a(buttons.o)
                0x000000000002c534                button_hal_button_count
 *fill*         0x000000000002c53c        0x4 
 .rodata        0x000000000002c540       0x99 build/cooja/mtype152.a(temperature.o)
 *fill*         0x000000000002c5d9        0x7 
 .rodata        0x000000000002c5e0       0x92 build/cooja/mtype152.a(alarm.o)
 .rodata        0x000000000002c672       0x41 build/cooja/mtype152.a(coap-engine.o)
 .rodata        0x000000000002c6b3       0x19 build/cooja/mtype152.a(coap-res-well-k)
 .rodata        0x000000000002c6cc       0x11 build/cooja/mtype152.a(coap-observe.o)
 .rodata        0x000000000002c6dd       0x35 build/cooja/mtype152.a(coap-uip.o)
 *fill*         0x000000000002c712        0x6 
 .rodata        0x000000000002c718      0x1b0 build/cooja/mtype152.a(coap.o)
 .rodata        0x000000000002c8c8      0x104 build/cooja/mtype152.a(contiki-main.o)
 .rodata        0x000000000002c9cc        0xf build/cooja/mtype152.a(ctimer.o)
 *fill*         0x000000000002c9db        0x1 
 .rodata        0x000000000002c9dc       0xc4 build/cooja/mtype152.a(log.o)
 .rodata        0x000000000002caa0        0xc build/cooja/mtype152.a(etimer.o)
 .rodata        0x000000000002caac       0x13 build/cooja/mtype152.a(button-hal.o)
 .rodata        0x000000000002cabf        0xe build/cooja/mtype152.a(serial-line.o)
 *fill*         0x000000000002cacd        0x3 
 .rodata        0x000000000002cad0        0x8 build/cooja/mtype152.a(linkaddr.o)
                0x000000000002cad0                linkaddr_null
 .rodata        0x000000000002cad8        0x5 build/cooja/mtype152.a(csma.o)
 *fill*         0x000000000002cadd        0x3 
 .rodata        0x000000000002cae0       0x2a build/cooja/mtype152.a(csma-output.o)
 *fill*         0x000000000002cb0a        0x6 
 .rodata        0x000000000002cb10       0x4d build/cooja/mtype152.a(uip-ds6-route.o)
 .rodata        0x000000000002cb5d        0xd build/cooja/mtype152.a(tcpip.o)
 .rodata        0x000000000002cb6a       0x1d build/cooja/mtype152.a(sicslowpan.o)
                0x000000000002cb6a                unc_llconf
                0x000000000002cb6e                unc_ctxconf
                0x000000000002cb72                unc_mxconf
                0x000000000002cb76                llprefix
 .rodata        0x000000000002cb87       0x2d build/cooja/mtype152.a(uiplib.o)
 .rodata        0x000000000002cbb4        0x9 build/cooja/mtype152.a(rpl.o)
 .rodata        0x000000000002cbbd       0x13 build/cooja/mtype152.a(coap-timer-defa)
 .rodata        0x000000000002cbd0       0x25 build/cooja/mtype152.a(assert.o)
 .rodata        0x000000000002cbf5       0x44 build/cooja/mtype152.a(uip-sr.o)
 *fill*         0x000000000002cc39        0x7 
 .rodata        0x000000000002cc40       0x58 build/cooja/mtype152.a(rpl-neighbor.o)
 .rodata        0x000000000002cc98       0xd7 build/cooja/mtype152.a(rpl-dag.o)
 .rodata        0x000000000002cd6f        0xc build/cooja/mtype152.a(rpl-timers.o)

.rodata1
 *(.rodata1)

.eh_frame_hdr   0x000000000002cd7c     0x19e4
 *(.eh_frame_hdr)
 .eh_frame_hdr  0x000000000002cd7c     0x19e4 node.o
                0x000000000002cd7c                __GNU_EH_FRAME_HDR
 *(.eh_frame_entry .eh_frame_entry.*)

.eh_frame       0x000000000002e760     0x6814
 *(.eh_frame)
 .eh_frame      0x000000000002e760       0x40 /usr/lib/gcc/x86_64-linux-gnu/7/../../../x86_64-linux-gnu/crti.o
 .eh_frame      0x000000000002e7a0       0x18 /usr/lib/gcc/x86_64-linux-gnu/7/../../../x86_64-linux-gnu/crti.o
                                         0x30 (size before relaxing)
 .eh_frame      0x000000000002e7b8       0x60 node.o
                                         0x78 (size before relaxing)
 .eh_frame      0x000000000002e818      0x178 build/cooja/mtype152.o
                                        0x190 (size before relaxing)
 .eh_frame      0x000000000002e990       0x40 build/cooja/mtype152.a(simEnvChange.o)
                                         0x58 (size before relaxing)
 .eh_frame      0x000000000002e9d0       0x60 build/cooja/mtype152.a(cooja_mt.o)
                                         0x78 (size before relaxing)
 .eh_frame      0x000000000002ea30       0x80 build/cooja/mtype152.a(cooja_mtarch.o)
                                         0x98 (size before relaxing)
 .eh_frame      0x000000000002eab0       0xc0 build/cooja/mtype152.a(rtimer-arch.o)
                                         0xd8 (size before relaxing)
 .eh_frame      0x000000000002eb70      0x160 build/cooja/mtype152.a(beep.o)
                                        0x178 (size before relaxing)
 .eh_frame      0x000000000002ecd0       0x80 build/cooja/mtype152.a(leds-arch.o)
                                         0x98 (size before relaxing)
 .eh_frame      0x000000000002ed50       0x40 build/cooja/mtype152.a(moteid.o)
                                         0x58 (size before relaxing)
 .eh_frame      0x000000000002ed90       0xa0 build/cooja/mtype152.a(pir-sensor.o)
                                         0xb8 (size before relaxing)
 .eh_frame      0x000000000002ee30      0x100 build/cooja/mtype152.a(rs232.o)
                                        0x118 (size before relaxing)
 .eh_frame      0x000000000002ef30       0xa0 build/cooja/mtype152.a(vib-sensor.o)
                                         0xb8 (size before relaxing)
 .eh_frame      0x000000000002efd0       0xc0 build/cooja/mtype152.a(clock.o)
                                         0xd8 (size before relaxing)
 .eh_frame      0x000000000002f090      0x128 build/cooja/mtype152.a(cooja-log.o)
                                        0x140 (size before relaxing)
 .eh_frame      0x000000000002f1b8      0x160 build/cooja/mtype152.a(cfs-cooja.o)
                                        0x178 (size before relaxing)
 .eh_frame      0x000000000002f318      0x340 build/cooja/mtype152.a(cooja-radio.o)
                                        0x358 (size before relaxing)
 .eh_frame      0x000000000002f658       0xa0 build/cooja/mtype152.a(eeprom.o)
                                         0xb8 (size before relaxing)
 .eh_frame      0x000000000002f6f8       0x40 build/cooja/mtype152.a(random.o)
                                         0x58 (size before relaxing)
 .eh_frame      0x000000000002f738       0xc0 build/cooja/mtype152.a(sensors.o)
                                         0xd8 (size before relaxing)
 .eh_frame      0x000000000002f7f8      0x120 build/cooja/mtype152.a(leds.o)
                                        0x138 (size before relaxing)
 .eh_frame      0x000000000002f918      0x220 build/cooja/mtype152.a(gpio-hal-arch.o)
                                        0x238 (size before relaxing)
 .eh_frame      0x000000000002fb38       0xa0 build/cooja/mtype152.a(buttons.o)
                                         0xb8 (size before relaxing)
 .eh_frame      0x000000000002fbd8       0x40 build/cooja/mtype152.a(temperature.o)
                                         0x58 (size before relaxing)
 .eh_frame      0x000000000002fc18       0x20 build/cooja/mtype152.a(alarm.o)
                                         0x38 (size before relaxing)
 .eh_frame      0x000000000002fc38       0x40 build/cooja/mtype152.a(coap-blocking-a)
                                         0x58 (size before relaxing)
 .eh_frame      0x000000000002fc78      0x220 build/cooja/mtype152.a(coap-engine.o)
                                        0x238 (size before relaxing)
 .eh_frame      0x000000000002fe98       0x20 build/cooja/mtype152.a(coap-res-well-k)
                                         0x38 (size before relaxing)
 .eh_frame      0x000000000002feb8      0x188 build/cooja/mtype152.a(coap-observe.o)
                                        0x1a0 (size before relaxing)
 .eh_frame      0x0000000000030040      0x248 build/cooja/mtype152.a(coap-uip.o)
                                        0x260 (size before relaxing)
 .eh_frame      0x0000000000030288      0x108 build/cooja/mtype152.a(coap-timer.o)
                                        0x120 (size before relaxing)
 .eh_frame      0x0000000000030390      0x100 build/cooja/mtype152.a(coap-transactio)
                                        0x118 (size before relaxing)
 .eh_frame      0x0000000000030490      0x6e8 build/cooja/mtype152.a(coap.o)
                                        0x700 (size before relaxing)
 .eh_frame      0x0000000000030b78       0x20 build/cooja/mtype152.a(contiki-main.o)
                                         0x38 (size before relaxing)
 .eh_frame      0x0000000000030b98       0x40 build/cooja/mtype152.a(autostart.o)
                                         0x58 (size before relaxing)
 .eh_frame      0x0000000000030bd8      0x100 build/cooja/mtype152.a(ctimer.o)
                                        0x118 (size before relaxing)
 .eh_frame      0x0000000000030cd8      0x100 build/cooja/mtype152.a(log.o)
                                        0x118 (size before relaxing)
 .eh_frame      0x0000000000030dd8       0x60 build/cooja/mtype152.a(energest.o)
                                         0x78 (size before relaxing)
 .eh_frame      0x0000000000030e38      0x1e0 build/cooja/mtype152.a(etimer.o)
                                        0x1f8 (size before relaxing)
 .eh_frame      0x0000000000031018       0x20 build/cooja/mtype152.a(node-id.o)
                                         0x38 (size before relaxing)
 .eh_frame      0x0000000000031038       0x60 build/cooja/mtype152.a(rtimer.o)
                                         0x78 (size before relaxing)
 .eh_frame      0x0000000000031098      0x1c8 build/cooja/mtype152.a(process.o)
                                        0x1e0 (size before relaxing)
 .eh_frame      0x0000000000031260       0xa0 build/cooja/mtype152.a(timer.o)
                                         0xb8 (size before relaxing)
 .eh_frame      0x0000000000031300      0x1a0 build/cooja/mtype152.a(list.o)
                                        0x1b8 (size before relaxing)
 .eh_frame      0x00000000000314a0       0xa0 build/cooja/mtype152.a(memb.o)
                                         0xb8 (size before relaxing)
 .eh_frame      0x0000000000031540      0x140 build/cooja/mtype152.a(button-hal.o)
                                        0x158 (size before relaxing)
 .eh_frame      0x0000000000031680       0x60 build/cooja/mtype152.a(serial-line.o)
                                         0x78 (size before relaxing)
 .eh_frame      0x00000000000316e0       0xe0 build/cooja/mtype152.a(gpio-hal.o)
                                         0xf8 (size before relaxing)
 .eh_frame      0x00000000000317c0      0x1a0 build/cooja/mtype152.a(queuebuf.o)
                                        0x1b8 (size before relaxing)
 .eh_frame      0x0000000000031960      0x288 build/cooja/mtype152.a(packetbuf.o)
                                        0x2a0 (size before relaxing)
 .eh_frame      0x0000000000031be8       0x80 build/cooja/mtype152.a(netstack.o)
                                         0x98 (size before relaxing)
 .eh_frame      0x0000000000031c68       0x60 build/cooja/mtype152.a(linkaddr.o)
                                         0x78 (size before relaxing)
 .eh_frame      0x0000000000031cc8       0xe0 build/cooja/mtype152.a(csma.o)
                                         0xf8 (size before relaxing)
 .eh_frame      0x0000000000031da8      0x1c8 build/cooja/mtype152.a(csma-output.o)
                                        0x1e0 (size before relaxing)
 .eh_frame      0x0000000000031f70      0x328 build/cooja/mtype152.a(uip-ds6.o)
                                        0x340 (size before relaxing)
 .eh_frame      0x0000000000032298       0x40 build/cooja/mtype152.a(uip-udp-packet.)
                                         0x58 (size before relaxing)
 .eh_frame      0x00000000000322d8      0x220 build/cooja/mtype152.a(uip-ds6-route.o)
                                        0x238 (size before relaxing)
 .eh_frame      0x00000000000324f8      0x248 build/cooja/mtype152.a(tcpip.o)
                                        0x260 (size before relaxing)
 .eh_frame      0x0000000000032740      0x1e8 build/cooja/mtype152.a(uip6.o)
                                        0x200 (size before relaxing)
 .eh_frame      0x0000000000032928      0x1c0 build/cooja/mtype152.a(uip-ds6-nbr.o)
                                        0x1d8 (size before relaxing)
 .eh_frame      0x0000000000032ae8       0x80 build/cooja/mtype152.a(uip-nd6.o)
                                         0x98 (size before relaxing)
 .eh_frame      0x0000000000032b68      0x2e0 build/cooja/mtype152.a(sicslowpan.o)
                                        0x2f8 (size before relaxing)
 .eh_frame      0x0000000000032e48       0x80 build/cooja/mtype152.a(uiplib.o)
                                         0x98 (size before relaxing)
 .eh_frame      0x0000000000032ec8      0x1e0 build/cooja/mtype152.a(rpl.o)
                                        0x1f8 (size before relaxing)
 .eh_frame      0x00000000000330a8      0x1c0 build/cooja/mtype152.a(rpl-icmp6.o)
                                        0x1d8 (size before relaxing)
 .eh_frame      0x0000000000033268       0xa0 build/cooja/mtype152.a(rpl-dag-root.o)
                                         0xb8 (size before relaxing)
 .eh_frame      0x0000000000033308       0xa0 build/cooja/mtype152.a(watchdog.o)
                                         0xb8 (size before relaxing)
 .eh_frame      0x00000000000333a8       0x80 build/cooja/mtype152.a(int-master.o)
                                         0x98 (size before relaxing)
 .eh_frame      0x0000000000033428       0xa0 build/cooja/mtype152.a(coap-timer-defa)
                                         0xb8 (size before relaxing)
 .eh_frame      0x00000000000334c8       0xc0 build/cooja/mtype152.a(stimer.o)
                                         0xd8 (size before relaxing)
 .eh_frame      0x0000000000033588       0xa0 build/cooja/mtype152.a(ringbuf.o)
                                         0xb8 (size before relaxing)
 .eh_frame      0x0000000000033628       0x20 build/cooja/mtype152.a(assert.o)
                                         0x38 (size before relaxing)
 .eh_frame      0x0000000000033648      0x2a0 build/cooja/mtype152.a(nbr-table.o)
                                        0x2b8 (size before relaxing)
 .eh_frame      0x00000000000338e8      0x120 build/cooja/mtype152.a(link-stats.o)
                                        0x138 (size before relaxing)
 .eh_frame      0x0000000000033a08       0x48 build/cooja/mtype152.a(mac-sequence.o)
                                         0x60 (size before relaxing)
 .eh_frame      0x0000000000033a50       0x20 build/cooja/mtype152.a(mac.o)
                                         0x38 (size before relaxing)
 .eh_frame      0x0000000000033a70       0xa8 build/cooja/mtype152.a(framer-802154.o)
                                         0xc0 (size before relaxing)
 .eh_frame      0x0000000000033b18      0x1a8 build/cooja/mtype152.a(frame802154.o)
                                        0x1c0 (size before relaxing)
 .eh_frame      0x0000000000033cc0       0x40 build/cooja/mtype152.a(csma-security.o)
                                         0x58 (size before relaxing)
 .eh_frame      0x0000000000033d00      0x200 build/cooja/mtype152.a(uipbuf.o)
                                        0x218 (size before relaxing)
 .eh_frame      0x0000000000033f00      0x148 build/cooja/mtype152.a(uip-icmp6.o)
                                        0x160 (size before relaxing)
 .eh_frame      0x0000000000034048      0x180 build/cooja/mtype152.a(uip-sr.o)
                                        0x198 (size before relaxing)
 .eh_frame      0x00000000000341c8       0xe0 build/cooja/mtype152.a(uip-packetqueue)
                                         0xf8 (size before relaxing)
 .eh_frame      0x00000000000342a8       0x80 build/cooja/mtype152.a(rpl-nbr-policy.)
                                         0x98 (size before relaxing)
 .eh_frame      0x0000000000034328      0x2d0 build/cooja/mtype152.a(rpl-neighbor.o)
                                        0x2e8 (size before relaxing)
 .eh_frame      0x00000000000345f8      0x360 build/cooja/mtype152.a(rpl-dag.o)
                                        0x378 (size before relaxing)
 .eh_frame      0x0000000000034958      0x3a8 build/cooja/mtype152.a(rpl-timers.o)
                                        0x3c0 (size before relaxing)
 .eh_frame      0x0000000000034d00      0x128 build/cooja/mtype152.a(rpl-ext-header.)
                                        0x140 (size before relaxing)
 .eh_frame      0x0000000000034e28      0x148 build/cooja/mtype152.a(rpl-mrhof.o)
                                        0x160 (size before relaxing)
 .eh_frame      0x0000000000034f70        0x4 /usr/lib/gcc/x86_64-linux-gnu/7/crtendS.o
 *(.eh_frame.*)

.gcc_except_table
 *(.gcc_except_table .gcc_except_table.*)

.gnu_extab
 *(.gnu_extab*)

.exception_ranges
 *(.exception_ranges .exception_ranges*)
                0x00000000002356b0                . = DATA_SEGMENT_ALIGN (CONSTANT (MAXPAGESIZE), CONSTANT (COMMONPAGESIZE))

.eh_frame
 *(.eh_frame)
 *(.eh_frame.*)

.gnu_extab
 *(.gnu_extab)

.gcc_except_table
 *(.gcc_except_table .gcc_except_table.*)

.exception_ranges
 *(.exception_ranges .exception_ranges*)

.tdata
 *(.tdata .tdata.* .gnu.linkonce.td.*)

.tbss
 *(.tbss .tbss.* .gnu.linkonce.tb.*)
 *(.tcommon)

.preinit_array
 *(.preinit_array)

.init_array     0x00000000002356b0        0x8
 *(SORT_BY_INIT_PRIORITY(.init_array.*) SORT_BY_INIT_PRIORITY(.ctors.*))
 *(.init_array EXCLUDE_FILE(*crtend?.o *crtend.o *crtbegin?.o *crtbegin.o) .ctors)
 .init_array    0x00000000002356b0        0x8 /usr/lib/gcc/x86_64-linux-gnu/7/crtbeginS.o

.fini_array     0x00000000002356b8        0x8
 *(SORT_BY_INIT_PRIORITY(.fini_array.*) SORT_BY_INIT_PRIORITY(.dtors.*))
 *(.fini_array EXCLUDE_FILE(*crtend?.o *crtend.o *crtbegin?.o *crtbegin.o) .dtors)
 .fini_array    0x00000000002356b8        0x8 /usr/lib/gcc/x86_64-linux-gnu/7/crtbeginS.o

.ctors
 *crtbegin.o(.ctors)
 *crtbegin?.o(.ctors)
 *(EXCLUDE_FILE(*crtend?.o *crtend.o) .ctors)
 *(SORT_BY_NAME(.ctors.*))
 *(.ctors)

.dtors
 *crtbegin.o(.dtors)
 *crtbegin?.o(.dtors)
 *(EXCLUDE_FILE(*crtend?.o *crtend.o) .dtors)
 *(SORT_BY_NAME(.dtors.*))
 *(.dtors)

.jcr
 *(.jcr)

.data.rel.ro    0x00000000002356c0      0x370
 *(.data.rel.ro.local* .gnu.linkonce.d.rel.ro.local.*)
 .data.rel.ro.local
                0x00000000002356c0       0x10 build/cooja/mtype152.a(beep.o)
                0x00000000002356c0                beep_interface
 .data.rel.ro.local
                0x00000000002356d0       0x10 build/cooja/mtype152.a(leds-arch.o)
                0x00000000002356d0                leds_interface
 .data.rel.ro.local
                0x00000000002356e0       0x10 build/cooja/mtype152.a(moteid.o)
                0x00000000002356e0                moteid_interface
 *fill*         0x00000000002356f0       0x10 
 .data.rel.ro.local
                0x0000000000235700       0x40 build/cooja/mtype152.a(pir-sensor.o)
                0x0000000000235700                pir_interface
                0x0000000000235720                pir_sensor
 .data.rel.ro.local
                0x0000000000235740       0x10 build/cooja/mtype152.a(rs232.o)
                0x0000000000235740                rs232_interface
 *fill*         0x0000000000235750       0x10 
 .data.rel.ro.local
                0x0000000000235760       0x40 build/cooja/mtype152.a(vib-sensor.o)
                0x0000000000235760                vib_interface
                0x0000000000235780                vib_sensor
 .data.rel.ro.local
                0x00000000002357a0       0x10 build/cooja/mtype152.a(clock.o)
                0x00000000002357a0                clock_interface
 .data.rel.ro.local
                0x00000000002357b0       0x10 build/cooja/mtype152.a(cooja-log.o)
                0x00000000002357b0                simlog_interface
 .data.rel.ro.local
                0x00000000002357c0       0x10 build/cooja/mtype152.a(cfs-cooja.o)
                0x00000000002357c0                cfs_interface
 *fill*         0x00000000002357d0       0x10 
 .data.rel.ro.local
                0x00000000002357e0       0x90 build/cooja/mtype152.a(cooja-radio.o)
                0x00000000002357e0                radio_interface
                0x0000000000235800                cooja_radio_driver
 .data.rel.ro.local
                0x0000000000235870       0x10 build/cooja/mtype152.a(eeprom.o)
                0x0000000000235870                eeprom_interface
 .data.rel.ro.local
                0x0000000000235880       0x40 build/cooja/mtype152.a(buttons.o)
                0x0000000000235880                button_interface
                0x00000000002358a0                button_sensor
 .data.rel.ro.local
                0x00000000002358c0       0x38 build/cooja/mtype152.a(csma.o)
                0x00000000002358c0                csma_driver
 *fill*         0x00000000002358f8        0x8 
 .data.rel.ro.local
                0x0000000000235900       0x18 build/cooja/mtype152.a(coap-timer-defa)
                0x0000000000235900                coap_timer_default_driver
 *fill*         0x0000000000235918        0x8 
 .data.rel.ro.local
                0x0000000000235920       0x18 build/cooja/mtype152.a(framer-802154.o)
                0x0000000000235920                framer_802154
 *(.data.rel.ro .data.rel.ro.* .gnu.linkonce.d.rel.ro.*)
 .data.rel.ro   0x0000000000235938        0x0 /usr/lib/gcc/x86_64-linux-gnu/7/../../../x86_64-linux-gnu/crti.o
 *fill*         0x0000000000235938        0x8 
 .data.rel.ro   0x0000000000235940       0x10 node.o
                0x0000000000235940                autostart_processes
 *fill*         0x0000000000235950       0x10 
 .data.rel.ro   0x0000000000235960       0x20 build/cooja/mtype152.a(sicslowpan.o)
                0x0000000000235960                sicslowpan_driver
 .data.rel.ro   0x0000000000235980       0xa8 build/cooja/mtype152.a(rpl.o)
                0x0000000000235980                rpl_lite_driver
 .data.rel.ro   0x0000000000235a28        0x8 build/cooja/mtype152.a(rpl-dag.o)

.dynamic        0x0000000000235a30      0x1c0
 *(.dynamic)
 .dynamic       0x0000000000235a30      0x1c0 /usr/lib/gcc/x86_64-linux-gnu/7/../../../x86_64-linux-gnu/crti.o
                0x0000000000235a30                _DYNAMIC

.got            0x0000000000235bf0      0x408
 *(.got)
 .got           0x0000000000235bf0      0x408 /usr/lib/gcc/x86_64-linux-gnu/7/../../../x86_64-linux-gnu/crti.o
 *(.igot)
                0x0000000000236fe8                . = DATA_SEGMENT_RELRO_END (., (SIZEOF (.got.plt) >= 0x18)?0x18:0x0)

.got.plt        0x0000000000236000      0xc70
 *(.got.plt)
 .got.plt       0x0000000000236000      0xc70 /usr/lib/gcc/x86_64-linux-gnu/7/../../../x86_64-linux-gnu/crti.o
                0x0000000000236000                _GLOBAL_OFFSET_TABLE_
 *(.igot.plt)

.data           0x0000000000236c80      0x928
 *(.data .data.* .gnu.linkonce.d.*)
 .data          0x0000000000236c80        0x0 /usr/lib/gcc/x86_64-linux-gnu/7/../../../x86_64-linux-gnu/crti.o
 .data          0x0000000000236c80        0x0 /usr/lib/gcc/x86_64-linux-gnu/7/crtbeginS.o
 .data.rel.local
                0x0000000000236c80        0x8 /usr/lib/gcc/x86_64-linux-gnu/7/crtbeginS.o
                0x0000000000236c80                __dso_handle
 .data          0x0000000000236c88        0x4 node.o
                0x0000000000236c88                temperatureValue
 *fill*         0x0000000000236c8c       0x14 
 .data.rel.local
                0x0000000000236ca0       0x20 node.o
                0x0000000000236ca0                node
 .data          0x0000000000236cc0        0x0 build/cooja/mtype152.o
 .data.rel      0x0000000000236cc0       0xa0 build/cooja/mtype152.o
                0x0000000000236cc0                simInterfaces
                0x0000000000236d40                sensors
 .data          0x0000000000236d60        0x0 build/cooja/mtype152.a(simEnvChange.o)
 .data          0x0000000000236d60        0x0 build/cooja/mtype152.a(cooja_mt.o)
 .data          0x0000000000236d60        0x0 build/cooja/mtype152.a(cooja_mtarch.o)
 .data          0x0000000000236d60        0x0 build/cooja/mtype152.a(rtimer-arch.o)
 .data          0x0000000000236d60        0x0 build/cooja/mtype152.a(beep.o)
 .data          0x0000000000236d60        0x0 build/cooja/mtype152.a(leds-arch.o)
 .data          0x0000000000236d60        0x0 build/cooja/mtype152.a(moteid.o)
 .data          0x0000000000236d60        0x0 build/cooja/mtype152.a(pir-sensor.o)
 .data          0x0000000000236d60        0x0 build/cooja/mtype152.a(rs232.o)
 .data          0x0000000000236d60        0x0 build/cooja/mtype152.a(vib-sensor.o)
 .data          0x0000000000236d60        0x0 build/cooja/mtype152.a(clock.o)
 .data          0x0000000000236d60        0x0 build/cooja/mtype152.a(cooja-log.o)
 .data          0x0000000000236d60        0x0 build/cooja/mtype152.a(cfs-cooja.o)
 .data          0x0000000000236d60       0x1c build/cooja/mtype152.a(cooja-radio.o)
                0x0000000000236d60                simRadioHWOn
                0x0000000000236d64                simSignalStrength
                0x0000000000236d68                simLastSignalStrength
                0x0000000000236d6c                simPower
                0x0000000000236d70                simRadioChannel
                0x0000000000236d74                simLQI
 *fill*         0x0000000000236d7c        0x4 
 .data.rel.local
                0x0000000000236d80       0x20 build/cooja/mtype152.a(cooja-radio.o)
                0x0000000000236d80                cooja_radio_process
 .data          0x0000000000236da0        0x0 build/cooja/mtype152.a(eeprom.o)
 .data          0x0000000000236da0        0x0 build/cooja/mtype152.a(random.o)
 .data          0x0000000000236da0        0x0 build/cooja/mtype152.a(sensors.o)
 .data.rel.local
                0x0000000000236da0       0x20 build/cooja/mtype152.a(sensors.o)
                0x0000000000236da0                sensors_process
 .data          0x0000000000236dc0        0x0 build/cooja/mtype152.a(leds.o)
 .data          0x0000000000236dc0        0x0 build/cooja/mtype152.a(gpio-hal-arch.o)
 .data          0x0000000000236dc0        0x1 build/cooja/mtype152.a(buttons.o)
                0x0000000000236dc0                simButtonIsActive
 *fill*         0x0000000000236dc1       0x1f 
 .data.rel.local
                0x0000000000236de0       0xb0 build/cooja/mtype152.a(buttons.o)
                0x0000000000236e80                button_hal_buttons
 .data          0x0000000000236e90        0x0 build/cooja/mtype152.a(temperature.o)
 *fill*         0x0000000000236e90       0x10 
 .data.rel.local
                0x0000000000236ea0       0x48 build/cooja/mtype152.a(temperature.o)
                0x0000000000236ea0                temperature
 .data          0x0000000000236ee8        0x0 build/cooja/mtype152.a(alarm.o)
 *fill*         0x0000000000236ee8       0x18 
 .data.rel.local
                0x0000000000236f00       0x48 build/cooja/mtype152.a(alarm.o)
                0x0000000000236f00                ledAlarm
 .data          0x0000000000236f48        0x0 build/cooja/mtype152.a(coap-blocking-a)
 .data          0x0000000000236f48        0x0 build/cooja/mtype152.a(coap-engine.o)
 .data.rel.local
                0x0000000000236f48       0x10 build/cooja/mtype152.a(coap-engine.o)
 .data          0x0000000000236f58        0x0 build/cooja/mtype152.a(coap-res-well-k)
 *fill*         0x0000000000236f58        0x8 
 .data.rel.local
                0x0000000000236f60       0x48 build/cooja/mtype152.a(coap-res-well-k)
                0x0000000000236f60                res_well_known_core
 .data          0x0000000000236fa8        0x0 build/cooja/mtype152.a(coap-observe.o)
 *fill*         0x0000000000236fa8        0x8 
 .data.rel.local
                0x0000000000236fb0       0x20 build/cooja/mtype152.a(coap-observe.o)
 .data          0x0000000000236fd0        0x0 build/cooja/mtype152.a(coap-uip.o)
 *fill*         0x0000000000236fd0       0x10 
 .data.rel.local
                0x0000000000236fe0       0x20 build/cooja/mtype152.a(coap-uip.o)
                0x0000000000236fe0                coap_engine
 .data          0x0000000000237000        0x0 build/cooja/mtype152.a(coap-timer.o)
 .data.rel.local
                0x0000000000237000        0x8 build/cooja/mtype152.a(coap-timer.o)
 .data          0x0000000000237008        0x0 build/cooja/mtype152.a(coap-transactio)
 *fill*         0x0000000000237008        0x8 
 .data.rel.local
                0x0000000000237010       0x20 build/cooja/mtype152.a(coap-transactio)
 .data          0x0000000000237030        0x0 build/cooja/mtype152.a(coap.o)
 .data.rel.local
                0x0000000000237030        0x8 build/cooja/mtype152.a(coap.o)
                0x0000000000237030                coap_error_message
 .data          0x0000000000237038        0x0 build/cooja/mtype152.a(contiki-main.o)
 .data          0x0000000000237038        0x0 build/cooja/mtype152.a(autostart.o)
 .data          0x0000000000237038        0x0 build/cooja/mtype152.a(ctimer.o)
 *fill*         0x0000000000237038        0x8 
 .data.rel.local
                0x0000000000237040       0x40 build/cooja/mtype152.a(ctimer.o)
                0x0000000000237060                ctimer_process
 .data          0x0000000000237080        0x4 build/cooja/mtype152.a(log.o)
                0x0000000000237080                curr_log_level_main
 *fill*         0x0000000000237084       0x1c 
 .data.rel      0x00000000002370a0      0x138 build/cooja/mtype152.a(log.o)
                0x00000000002370a0                all_modules
 .data          0x00000000002371d8        0x0 build/cooja/mtype152.a(energest.o)
 .data          0x00000000002371d8        0x0 build/cooja/mtype152.a(etimer.o)
 *fill*         0x00000000002371d8        0x8 
 .data.rel.local
                0x00000000002371e0       0x20 build/cooja/mtype152.a(etimer.o)
                0x00000000002371e0                etimer_process
 .data          0x0000000000237200        0x0 build/cooja/mtype152.a(node-id.o)
 .data          0x0000000000237200        0x0 build/cooja/mtype152.a(rtimer.o)
 .data          0x0000000000237200        0x0 build/cooja/mtype152.a(process.o)
 .data          0x0000000000237200        0x0 build/cooja/mtype152.a(timer.o)
 .data          0x0000000000237200        0x0 build/cooja/mtype152.a(list.o)
 .data          0x0000000000237200        0x0 build/cooja/mtype152.a(memb.o)
 .data          0x0000000000237200        0x0 build/cooja/mtype152.a(button-hal.o)
 .data.rel.local
                0x0000000000237200       0x20 build/cooja/mtype152.a(button-hal.o)
                0x0000000000237200                button_hal_process
 .data          0x0000000000237220        0x0 build/cooja/mtype152.a(serial-line.o)
 .data.rel.local
                0x0000000000237220       0x20 build/cooja/mtype152.a(serial-line.o)
                0x0000000000237220                serial_line_process
 .data          0x0000000000237240        0x0 build/cooja/mtype152.a(gpio-hal.o)
 .data.rel.local
                0x0000000000237240        0x8 build/cooja/mtype152.a(gpio-hal.o)
 .data          0x0000000000237248        0x0 build/cooja/mtype152.a(queuebuf.o)
 *fill*         0x0000000000237248        0x8 
 .data.rel.local
                0x0000000000237250       0x38 build/cooja/mtype152.a(queuebuf.o)
 .data          0x0000000000237288        0x0 build/cooja/mtype152.a(packetbuf.o)
 .data.rel.local
                0x0000000000237288        0x8 build/cooja/mtype152.a(packetbuf.o)
 .data          0x0000000000237290        0x0 build/cooja/mtype152.a(netstack.o)
 .data.rel.local
                0x0000000000237290        0x8 build/cooja/mtype152.a(netstack.o)
 .data          0x0000000000237298        0x0 build/cooja/mtype152.a(linkaddr.o)
 .data          0x0000000000237298        0x0 build/cooja/mtype152.a(csma.o)
 .data          0x0000000000237298        0x0 build/cooja/mtype152.a(csma-output.o)
 *fill*         0x0000000000237298        0x8 
 .data.rel.local
                0x00000000002372a0       0x60 build/cooja/mtype152.a(csma-output.o)
 .data          0x0000000000237300        0x0 build/cooja/mtype152.a(uip-ds6.o)
 .data          0x0000000000237300        0x0 build/cooja/mtype152.a(uip-udp-packet.)
 .data          0x0000000000237300        0x0 build/cooja/mtype152.a(uip-ds6-route.o)
 .data.rel.local
                0x0000000000237300       0x28 build/cooja/mtype152.a(uip-ds6-route.o)
 .data          0x0000000000237328        0x0 build/cooja/mtype152.a(tcpip.o)
 *fill*         0x0000000000237328       0x18 
 .data.rel.local
                0x0000000000237340       0x20 build/cooja/mtype152.a(tcpip.o)
                0x0000000000237340                tcpip_process
 .data          0x0000000000237360        0x0 build/cooja/mtype152.a(uip6.o)
 .data          0x0000000000237360        0x0 build/cooja/mtype152.a(uip-ds6-nbr.o)
 .data.rel.local
                0x0000000000237360       0x20 build/cooja/mtype152.a(uip-ds6-nbr.o)
 .data          0x0000000000237380        0x0 build/cooja/mtype152.a(uip-nd6.o)
 .data.rel.local
                0x0000000000237380       0x18 build/cooja/mtype152.a(uip-nd6.o)
 .data          0x0000000000237398        0x0 build/cooja/mtype152.a(sicslowpan.o)
 .data          0x0000000000237398        0x0 build/cooja/mtype152.a(uiplib.o)
 .data          0x0000000000237398        0x0 build/cooja/mtype152.a(rpl.o)
 .data          0x0000000000237398        0x0 build/cooja/mtype152.a(rpl-icmp6.o)
 *fill*         0x0000000000237398        0x8 
 .data.rel.local
                0x00000000002373a0       0x78 build/cooja/mtype152.a(rpl-icmp6.o)
 .data          0x0000000000237418        0x0 build/cooja/mtype152.a(rpl-dag-root.o)
 .data          0x0000000000237418        0x0 build/cooja/mtype152.a(watchdog.o)
 .data          0x0000000000237418        0x0 build/cooja/mtype152.a(int-master.o)
 .data          0x0000000000237418        0x0 build/cooja/mtype152.a(coap-timer-defa)
 *fill*         0x0000000000237418        0x8 
 .data.rel.local
                0x0000000000237420       0x20 build/cooja/mtype152.a(coap-timer-defa)
                0x0000000000237420                coap_timer_process
 .data          0x0000000000237440        0x0 build/cooja/mtype152.a(stimer.o)
 .data          0x0000000000237440        0x0 build/cooja/mtype152.a(ringbuf.o)
 .data          0x0000000000237440        0x0 build/cooja/mtype152.a(assert.o)
 .data          0x0000000000237440        0x0 build/cooja/mtype152.a(nbr-table.o)
 .data.rel.local
                0x0000000000237440       0x20 build/cooja/mtype152.a(nbr-table.o)
 .data          0x0000000000237460        0x0 build/cooja/mtype152.a(link-stats.o)
 .data.rel.local
                0x0000000000237460       0x20 build/cooja/mtype152.a(link-stats.o)
 .data          0x0000000000237480        0x0 build/cooja/mtype152.a(mac-sequence.o)
 .data          0x0000000000237480        0x0 build/cooja/mtype152.a(mac.o)
 .data          0x0000000000237480        0x0 build/cooja/mtype152.a(framer-802154.o)
 .data          0x0000000000237480        0x2 build/cooja/mtype152.a(frame802154.o)
 .data          0x0000000000237482        0x0 build/cooja/mtype152.a(csma-security.o)
 .data          0x0000000000237482        0x0 build/cooja/mtype152.a(uipbuf.o)
 .data          0x0000000000237482        0x0 build/cooja/mtype152.a(uip-icmp6.o)
 *fill*         0x0000000000237482        0xe 
 .data.rel.local
                0x0000000000237490       0x48 build/cooja/mtype152.a(uip-icmp6.o)
 .data          0x00000000002374d8        0x0 build/cooja/mtype152.a(uip-sr.o)
 *fill*         0x00000000002374d8        0x8 
 .data.rel.local
                0x00000000002374e0       0x28 build/cooja/mtype152.a(uip-sr.o)
 .data          0x0000000000237508        0x0 build/cooja/mtype152.a(uip-packetqueue)
 *fill*         0x0000000000237508        0x8 
 .data.rel.local
                0x0000000000237510       0x18 build/cooja/mtype152.a(uip-packetqueue)
 .data          0x0000000000237528        0x0 build/cooja/mtype152.a(rpl-nbr-policy.)
 .data          0x0000000000237528        0x0 build/cooja/mtype152.a(rpl-neighbor.o)
 *fill*         0x0000000000237528        0x8 
 .data.rel.local
                0x0000000000237530       0x20 build/cooja/mtype152.a(rpl-neighbor.o)
                0x0000000000237548                rpl_neighbors
 .data          0x0000000000237550        0x0 build/cooja/mtype152.a(rpl-dag.o)
 .data          0x0000000000237550        0x0 build/cooja/mtype152.a(rpl-timers.o)
 .data          0x0000000000237550        0x0 build/cooja/mtype152.a(rpl-ext-header.)
 .data          0x0000000000237550        0x0 build/cooja/mtype152.a(rpl-mrhof.o)
 *fill*         0x0000000000237550       0x10 
 .data.rel.local
                0x0000000000237560       0x48 build/cooja/mtype152.a(rpl-mrhof.o)
                0x0000000000237560                rpl_mrhof
 .data          0x00000000002375a8        0x0 /usr/lib/gcc/x86_64-linux-gnu/7/crtendS.o
 .data          0x00000000002375a8        0x0 /usr/lib/gcc/x86_64-linux-gnu/7/../../../x86_64-linux-gnu/crtn.o

.tm_clone_table
                0x00000000002375a8        0x0
 .tm_clone_table
                0x00000000002375a8        0x0 /usr/lib/gcc/x86_64-linux-gnu/7/crtbeginS.o
 .tm_clone_table
                0x00000000002375a8        0x0 /usr/lib/gcc/x86_64-linux-gnu/7/crtendS.o

.data1
 *(.data1)
                0x00000000002375a8                _edata = .
                [!provide]                        PROVIDE (edata = .)
                0x00000000002375a8                . = .
                0x00000000002375a8                __bss_start = .

.bss            0x00000000002375c0    0x19e40
 *(.dynbss)
 .dynbss        0x00000000002375c0        0x0 /usr/lib/gcc/x86_64-linux-gnu/7/../../../x86_64-linux-gnu/crti.o
 *(.bss .bss.* .gnu.linkonce.b.*)
 .bss           0x00000000002375c0        0x0 /usr/lib/gcc/x86_64-linux-gnu/7/../../../x86_64-linux-gnu/crti.o
 .bss           0x00000000002375c0        0x1 /usr/lib/gcc/x86_64-linux-gnu/7/crtbeginS.o
 *fill*         0x00000000002375c1       0x1f 
 .bss           0x00000000002375e0      0x1b0 node.o
 *fill*         0x0000000000237790       0x10 
 .bss           0x00000000002377a0     0x4040 build/cooja/mtype152.o
 .bss           0x000000000023b7e0        0x1 build/cooja/mtype152.a(simEnvChange.o)
                0x000000000023b7e0                simDontFallAsleep
 *fill*         0x000000000023b7e1        0x7 
 .bss           0x000000000023b7e8        0x8 build/cooja/mtype152.a(cooja_mt.o)
 .bss           0x000000000023b7f0        0x8 build/cooja/mtype152.a(cooja_mtarch.o)
 .bss           0x000000000023b7f8        0x0 build/cooja/mtype152.a(rtimer-arch.o)
 .bss           0x000000000023b7f8        0x0 build/cooja/mtype152.a(beep.o)
 .bss           0x000000000023b7f8        0x1 build/cooja/mtype152.a(leds-arch.o)
                0x000000000023b7f8                simLedsValue
 .bss           0x000000000023b7f9        0x0 build/cooja/mtype152.a(moteid.o)
 .bss           0x000000000023b7f9        0x1 build/cooja/mtype152.a(pir-sensor.o)
                0x000000000023b7f9                simPirValue
 *fill*         0x000000000023b7fa        0x6 
 .bss           0x000000000023b800        0x8 build/cooja/mtype152.a(rs232.o)
 .bss           0x000000000023b808        0x1 build/cooja/mtype152.a(vib-sensor.o)
                0x000000000023b808                simVibValue
 .bss           0x000000000023b809        0x0 build/cooja/mtype152.a(clock.o)
 *fill*         0x000000000023b809       0x17 
 .bss           0x000000000023b820     0x2020 build/cooja/mtype152.a(cooja-log.o)
 .bss           0x000000000023d840      0xfc0 build/cooja/mtype152.a(cfs-cooja.o)
                0x000000000023d840                simCFSData
                0x000000000023e7e0                simCFSSize
                0x000000000023e7e4                simCFSChanged
                0x000000000023e7e8                simCFSRead
                0x000000000023e7ec                simCFSWritten
 .bss           0x000000000023e800       0x2c build/cooja/mtype152.a(cooja-radio.o)
                0x000000000023e800                simReceiving
                0x000000000023e804                simInSize
                0x000000000023e808                simLastPacketTimestamp
                0x000000000023e810                simOutSize