Archive member included to satisfy reference by file (symbol)

build/cooja/mtype33.a(simEnvChange.o)
                              build/cooja/mtype33.o (simDontFallAsleep)
build/cooja/mtype33.a(cooja_mt.o)
                              build/cooja/mtype33.o (cooja_mt_start)
build/cooja/mtype33.a(cooja_mtarch.o)
                              build/cooja/mtype33.a(cooja_mt.o) (cooja_mtarch_start)
build/cooja/mtype33.a(rtimer-arch.o)
                              build/cooja/mtype33.o (rtimer_arch_check)
build/cooja/mtype33.a(beep.o)
                              build/cooja/mtype33.o (beep_interface)
build/cooja/mtype33.a(leds-arch.o)
                              build/cooja/mtype33.o (leds_interface)
build/cooja/mtype33.a(moteid.o)
                              build/cooja/mtype33.o (moteid_interface)
build/cooja/mtype33.a(pir-sensor.o)
                              build/cooja/mtype33.o (pir_interface)
build/cooja/mtype33.a(rs232.o)
                              build/cooja/mtype33.o (rs232_interface)
build/cooja/mtype33.a(vib-sensor.o)
                              build/cooja/mtype33.o (vib_interface)
build/cooja/mtype33.a(clock.o)
                              build/cooja/mtype33.o (clock_interface)
build/cooja/mtype33.a(cooja-log.o)
                              build/cooja/mtype33.o (simlog_interface)
build/cooja/mtype33.a(cfs-cooja.o)
                              build/cooja/mtype33.o (cfs_interface)
build/cooja/mtype33.a(cooja-radio.o)
                              build/cooja/mtype33.o (radio_interface)
build/cooja/mtype33.a(eeprom.o)
                              build/cooja/mtype33.o (eeprom_interface)
build/cooja/mtype33.a(random.o)
                              build/cooja/mtype33.a(moteid.o) (random_init)
build/cooja/mtype33.a(sensors.o)
                              build/cooja/mtype33.a(pir-sensor.o) (sensors_changed)
build/cooja/mtype33.a(leds.o)
                              build/cooja/mtype33.a(leds-arch.o) (leds_get)
build/cooja/mtype33.a(gpio-hal-arch.o)
                              build/cooja/mtype33.a(leds-arch.o) (gpio_hal_arch_register_pin_callback)
build/cooja/mtype33.a(buttons.o)
                              build/cooja/mtype33.o (button_interface)
build/cooja/mtype33.a(temperature.o)
                              node.o (temperature)
build/cooja/mtype33.a(alarm.o)
                              node.o (ledAlarm)
build/cooja/mtype33.a(coap-blocking-a)
                              node.o (coap_blocking_request)
build/cooja/mtype33.a(coap-engine.o)
                              node.o (coap_activate_resource)
build/cooja/mtype33.a(coap-res-well-k)
                              build/cooja/mtype33.a(coap-engine.o) (res_well_known_core)
build/cooja/mtype33.a(coap-observe.o)
                              build/cooja/mtype33.a(coap-engine.o) (coap_remove_observer_by_mid)
build/cooja/mtype33.a(coap-uip.o)
                              build/cooja/mtype33.a(coap-observe.o) (coap_endpoint_copy)
build/cooja/mtype33.a(coap-timer.o)
                              build/cooja/mtype33.a(coap-engine.o) (coap_timer_set)
build/cooja/mtype33.a(coap-transactio)
                              build/cooja/mtype33.a(coap-blocking-a) (coap_send_transaction)
build/cooja/mtype33.a(coap.o)
                              build/cooja/mtype33.a(coap-engine.o) (coap_status_code)
build/cooja/mtype33.a(contiki-main.o)
                              build/cooja/mtype33.o (main)
build/cooja/mtype33.a(autostart.o)
                              build/cooja/mtype33.a(contiki-main.o) (autostart_start)
build/cooja/mtype33.a(ctimer.o)
                              build/cooja/mtype33.a(contiki-main.o) (ctimer_init)
build/cooja/mtype33.a(log.o)  build/cooja/mtype33.a(contiki-main.o) (curr_log_level_main)
build/cooja/mtype33.a(energest.o)
                              build/cooja/mtype33.a(contiki-main.o) (energest_init)
build/cooja/mtype33.a(etimer.o)
                              build/cooja/mtype33.a(contiki-main.o) (etimer_process)
build/cooja/mtype33.a(node-id.o)
                              build/cooja/mtype33.a(contiki-main.o) (node_id)
build/cooja/mtype33.a(rtimer.o)
                              build/cooja/mtype33.a(contiki-main.o) (rtimer_init)
build/cooja/mtype33.a(process.o)
                              node.o (process_current)
build/cooja/mtype33.a(timer.o)
                              build/cooja/mtype33.a(etimer.o) (timer_set)
build/cooja/mtype33.a(list.o)
                              build/cooja/mtype33.a(coap-engine.o) (list_init)
build/cooja/mtype33.a(memb.o)
                              build/cooja/mtype33.a(coap-observe.o) (memb_alloc)
build/cooja/mtype33.a(button-hal.o)
                              build/cooja/mtype33.o (button_hal_init)
build/cooja/mtype33.a(serial-line.o)
                              build/cooja/mtype33.a(rs232.o) (serial_line_input_byte)
build/cooja/mtype33.a(gpio-hal.o)
                              build/cooja/mtype33.a(button-hal.o) (gpio_hal_register_handler)
[...]
Memory Configuration

Name             Origin             Length             Attributes
*default*        0x0000000000000000 0xffffffffffffffff

Linker script and memory map

LOAD /usr/lib/gcc/x86_64-linux-gnu/7/../../../x86_64-linux-gnu/crti.o
LOAD /usr/lib/gcc/x86_64-linux-gnu/7/crtbeginS.o
LOAD node.o
LOAD build/cooja/mtype33.o
LOAD build/cooja/mtype33.a
LOAD /usr/lib/gcc/x86_64-linux-gnu/7/libgcc.a
LOAD /usr/lib/gcc/x86_64-linux-gnu/7/libgcc_s.so
START GROUP
LOAD /usr/lib/gcc/x86_64-linux-gnu/7/libgcc_s.so.1
LOAD /usr/lib/gcc/x86_64-linux-gnu/7/libgcc.a
END GROUP
LOAD /usr/lib/gcc/x86_64-linux-gnu/7/../../../x86_64-linux-gnu/libc.so
START GROUP
LOAD /lib/x86_64-linux-gnu/libc.so.6
LOAD /usr/lib/x86_64-linux-gnu/libc_nonshared.a
LOAD /lib/x86_64-linux-gnu/ld-linux-x86-64.so.2
END GROUP
LOAD /usr/lib/gcc/x86_64-linux-gnu/7/libgcc.a
LOAD /usr/lib/gcc/x86_64-linux-gnu/7/libgcc_s.so
START GROUP
LOAD /usr/lib/gcc/x86_64-linux-gnu/7/libgcc_s.so.1
LOAD /usr/lib/gcc/x86_64-linux-gnu/7/libgcc.a
END GROUP
LOAD /usr/lib/gcc/x86_64-linux-gnu/7/crtendS.o
LOAD /usr/lib/gcc/x86_64-linux-gnu/7/../../../x86_64-linux-gnu/crtn.o
                0x00000000000001c8                . = (SEGMENT_START ("text-segment", 0x0) + SIZEOF_HEADERS)

.note.gnu.build-id
                0x00000000000001c8       0x24
 *(.note.gnu.build-id)
 .note.gnu.build-id
                0x00000000000001c8       0x24 /usr/lib/gcc/x86_64-linux-gnu/7/../../../x86_64-linux-gnu/crti.o

.hash
 *(.hash)

.gnu.hash       0x00000000000001f0     0x159c
 *(.gnu.hash)
 .gnu.hash      0x00000000000001f0     0x159c /usr/lib/gcc/x86_64-linux-gnu/7/../../../x86_64-linux-gnu/crti.o

.dynsym         0x0000000000001790     0x4668
 *(.dynsym)
 .dynsym        0x0000000000001790     0x4668 /usr/lib/gcc/x86_64-linux-gnu/7/../../../x86_64-linux-gnu/crti.o

.dynstr         0x0000000000005df8     0x367c
 *(.dynstr)
 .dynstr        0x0000000000005df8     0x367c /usr/lib/gcc/x86_64-linux-gnu/7/../../../x86_64-linux-gnu/crti.o

.gnu.version    0x0000000000009474      0x5de
 *(.gnu.version)
 .gnu.version   0x0000000000009474      0x5de /usr/lib/gcc/x86_64-linux-gnu/7/../../../x86_64-linux-gnu/crti.o

.gnu.version_d  0x0000000000009a58        0x0
 *(.gnu.version_d)
 .gnu.version_d
                0x0000000000009a58        0x0 /usr/lib/gcc/x86_64-linux-gnu/7/../../../x86_64-linux-gnu/crti.o

.gnu.version_r  0x0000000000009a58       0x40
 *(.gnu.version_r)
 .gnu.version_r
                0x0000000000009a58       0x40 /usr/lib/gcc/x86_64-linux-gnu/7/../../../x86_64-linux-gnu/crti.o

.rela.dyn       0x0000000000009a98     0x20d0
 *(.rela.init)
 *(.rela.text .rela.text.* .rela.gnu.linkonce.t.*)
 .rela.text     0x0000000000009a98        0x0 /usr/lib/gcc/x86_64-linux-gnu/7/../../../x86_64-linux-gnu/crti.o
 *(.rela.fini)
 *(.rela.rodata .rela.rodata.* .rela.gnu.linkonce.r.*)
 *(.rela.data .rela.data.* .rela.gnu.linkonce.d.*)
 .rela.data.rel.local
                0x0000000000009a98      0x858 /usr/lib/gcc/x86_64-linux-gnu/7/../../../x86_64-linux-gnu/crti.o
 .rela.data.rel.ro
                0x000000000000a2f0      0x288 /usr/lib/gcc/x86_64-linux-gnu/7/../../../x86_64-linux-gnu/crti.o
 .rela.data.rel
                0x000000000000a578      0x3a8 /usr/lib/gcc/x86_64-linux-gnu/7/../../../x86_64-linux-gnu/crti.o
 .rela.data.rel.ro.local
                0x000000000000a920      0x5e8 /usr/lib/gcc/x86_64-linux-gnu/7/../../../x86_64-linux-gnu/crti.o
 *(.rela.tdata .rela.tdata.* .rela.gnu.linkonce.td.*)
 *(.rela.tbss .rela.tbss.* .rela.gnu.linkonce.tb.*)
 *(.rela.ctors)
 *(.rela.dtors)
 *(.rela.got)
 .rela.got      0x000000000000af08      0xc30 /usr/lib/gcc/x86_64-linux-gnu/7/../../../x86_64-linux-gnu/crti.o
 *(.rela.bss .rela.bss.* .rela.gnu.linkonce.b.*)
 *(.rela.ldata .rela.ldata.* .rela.gnu.linkonce.l.*)
 *(.rela.lbss .rela.lbss.* .rela.gnu.linkonce.lb.*)
 *(.rela.lrodata .rela.lrodata.* .rela.gnu.linkonce.lr.*)
 *(.rela.ifunc)
 .rela.ifunc    0x000000000000bb38        0x0 /usr/lib/gcc/x86_64-linux-gnu/7/../../../x86_64-linux-gnu/crti.o
 .rela.fini_array
                0x000000000000bb38       0x18 /usr/lib/gcc/x86_64-linux-gnu/7/../../../x86_64-linux-gnu/crti.o
 .rela.init_array
                0x000000000000bb50       0x18 /usr/lib/gcc/x86_64-linux-gnu/7/../../../x86_64-linux-gnu/crti.o

.rela.plt       0x000000000000bb68     0x2508
 *(.rela.plt)
 .rela.plt      0x000000000000bb68     0x2508 /usr/lib/gcc/x86_64-linux-gnu/7/../../../x86_64-linux-gnu/crti.o
 *(.rela.iplt)

.init           0x000000000000e070       0x17
 *(SORT_NONE(.init))
 .init          0x000000000000e070       0x12 /usr/lib/gcc/x86_64-linux-gnu/7/../../../x86_64-linux-gnu/crti.o
                0x000000000000e070                _init
 .init          0x000000000000e082        0x5 /usr/lib/gcc/x86_64-linux-gnu/7/../../../x86_64-linux-gnu/crtn.o

.plt            0x000000000000e090     0x18c0
 *(.plt)
 .plt           0x000000000000e090     0x18c0 /usr/lib/gcc/x86_64-linux-gnu/7/../../../x86_64-linux-gnu/crti.o
 *(.iplt)

.plt.got        0x000000000000f950       0x18
 *(.plt.got)
 .plt.got       0x000000000000f950       0x18 /usr/lib/gcc/x86_64-linux-gnu/7/../../../x86_64-linux-gnu/crti.o

.plt.sec
 *(.plt.sec)

.text           0x000000000000f970    0x1cb2d
 *(.text.unlikely .text.*_unlikely .text.unlikely.*)
 *(.text.exit .text.exit.*)
 *(.text.startup .text.startup.*)
 *(.text.hot .text.hot.*)
 *(.text .stub .text.* .gnu.linkonce.t.*)
 .text          0x000000000000f970        0x0 /usr/lib/gcc/x86_64-linux-gnu/7/../../../x86_64-linux-gnu/crti.o
 .text          0x000000000000f970       0xda /usr/lib/gcc/x86_64-linux-gnu/7/crtbeginS.o
 .text          0x000000000000fa4a      0x3da node.o
                0x000000000000fa4a                client_chunk_handler
                0x000000000000fb0d                measure_temperature
 .text          0x000000000000fe24      0x354 build/cooja/mtype33.o
                0x000000000000fed0                platform_init_stage_one
                0x000000000000fee1                platform_init_stage_two
                0x000000000000fef2                platform_init_stage_three
                0x000000000000ff03                platform_main_loop
                0x000000000000ff99                Java_org_contikios_cooja_corecomm_Lib4_init
                0x000000000000ffdc                Java_org_contikios_cooja_corecomm_Lib4_getMemory
                0x0000000000010034                Java_org_contikios_cooja_corecomm_Lib4_setMemory
                0x00000000000100c1                Java_org_contikios_cooja_corecomm_Lib4_tick
                0x000000000001014a                Java_org_contikios_cooja_corecomm_Lib4_setReferenceAddress
 .text          0x0000000000010178       0x89 build/cooja/mtype33.a(simEnvChange.o)
                0x0000000000010178                doActionsBeforeTick
                0x00000000000101bc                doActionsAfterTick
 .text          0x0000000000010201       0x9f build/cooja/mtype33.a(cooja_mt.o)
                0x0000000000010201                cooja_mt_start
                0x000000000001023d                cooja_mt_exec
                0x000000000001027c                cooja_mt_yield
 .text          0x00000000000102a0       0xfe build/cooja/mtype33.a(cooja_mtarch.o)
                0x00000000000102a0                cooja_mtarch_start
                0x000000000001033f                cooja_sw
                0x0000000000010368                cooja_mtarch_exec
                0x0000000000010392                cooja_mtarch_yield
 .text          0x000000000001039e       0xb4 build/cooja/mtype33.a(rtimer-arch.o)
                0x000000000001039e                rtimer_arch_init
                0x00000000000103c0                rtimer_arch_schedule
                0x00000000000103e6                rtimer_arch_next
                0x00000000000103f6                rtimer_arch_pending
                0x0000000000010405                rtimer_arch_check
                0x0000000000010442                rtimer_arch_now
 .text          0x0000000000010452       0xba build/cooja/mtype33.a(beep.o)
                0x0000000000010452                beep_alarm
                0x0000000000010469                beep_beep
                0x000000000001047d                beep
                0x000000000001048e                beep_down
                0x00000000000104a2                beep_on
                0x00000000000104b3                beep_off
                0x00000000000104c4                beep_spinup
                0x00000000000104d5                beep_quick
                0x00000000000104e9                beep_long
 .text          0x000000000001050c       0x69 build/cooja/mtype33.a(leds-arch.o)
                0x0000000000010523                leds_arch_init
 .text          0x0000000000010575       0x39 build/cooja/mtype33.a(moteid.o)
 .text          0x00000000000105ae       0xe5 build/cooja/mtype33.a(pir-sensor.o)
 .text          0x0000000000010693      0x175 build/cooja/mtype33.a(rs232.o)
                0x0000000000010693                rs232_init
                0x000000000001069a                rs232_set_speed
                0x00000000000106a6                rs232_set_input
                0x00000000000106bc                rs232_send
                0x00000000000106e3                rs232_print
                0x000000000001070a                slip_arch_writeb
 .text          0x0000000000010808       0xe5 build/cooja/mtype33.a(vib-sensor.o)
 .text          0x00000000000108ed       0x57 build/cooja/mtype33.a(clock.o)
                0x00000000000108ed                clock_init
                0x00000000000108f4                clock_time
                0x0000000000010904                clock_seconds
                0x000000000001092c                clock_delay
 .text          0x0000000000010944      0x30e build/cooja/mtype33.a(cooja-log.o)
                0x0000000000010944                simlog_char
                0x000000000001099d                simlog
                0x0000000000010a3c                log_message
                0x0000000000010a75                log_set_putchar_with_slip
                0x0000000000010a88                log_putchar
                0x0000000000010b08                log_puts
                0x0000000000010b31                log_printf
 .text          0x0000000000010c52      0x373 build/cooja/mtype33.a(cfs-cooja.o)
                0x0000000000010c52                cfs_open
                0x0000000000010ccb                cfs_close
                0x0000000000010cdc                cfs_read
                0x0000000000010da0                cfs_write
                0x0000000000010eaf                cfs_seek
                0x0000000000010f5a                cfs_remove
                0x0000000000010f86                cfs_opendir
                0x0000000000010f99                cfs_readdir
                0x0000000000010fac                cfs_closedir
 .text          0x0000000000010fc5      0x730 build/cooja/mtype33.a(cooja-radio.o)
                0x0000000000011014                radio_set_channel
                0x000000000001102a                radio_set_txpower
                0x0000000000011043                radio_signal_strength_last
                0x0000000000011052                radio_signal_strength_current
                0x0000000000011061                radio_LQI
 .text          0x00000000000116f5      0x125 build/cooja/mtype33.a(eeprom.o)
                0x00000000000116f5                eeprom_init
                0x00000000000116fc                eeprom_read
                0x0000000000011784                eeprom_write
 .text          0x000000000001181a       0x27 build/cooja/mtype33.a(random.o)
                0x000000000001181a                random_init
                0x0000000000011836                random_rand
 .text          0x0000000000011841      0x33f build/cooja/mtype33.a(sensors.o)
                0x0000000000011886                sensors_first
                0x0000000000011896                sensors_next
                0x00000000000118c1                sensors_changed
                0x000000000001190a                sensors_find
 .text          0x0000000000011b80      0x386 build/cooja/mtype33.a(leds.o)
                0x0000000000011b80                leds_init
                0x0000000000011bc7                leds_single_on
                0x0000000000011c30                leds_single_off
                0x0000000000011c99                leds_single_toggle
                0x0000000000011ccd                leds_on
                0x0000000000011d59                leds_off
                0x0000000000011de5                leds_toggle
                0x0000000000011e3c                leds_set
                0x0000000000011e61                leds_get
 .text          0x0000000000011f06      0x3ce build/cooja/mtype33.a(gpio-hal-arch.o)
                0x0000000000011f06                gpio_hal_arch_register_pin_callback
                0x0000000000011fa6                gpio_hal_arch_init
                0x0000000000011fef                gpio_hal_arch_no_port_interrupt_enable
                0x0000000000012038                gpio_hal_arch_no_port_interrupt_disable
                0x0000000000012081                gpio_hal_arch_no_port_pin_cfg_set
                0x00000000000120b3                gpio_hal_arch_no_port_pin_cfg_get
                0x00000000000120e3                gpio_hal_arch_no_port_pin_set_input
                0x00000000000120f2                gpio_hal_arch_no_port_pin_set_output
                0x0000000000012101                gpio_hal_arch_no_port_set_pin
                0x0000000000012121                gpio_hal_arch_no_port_clear_pin
                0x0000000000012141                gpio_hal_arch_no_port_read_pin
                0x000000000001216b                gpio_hal_arch_no_port_write_pin
                0x0000000000012191                gpio_hal_arch_no_port_set_pins
                0x00000000000121db                gpio_hal_arch_no_port_clear_pins
                0x0000000000012225                gpio_hal_arch_no_port_read_pins
                0x0000000000012270                gpio_hal_arch_no_port_write_pins
 .text          0x00000000000122d4       0x94 build/cooja/mtype33.a(buttons.o)
 .text          0x0000000000012368      0x195 build/cooja/mtype33.a(temperature.o)
 .text          0x00000000000124fd      0x22e build/cooja/mtype33.a(alarm.o)
 .text          0x000000000001272b      0x2dd build/cooja/mtype33.a(coap-blocking-a)
                0x000000000001272b                coap_blocking_request_callback
                0x0000000000012762                coap_blocking_request
 .text          0x0000000000012a08      0xd12 build/cooja/mtype33.a(coap-engine.o)
                0x0000000000012ad7                coap_add_handler
                0x0000000000012afc                coap_remove_handler
                0x0000000000012b21                coap_call_handlers
                0x0000000000012c57                coap_receive
                0x00000000000132c2                coap_engine_init
                0x000000000001331b                coap_activate_resource
                0x00000000000133e5                coap_get_first_resource
                0x00000000000133fa                coap_get_next_resource
 .text          0x000000000001371a      0x373 build/cooja/mtype33.a(coap-res-well-k)
 .text          0x0000000000013a8d      0xa65 build/cooja/mtype33.a(coap-observe.o)
                0x0000000000013bd7                coap_remove_observer
                0x0000000000013c0f                coap_remove_observer_by_client
                0x0000000000013c81                coap_remove_observer_by_token
                0x0000000000013d2b                coap_remove_observer_by_uri
                0x0000000000013de4                coap_remove_observer_by_mid
                0x0000000000013e6a                coap_notify_observers
                0x0000000000013e8a                coap_notify_observers_sub
                0x0000000000014332                coap_observe_handler
                0x000000000001447f                coap_has_observers
 .text          0x00000000000144f2      0x856 build/cooja/mtype33.a(coap-uip.o)
                0x00000000000144f2                coap_endpoint_log
                0x000000000001457e                coap_endpoint_print
                0x000000000001460a                coap_endpoint_snprint
                0x000000000001478f                coap_endpoint_copy
                0x00000000000147d3                coap_endpoint_cmp
                0x000000000001491c                coap_endpoint_parse
                0x0000000000014b42                coap_endpoint_is_secure
                0x0000000000014b57                coap_endpoint_is_connected
                0x0000000000014b99                coap_endpoint_connect
                0x0000000000014bbb                coap_endpoint_disconnect
                0x0000000000014bc6                coap_databuf
                0x0000000000014bd6                coap_transport_init
                0x0000000000014c2e                coap_sendto
 .text          0x0000000000014d48      0x30d build/cooja/mtype33.a(coap-timer.o)
                0x0000000000014e56                coap_timer_stop
                0x0000000000014e8b                coap_timer_set
                0x0000000000014ec1                coap_timer_reset
                0x0000000000014ef7                coap_timer_time_to_next_expiration
                0x0000000000014f4c                coap_timer_run
                0x0000000000015010                coap_timer_init
 .text          0x0000000000015055      0x319 build/cooja/mtype33.a(coap-transactio)
                0x00000000000150e3                coap_new_transaction
                0x0000000000015153                coap_send_transaction
                0x00000000000152c7                coap_clear_transaction
                0x0000000000015316                coap_get_transaction_by_mid
 .text          0x000000000001536e     0x236e build/cooja/mtype33.a(coap.o)
                0x0000000000015a3d                coap_init_connection
                0x0000000000015a50                coap_get_mid
                0x0000000000015a6e                coap_init_message
                0x0000000000015ac0                coap_serialize_message
                0x0000000000016248                coap_parse_message
                0x00000000000169e5                coap_get_query_variable
                0x0000000000016a3d                coap_get_post_variable
                0x0000000000016a93                coap_set_status_code
                0x0000000000016ac1                coap_set_token
                0x0000000000016b1c                coap_get_header_content_format
                0x0000000000016b60                coap_set_header_content_format
                0x0000000000016b94                coap_get_header_accept
                0x0000000000016bdb                coap_set_header_accept
                0x0000000000016c12                coap_get_header_max_age
                0x0000000000016c57                coap_set_header_max_age
                0x0000000000016c88                coap_get_header_etag
                0x0000000000016cd0                coap_set_header_etag
                0x0000000000016d3c                coap_get_header_if_match
                0x0000000000016d8a                coap_set_header_if_match
                0x0000000000016e02                coap_get_header_if_none_match
                0x0000000000016e29                coap_set_header_if_none_match
                0x0000000000016e4d                coap_get_header_proxy_uri
                0x0000000000016e92                coap_set_header_proxy_uri
                0x0000000000016ee0                coap_get_header_uri_host
                0x0000000000016f25                coap_set_header_uri_host
                0x0000000000016f73                coap_get_header_uri_path
                0x0000000000016fbe                coap_set_header_uri_path
                0x0000000000017027                coap_get_header_uri_query
                0x0000000000017072                coap_set_header_uri_query
                0x00000000000170db                coap_get_header_location_path
                0x0000000000017120                coap_set_header_location_path
                0x00000000000171db                coap_get_header_location_query
                0x0000000000017226                coap_set_header_location_query
                0x000000000001728f                coap_get_header_observe
                0x00000000000172d4                coap_set_header_observe
                0x0000000000017308                coap_get_header_block2
                0x00000000000173a6                coap_set_header_block2
                0x0000000000017432                coap_get_header_block1
                0x00000000000174d0                coap_set_header_block1
                0x0000000000017557                coap_get_header_size2
                0x000000000001759a                coap_set_header_size2
                0x00000000000175ce                coap_get_header_size1
                0x0000000000017611                coap_set_header_size1
                0x0000000000017645                coap_get_payload
                0x0000000000017691                coap_set_payload
 .text          0x00000000000176dc      0x3a8 build/cooja/mtype33.a(contiki-main.o)
                0x00000000000176dc                main
 .text          0x0000000000017a84       0xb3 build/cooja/mtype33.a(autostart.o)
                0x0000000000017a84                autostart_start
                0x0000000000017ae0                autostart_exit
 .text          0x0000000000017b37      0x421 build/cooja/mtype33.a(ctimer.o)
                0x0000000000017c95                ctimer_init
                0x0000000000017cc6                ctimer_set
                0x0000000000017d06                ctimer_set_with_process
                0x0000000000017dbc                ctimer_reset
                0x0000000000017e29                ctimer_restart
                0x0000000000017e96                ctimer_stop
                0x0000000000017ef0                ctimer_expired
 .text          0x0000000000017f58      0x4a9 build/cooja/mtype33.a(log.o)
                0x0000000000017f58                log_6addr
                0x0000000000017fb7                log_6addr_compact_snprint
                0x000000000001808e                log_6addr_compact
                0x00000000000180ed                log_lladdr
                0x000000000001816a                log_lladdr_compact
                0x00000000000181e1                log_set_level
                0x00000000000182e7                log_get_level
                0x000000000001839a                log_level_to_str
 .text          0x0000000000018401       0x19 build/cooja/mtype33.a(energest.o)
                0x0000000000018401                energest_init
                0x0000000000018408                energest_flush
                0x000000000001840f                energest_get_total_time
 .text          0x000000000001841a      0x540 build/cooja/mtype33.a(etimer.o)
                0x00000000000186ba                etimer_request_poll
                0x0000000000018764                etimer_set
                0x0000000000018796                etimer_reset_with_new_interval
                0x00000000000187cd                etimer_reset
                0x00000000000187f4                etimer_restart
                0x000000000001881b                etimer_adjust
                0x0000000000018848                etimer_expired
                0x0000000000018863                etimer_expiration_time
                0x000000000001887f                etimer_start_time
                0x0000000000018890                etimer_pending
                0x00000000000188a6                etimer_next_expiration_time
                0x00000000000188c3                etimer_stop
 .text          0x000000000001895a       0x32 build/cooja/mtype33.a(node-id.o)
                0x000000000001895a                node_id_init
 .text          0x000000000001898c       0xf6 build/cooja/mtype33.a(rtimer.o)
                0x000000000001898c                rtimer_init
                0x0000000000018998                rtimer_set
                0x0000000000018a15                rtimer_run_next
 .text          0x0000000000018a82      0x641 build/cooja/mtype33.a(process.o)
                0x0000000000018a82                process_alloc_event
                0x0000000000018a98                process_start
                0x0000000000018cfd                process_exit
                0x0000000000018d25                process_init
                0x0000000000018f15                process_run
                0x0000000000018f46                process_nevents
                0x0000000000018f62                process_post
                0x0000000000019026                process_post_synch
                0x0000000000019070                process_poll
                0x00000000000190a9                process_is_running
 .text          0x00000000000190c3       0xf3 build/cooja/mtype33.a(timer.o)
                0x00000000000190c3                timer_set
                0x00000000000190f1                timer_reset
                0x0000000000019129                timer_restart
                0x0000000000019147                timer_expired
                0x0000000000019184                timer_remaining
 .text          0x00000000000191b6      0x367 build/cooja/mtype33.a(list.o)
                0x00000000000191b6                list_init
                0x00000000000191cc                list_head
                0x00000000000191dd                list_copy
                0x00000000000191fa                list_tail
                0x000000000001923f                list_add
                0x000000000001929f                list_push
                0x00000000000192de                list_chop
                0x0000000000019367                list_pop
                0x000000000001939d                list_remove
                0x0000000000019425                list_length
                0x000000000001945c                list_insert
                0x00000000000194bb                list_item_next
                0x00000000000194da                list_contains
 .text          0x000000000001951d      0x206 build/cooja/mtype33.a(memb.o)
                0x000000000001951d                memb_init
                0x000000000001957c                memb_alloc
                0x00000000000195f2                memb_free
                0x0000000000019681                memb_inmemb
                0x00000000000196d4                memb_numfree
 .text          0x0000000000019723      0x4b0 build/cooja/mtype33.a(button-hal.o)
                0x00000000000198c6                button_hal_get_by_id
                0x0000000000019910                button_hal_get_by_index
                0x0000000000019943                button_hal_get_state
                0x00000000000199a2                button_hal_init
 .text          0x0000000000019bd3      0x217 build/cooja/mtype33.a(serial-line.o)
                0x0000000000019bd3                serial_line_input_byte
                0x0000000000019db7                serial_line_init
 .text          0x0000000000019dea      0x164 build/cooja/mtype33.a(gpio-hal.o)
                0x0000000000019dea                gpio_hal_register_handler
                0x0000000000019e0f                gpio_hal_event_handler
                0x0000000000019e75                gpio_hal_init
                0x0000000000019e90                gpio_hal_arch_port_toggle_pin
                0x0000000000019ec3                gpio_hal_arch_port_toggle_pins
                0x0000000000019ef0                gpio_hal_arch_no_port_toggle_pin
                0x0000000000019f26                gpio_hal_arch_no_port_toggle_pins
 .text          0x0000000000019f4e      0x330 build/cooja/mtype33.a(queuebuf.o)
                0x0000000000019f5f                queuebuf_init
                0x0000000000019f7e                queuebuf_numfree
                0x0000000000019f90                queuebuf_new_from_packetbuf
                0x000000000001a039                queuebuf_update_attr_from_packetbuf
                0x000000000001a078                queuebuf_update_from_packetbuf
                0x000000000001a0d0                queuebuf_free
                0x000000000001a11f                queuebuf_to_packetbuf
                0x000000000001a191                queuebuf_dataptr
                0x000000000001a1d1                queuebuf_datalen
                0x000000000001a1fd                queuebuf_addr
                0x000000000001a240                queuebuf_attr
                0x000000000001a277                queuebuf_debug_print
 .text          0x000000000001a27e      0x458 build/cooja/mtype33.a(packetbuf.o)
                0x000000000001a27e                packetbuf_clear
                0x000000000001a2a8                packetbuf_copyfrom
                0x000000000001a2fe                packetbuf_copyto
                0x000000000001a3a1                packetbuf_hdralloc
                0x000000000001a42c                packetbuf_hdrreduce
                0x000000000001a478                packetbuf_set_datalen
                0x000000000001a490                packetbuf_dataptr
                0x000000000001a4b2                packetbuf_hdrptr
                0x000000000001a4bf                packetbuf_datalen
                0x000000000001a4cc                packetbuf_hdrlen
                0x000000000001a4e4                packetbuf_totlen
                0x000000000001a503                packetbuf_remaininglen
                0x000000000001a517                packetbuf_attr_clear
                0x000000000001a577                packetbuf_attr_copyto
                0x000000000001a5be                packetbuf_attr_copyfrom
                0x000000000001a605                packetbuf_set_attr
                0x000000000001a631                packetbuf_attr
                0x000000000001a64e                packetbuf_set_addr
                0x000000000001a690                packetbuf_addr
                0x000000000001a6b6                packetbuf_holds_broadcast
 .text          0x000000000001a6d6      0x11b build/cooja/mtype33.a(netstack.o)
                0x000000000001a6d6                netstack_process_ip_callback
                0x000000000001a773                netstack_ip_packet_processor_add
                0x000000000001a79f                uip_ds6_ip_packet_processor_rm
                0x000000000001a7c4                netstack_init
 .text          0x000000000001a7f1       0x74 build/cooja/mtype33.a(linkaddr.o)
                0x000000000001a7f1                linkaddr_copy
                0x000000000001a80e                linkaddr_cmp
                0x000000000001a840                linkaddr_set_node_addr
 .text          0x000000000001a865      0x242 build/cooja/mtype33.a(csma.o)
 .text          0x000000000001aaa7      0xa73 build/cooja/mtype33.a(csma-output.o)
                0x000000000001b236                csma_output_packet
                0x000000000001b4ef                csma_output_init
 .text          0x000000000001b51a      0xe33 build/cooja/mtype33.a(uip-ds6.o)
                0x000000000001b51a                uip_ds6_default_prefix
                0x000000000001b527                uip_ds6_set_default_prefix
                0x000000000001b54b                uip_ds6_init
                0x000000000001b7d9                uip_ds6_periodic
                0x000000000001b877                uip_ds6_list_loop
                0x000000000001b95c                uip_ds6_prefix_add
                0x000000000001ba29                uip_ds6_prefix_rm
                0x000000000001ba43                uip_ds6_prefix_lookup
                0x000000000001ba96                uip_ds6_is_addr_onlink
                0x000000000001bb26                uip_ds6_addr_add
                0x000000000001bc67                uip_ds6_addr_rm
                0x000000000001bd1b                uip_ds6_addr_lookup
                0x000000000001bd69                uip_ds6_get_link_local
                0x000000000001be0a                uip_ds6_get_global
                0x000000000001beab                uip_ds6_maddr_add
                0x000000000001bf20                uip_ds6_maddr_rm
                0x000000000001bf3a                uip_ds6_maddr_lookup
                0x000000000001bf8b                uip_ds6_aaddr_add
                0x000000000001c000                uip_ds6_aaddr_rm
                0x000000000001c01a                uip_ds6_aaddr_lookup
                0x000000000001c06b                uip_ds6_select_src
                0x000000000001c1f1                uip_ds6_set_addr_iid
                0x000000000001c226                uip_ds6_set_lladdr_from_iid
                0x000000000001c259                get_match_length
                0x000000000001c303                uip_ds6_compute_reachable_time
 .text          0x000000000001c34d      0x13c build/cooja/mtype33.a(uip-udp-packet.)
                0x000000000001c34d                uip_udp_packet_send
                0x000000000001c3c8                uip_udp_packet_sendto
 .text          0x000000000001c489      0x39e build/cooja/mtype33.a(uip-ds6-route.o)
                0x000000000001c4de                uip_ds6_route_init
                0x000000000001c500                uip_ds6_route_nexthop
                0x000000000001c50f                uip_ds6_route_head
                0x000000000001c51a                uip_ds6_route_next
                0x000000000001c529                uip_ds6_route_is_nexthop
                0x000000000001c538                uip_ds6_route_num_routes
                0x000000000001c543                uip_ds6_route_lookup
                0x000000000001c552                uip_ds6_route_add
                0x000000000001c56a                uip_ds6_route_rm
                0x000000000001c575                uip_ds6_route_rm_by_nexthop
                0x000000000001c580                uip_ds6_defrt_head
                0x000000000001c595                uip_ds6_defrt_add
                0x000000000001c64e                uip_ds6_defrt_rm
                0x000000000001c6bd                uip_ds6_defrt_lookup
                0x000000000001c730                uip_ds6_defrt_choose
                0x000000000001c7af                uip_ds6_defrt_periodic
 .text          0x000000000001c827      0x830 build/cooja/mtype33.a(tcpip.o)
                0x000000000001c853                tcpip_output
                0x000000000001c8df                udp_attach
                0x000000000001c909                udp_new
                0x000000000001c960                udp_broadcast_new
                0x000000000001cafd                tcpip_input
                0x000000000001ccc0                tcpip_ipv6_output
                0x000000000001cf16                tcpip_poll_udp
                0x000000000001cf40                tcpip_uipcall
 .text          0x000000000001d057     0x1679 build/cooja/mtype33.a(uip6.o)
                0x000000000001d117                uip_chksum
                0x000000000001d1f9                uip_icmp6chksum
                0x000000000001d209                uip_udpchksum
                0x000000000001d219                uip_init
                0x000000000001d27b                uip_remove_ext_hdr
                0x000000000001d378                uip_udp_new
                0x000000000001d708                uip_process
                0x000000000001e55f                uip_htons
                0x000000000001e57e                uip_htonl
                0x000000000001e5c2                uip_send
 .text          0x000000000001e6d0      0x3e1 build/cooja/mtype33.a(uip-ds6-nbr.o)
                0x000000000001e6d0                uip_ds6_neighbors_init
                0x000000000001e6f5                uip_ds6_nbr_add
                0x000000000001e78f                uip_ds6_nbr_rm
                0x000000000001e7e8                uip_ds6_nbr_update_ll
                0x000000000001e8ec                uip_ds6_nbr_get_ipaddr
                0x000000000001e908                uip_ds6_nbr_get_ll
                0x000000000001e92c                uip_ds6_nbr_num
                0x000000000001e97a                uip_ds6_nbr_head
                0x000000000001e98f                uip_ds6_nbr_next
                0x000000000001e9b3                uip_ds6_nbr_lookup
                0x000000000001ea18                uip_ds6_nbr_ll_lookup
                0x000000000001ea3c                uip_ds6_nbr_ipaddr_from_lladdr
                0x000000000001ea6c                uip_ds6_nbr_lladdr_from_ipaddr
                0x000000000001eaa4                uip_ds6_link_callback
 .text          0x000000000001eab1      0x826 build/cooja/mtype33.a(uip-nd6.o)
                0x000000000001f2c4                uip_nd6_init
 .text          0x000000000001f2d7     0x3380 build/cooja/mtype33.a(sicslowpan.o)
                0x000000000001faa0                netstack_sniffer_add
                0x000000000001fab6                netstack_sniffer_remove
                0x0000000000022628                sicslowpan_init
                0x000000000002264b                sicslowpan_get_last_rssi
 .text          0x0000000000022657      0x590 build/cooja/mtype33.a(uiplib.o)
                0x0000000000022657                uiplib_ip6addrconv
                0x0000000000022839                uiplib_ip4addrconv
                0x0000000000022907                uiplib_ipaddr_print
                0x0000000000022966                uiplib_ipaddr_snprint
 .text          0x0000000000022be7      0x629 build/cooja/mtype33.a(rpl.o)
                0x0000000000022be7                rpl_lollipop_greater_than
                0x0000000000022c47                rpl_get_global_address
                0x0000000000022de3                rpl_link_callback
                0x0000000000022e49                rpl_has_joined
                0x0000000000022e78                rpl_is_reachable
                0x0000000000022f16                rpl_reset_prefix
                0x0000000000022f89                rpl_set_prefix_from_addr
                0x0000000000023097                rpl_set_prefix
                0x00000000000231ed                rpl_set_leaf_only
                0x0000000000023203                rpl_get_leaf_only
 .text          0x0000000000023210     0x1696 build/cooja/mtype33.a(rpl-icmp6.o)
                0x0000000000023394                rpl_icmp6_update_nbr_table
                0x0000000000023441                rpl_icmp6_dis_output
                0x0000000000023b50                rpl_icmp6_dio_output
                0x0000000000024475                rpl_icmp6_dao_output
                0x00000000000247dd                rpl_icmp6_dao_ack_output
                0x000000000002486f                rpl_icmp6_init
 .text          0x00000000000248a6      0x33f build/cooja/mtype33.a(rpl-dag-root.o)
                0x00000000000248a6                rpl_dag_root_print_links
                0x0000000000024a0c                rpl_dag_root_set_prefix
                0x0000000000024a44                rpl_dag_root_start
                0x0000000000024ba9                rpl_dag_root_is_root
 .text          0x0000000000024be5       0x35 build/cooja/mtype33.a(watchdog.o)
                0x0000000000024be5                watchdog_init
                0x0000000000024bec                watchdog_start
                0x0000000000024bf3                watchdog_periodic
                0x0000000000024c0c                watchdog_stop
                0x0000000000024c13                watchdog_reboot
 .text          0x0000000000024c1a       0x51 build/cooja/mtype33.a(int-master.o)
                0x0000000000024c1a                int_master_enable
                0x0000000000024c2b                int_master_read_and_disable
                0x0000000000024c47                int_master_status_set
                0x0000000000024c5a                int_master_is_enabled
 .text          0x0000000000024c6b      0x1ce build/cooja/mtype33.a(coap-timer-defa)
 .text          0x0000000000024e39      0x11a build/cooja/mtype33.a(stimer.o)
                0x0000000000024e39                stimer_set
                0x0000000000024e67                stimer_reset
                0x0000000000024e9f                stimer_restart
                0x0000000000024ebd                stimer_expired
                0x0000000000024efe                stimer_remaining
                0x0000000000024f30                stimer_elapsed
 .text          0x0000000000024f53      0x189 build/cooja/mtype33.a(ringbuf.o)
                0x0000000000024f53                ringbuf_init
                0x0000000000024f90                ringbuf_put
                0x000000000002501b                ringbuf_get
                0x0000000000025095                ringbuf_size
                0x00000000000250ad                ringbuf_elements
 .text          0x00000000000250dc       0x2d build/cooja/mtype33.a(assert.o)
                0x00000000000250dc                _xassert
 .text          0x0000000000025109      0x9ac build/cooja/mtype33.a(nbr-table.o)
                0x00000000000256b1                nbr_table_register
                0x000000000002573f                nbr_table_is_registered
                0x0000000000025792                nbr_table_head
                0x00000000000257f9                nbr_table_next
                0x000000000002586f                nbr_table_add_lladdr
                0x0000000000025972                nbr_table_get_from_lladdr
                0x00000000000259ca                nbr_table_remove
                0x0000000000025a1a                nbr_table_lock
                0x0000000000025a48                nbr_table_unlock
                0x0000000000025a76                nbr_table_get_lladdr
 .text          0x0000000000025ab5      0x410 build/cooja/mtype33.a(link-stats.o)
                0x0000000000025ab5                link_stats_from_lladdr
                0x0000000000025ad9                link_stats_get_lladdr
                0x0000000000025afd                link_stats_is_fresh
                0x0000000000025b47                guess_etx_from_rssi
                0x0000000000025bc8                link_stats_packet_sent
                0x0000000000025d06                link_stats_input_callback
                0x0000000000025e33                link_stats_reset
                0x0000000000025e8a                link_stats_init
 .text          0x0000000000025ec5      0x1da build/cooja/mtype33.a(mac-sequence.o)
                0x0000000000025ec5                mac_sequence_is_duplicate
                0x0000000000025fa6                mac_sequence_register_seqno
 .text          0x000000000002609f       0x33 build/cooja/mtype33.a(mac.o)
                0x000000000002609f                mac_call_sent_callback
 .text          0x00000000000260d2      0x442 build/cooja/mtype33.a(framer-802154.o)
                0x0000000000026269                framer_802154_setup_params
 .text          0x0000000000026514      0xc84 build/cooja/mtype33.a(frame802154.o)
                0x0000000000026542                frame802154_get_pan_id
                0x000000000002654f                frame802154_set_pan_id
                0x0000000000026567                frame802154_has_panid
                0x0000000000026742                frame802154_check_dest_panid
                0x00000000000267dd                frame802154_is_broadcast_addr
                0x0000000000026830                frame802154_extract_linkaddr
                0x0000000000026ac6                frame802154_hdrlen
                0x0000000000026b41                frame802154_create_fcf
                0x0000000000026c0f                frame802154_create
                0x0000000000026db5                frame802154_parse_fcf
                0x0000000000026ea8                frame802154_parse
 .text          0x0000000000027198       0x35 build/cooja/mtype33.a(csma-security.o)
                0x0000000000027198                csma_security_create_frame
                0x00000000000271ba                csma_security_parse_frame
 .text          0x00000000000271cd      0x55f build/cooja/mtype33.a(uipbuf.o)
                0x00000000000271cd                uipbuf_clear
                0x00000000000271fb                uipbuf_add_ext_hdr
                0x000000000002728f                uipbuf_set_len
                0x00000000000272bd                uipbuf_set_len_field
                0x00000000000272ec                uipbuf_get_len_field
                0x0000000000027313                uipbuf_get_next_header
                0x0000000000027466                uipbuf_get_last_header
                0x00000000000274fb                uipbuf_search_header
                0x00000000000275c6                uipbuf_get_attr
                0x00000000000275f3                uipbuf_set_attr
                0x000000000002762f                uipbuf_set_default_attr
                0x000000000002766b                uipbuf_clear_attr
                0x000000000002768c                uipbuf_set_attr_flag
                0x00000000000276ab                uipbuf_clr_attr_flag
                0x00000000000276d0                uipbuf_is_attr_flag
                0x00000000000276f1                uipbuf_init
 .text          0x000000000002772c      0x88f build/cooja/mtype33.a(uip-icmp6.o)
                0x00000000000277a5                uip_icmp6_input
                0x00000000000277ff                uip_icmp6_register_input_handler
                0x000000000002798d                uip_icmp6_error_output
                0x0000000000027cf0                uip_icmp6_send
                0x0000000000027f34                uip_icmp6_echo_reply_callback_add
                0x0000000000027f77                uip_icmp6_echo_reply_callback_rm
                0x0000000000027f9c                uip_icmp6_init
 .text          0x0000000000027fbb      0x78a build/cooja/mtype33.a(uip-sr.o)
                0x0000000000027fbb                uip_sr_num_nodes
                0x000000000002805e                uip_sr_get_node
                0x00000000000280c2                uip_sr_is_addr_reachable
                0x0000000000028186                uip_sr_expire_parent
                0x00000000000281e5                uip_sr_update_node
                0x0000000000028352                uip_sr_init
                0x000000000002837e                uip_sr_node_head
                0x0000000000028393                uip_sr_node_next
                0x00000000000283ad                uip_sr_periodic
                0x00000000000284cb                uip_sr_free_all
                0x0000000000028542                uip_sr_link_snprint
 .text          0x0000000000028745      0x197 build/cooja/mtype33.a(uip-packetqueue)
                0x000000000002877d                uip_packetqueue_new
                0x0000000000028793                uip_packetqueue_alloc
                0x0000000000028809                uip_packetqueue_free
                0x000000000002885a                uip_packetqueue_buf
                0x0000000000028882                uip_packetqueue_buflen
                0x00000000000288ad                uip_packetqueue_set_buflen
 .text          0x00000000000288dc      0x1ea build/cooja/mtype33.a(rpl-nbr-policy.)
                0x0000000000028a74                rpl_nbr_policy_find_removable
 .text          0x0000000000028ac6      0xaeb build/cooja/mtype33.a(rpl-neighbor.o)
                0x0000000000028b55                rpl_neighbor_snprint
                0x0000000000028e8c                rpl_neighbor_print_list
                0x0000000000028f5f                rpl_neighbor_count
                0x0000000000029042                rpl_neighbor_get_from_lladdr
                0x0000000000029069                rpl_neighbor_is_acceptable_parent
                0x00000000000290b1                rpl_neighbor_get_link_metric
                0x00000000000290f9                rpl_neighbor_rank_via_nbr
                0x0000000000029141                rpl_neighbor_get_lladdr
                0x0000000000029168                rpl_neighbor_get_ipaddr
                0x0000000000029192                rpl_neighbor_get_link_stats
                0x00000000000291bc                rpl_neighbor_is_fresh
                0x00000000000291e6                rpl_neighbor_is_reachable
                0x000000000002923a                rpl_neighbor_is_parent
                0x000000000002926f                rpl_neighbor_set_preferred_parent
                0x0000000000029322                rpl_neighbor_remove_all
                0x0000000000029384                rpl_neighbor_get_from_ipaddr
                0x00000000000294b5                rpl_neighbor_select_best
                0x0000000000029591                rpl_neighbor_init
 .text          0x00000000000295b1     0x1172 build/cooja/mtype33.a(rpl-dag.o)
                0x00000000000295b1                rpl_dag_state_to_str
                0x00000000000295fe                rpl_dag_get_root_ipaddr
                0x0000000000029644                rpl_dag_leave
                0x00000000000296e8                rpl_dag_poison_and_leave
                0x0000000000029702                rpl_dag_periodic
                0x00000000000297c2                rpl_is_addr_in_our_dag
                0x0000000000029817                rpl_get_default_instance
                0x000000000002983a                rpl_get_any_dag
                0x000000000002989f                rpl_refresh_routes
                0x00000000000298fd                rpl_global_repair
                0x00000000000299b1                rpl_local_repair
                0x0000000000029a0c                rpl_dag_ready_to_advertise
                0x0000000000029a60                rpl_dag_update_state
                0x000000000002a2fb                rpl_process_dio
                0x000000000002a396                rpl_process_dis
                0x000000000002a3e3                rpl_process_dao
                0x000000000002a488                rpl_process_dao_ack
                0x000000000002a531                rpl_process_hbh
                0x000000000002a58c                rpl_dag_init_root
                0x000000000002a703                rpl_dag_init
 .text          0x000000000002a723      0xc9b build/cooja/mtype33.a(rpl-timers.o)
                0x000000000002a723                rpl_timers_schedule_periodic_dis
                0x000000000002a8ec                rpl_timers_dio_reset
                0x000000000002aa65                rpl_timers_schedule_unicast_dio
                0x000000000002ac30                rpl_timers_schedule_dao
                0x000000000002ad2b                rpl_timers_schedule_dao_ack
                0x000000000002addf                rpl_timers_notify_dao_ack
                0x000000000002ae49                get_probing_delay
                0x000000000002ae92                get_probing_target
                0x000000000002b0d2                rpl_schedule_probing
                0x000000000002b10f                rpl_schedule_probing_now
                0x000000000002b192                rpl_timers_unschedule_leaving
                0x000000000002b1d2                rpl_timers_schedule_leaving
                0x000000000002b223                rpl_timers_init
                0x000000000002b2c4                rpl_timers_stop_dag_timers
                0x000000000002b34d                rpl_timers_unschedule_state_update
                0x000000000002b373                rpl_timers_schedule_state_update
 .text          0x000000000002b3be      0xd8b build/cooja/mtype33.a(rpl-ext-header.)
                0x000000000002b3be                rpl_ext_header_srh_get_next_hop
                0x000000000002b4c8                rpl_ext_header_srh_update
                0x000000000002bb0c                rpl_ext_header_hbh_update
                0x000000000002bea7                rpl_ext_header_update
                0x000000000002bf4d                rpl_ext_header_remove
 .text          0x000000000002c149      0x354 build/cooja/mtype33.a(rpl-mrhof.o)
 .text          0x000000000002c49d        0x0 /usr/lib/gcc/x86_64-linux-gnu/7/crtendS.o
 .text          0x000000000002c49d        0x0 /usr/lib/gcc/x86_64-linux-gnu/7/../../../x86_64-linux-gnu/crtn.o
 *(.gnu.warning)

.fini           0x000000000002c4a0        0x9
 *(SORT_NONE(.fini))
 .fini          0x000000000002c4a0        0x4 /usr/lib/gcc/x86_64-linux-gnu/7/../../../x86_64-linux-gnu/crti.o
                0x000000000002c4a0                _fini
 .fini          0x000000000002c4a4        0x5 /usr/lib/gcc/x86_64-linux-gnu/7/../../../x86_64-linux-gnu/crtn.o
                [!provide]                        PROVIDE (__etext = .)
                [!provide]                        PROVIDE (_etext = .)
                [!provide]                        PROVIDE (etext = .)

.rodata         0x000000000002c4b0      0x9b3
 *(.rodata .rodata.* .gnu.linkonce.r.*)
 .rodata        0x000000000002c4b0       0xb5 node.o
 .rodata        0x000000000002c565        0x6 build/cooja/mtype33.a(leds-arch.o)
                0x000000000002c565                leds_arch_leds
 .rodata        0x000000000002c56b        0x4 build/cooja/mtype33.a(pir-sensor.o)
 .rodata        0x000000000002c56f        0x6 build/cooja/mtype33.a(rs232.o)
 .rodata        0x000000000002c575        0xa build/cooja/mtype33.a(vib-sensor.o)
 *fill*         0x000000000002c57f        0x1 
 .rodata        0x000000000002c580       0x27 build/cooja/mtype33.a(cfs-cooja.o)
 *fill*         0x000000000002c5a7        0x1 
 .rodata        0x000000000002c5a8       0x68 build/cooja/mtype33.a(cooja-radio.o)
 .rodata        0x000000000002c610        0x8 build/cooja/mtype33.a(sensors.o)
 .rodata        0x000000000002c618       0x14 build/cooja/mtype33.a(buttons.o)
                0x000000000002c624                button_hal_button_count
 *fill*         0x000000000002c62c        0x4 
 .rodata        0x000000000002c630       0x99 build/cooja/mtype33.a(temperature.o)
 *fill*         0x000000000002c6c9        0x7 
 .rodata        0x000000000002c6d0       0x92 build/cooja/mtype33.a(alarm.o)
 .rodata        0x000000000002c762       0x41 build/cooja/mtype33.a(coap-engine.o)
 .rodata        0x000000000002c7a3       0x19 build/cooja/mtype33.a(coap-res-well-k)
 .rodata        0x000000000002c7bc       0x11 build/cooja/mtype33.a(coap-observe.o)
 .rodata        0x000000000002c7cd       0x35 build/cooja/mtype33.a(coap-uip.o)
 *fill*         0x000000000002c802        0x6 
 .rodata        0x000000000002c808      0x1b0 build/cooja/mtype33.a(coap.o)
 .rodata        0x000000000002c9b8      0x104 build/cooja/mtype33.a(contiki-main.o)
 .rodata        0x000000000002cabc        0xf build/cooja/mtype33.a(ctimer.o)
 *fill*         0x000000000002cacb        0x1 
 .rodata        0x000000000002cacc       0xc4 build/cooja/mtype33.a(log.o)
 .rodata        0x000000000002cb90        0xc build/cooja/mtype33.a(etimer.o)
 .rodata        0x000000000002cb9c       0x13 build/cooja/mtype33.a(button-hal.o)
 .rodata        0x000000000002cbaf        0xe build/cooja/mtype33.a(serial-line.o)
 *fill*         0x000000000002cbbd        0x3 
 .rodata        0x000000000002cbc0        0x8 build/cooja/mtype33.a(linkaddr.o)
                0x000000000002cbc0                linkaddr_null
 .rodata        0x000000000002cbc8        0x5 build/cooja/mtype33.a(csma.o)
 *fill*         0x000000000002cbcd        0x3 
 .rodata        0x000000000002cbd0       0x24 build/cooja/mtype33.a(csma-output.o)
 *fill*         0x000000000002cbf4        0x4 
 .rodata        0x000000000002cbf8       0x4d build/cooja/mtype33.a(uip-ds6-route.o)
 .rodata        0x000000000002cc45        0xd build/cooja/mtype33.a(tcpip.o)
 .rodata        0x000000000002cc52       0x1d build/cooja/mtype33.a(sicslowpan.o)
                0x000000000002cc52                unc_llconf
                0x000000000002cc56                unc_ctxconf
                0x000000000002cc5a                unc_mxconf
                0x000000000002cc5e                llprefix
 .rodata        0x000000000002cc6f       0x2d build/cooja/mtype33.a(uiplib.o)
 .rodata        0x000000000002cc9c        0x9 build/cooja/mtype33.a(rpl.o)
 .rodata        0x000000000002cca5       0x13 build/cooja/mtype33.a(coap-timer-defa)
 .rodata        0x000000000002ccb8       0x25 build/cooja/mtype33.a(assert.o)
 .rodata        0x000000000002ccdd       0x44 build/cooja/mtype33.a(uip-sr.o)
 *fill*         0x000000000002cd21        0x7 
 .rodata        0x000000000002cd28       0x58 build/cooja/mtype33.a(rpl-neighbor.o)
 .rodata        0x000000000002cd80       0xd7 build/cooja/mtype33.a(rpl-dag.o)
 .rodata        0x000000000002ce57        0xc build/cooja/mtype33.a(rpl-timers.o)

.rodata1
 *(.rodata1)

.eh_frame_hdr   0x000000000002ce64     0x19e4
 *(.eh_frame_hdr)
 .eh_frame_hdr  0x000000000002ce64     0x19e4 node.o
                0x000000000002ce64                __GNU_EH_FRAME_HDR
 *(.eh_frame_entry .eh_frame_entry.*)

.eh_frame       0x000000000002e848     0x6814
 *(.eh_frame)
 .eh_frame      0x000000000002e848       0x40 /usr/lib/gcc/x86_64-linux-gnu/7/../../../x86_64-linux-gnu/crti.o
 .eh_frame      0x000000000002e888       0x18 /usr/lib/gcc/x86_64-linux-gnu/7/../../../x86_64-linux-gnu/crti.o
                                         0x30 (size before relaxing)
 .eh_frame      0x000000000002e8a0       0x60 node.o
                                         0x78 (size before relaxing)
 .eh_frame      0x000000000002e900      0x178 build/cooja/mtype33.o
                                        0x190 (size before relaxing)
 .eh_frame      0x000000000002ea78       0x40 build/cooja/mtype33.a(simEnvChange.o)
                                         0x58 (size before relaxing)
 .eh_frame      0x000000000002eab8       0x60 build/cooja/mtype33.a(cooja_mt.o)
                                         0x78 (size before relaxing)
 .eh_frame      0x000000000002eb18       0x80 build/cooja/mtype33.a(cooja_mtarch.o)
                                         0x98 (size before relaxing)
 .eh_frame      0x000000000002eb98       0xc0 build/cooja/mtype33.a(rtimer-arch.o)
                                         0xd8 (size before relaxing)
 .eh_frame      0x000000000002ec58      0x160 build/cooja/mtype33.a(beep.o)
                                        0x178 (size before relaxing)
 .eh_frame      0x000000000002edb8       0x80 build/cooja/mtype33.a(leds-arch.o)
                                         0x98 (size before relaxing)
 .eh_frame      0x000000000002ee38       0x40 build/cooja/mtype33.a(moteid.o)
                                         0x58 (size before relaxing)
 .eh_frame      0x000000000002ee78       0xa0 build/cooja/mtype33.a(pir-sensor.o)
                                         0xb8 (size before relaxing)
 .eh_frame      0x000000000002ef18      0x100 build/cooja/mtype33.a(rs232.o)
                                        0x118 (size before relaxing)
 .eh_frame      0x000000000002f018       0xa0 build/cooja/mtype33.a(vib-sensor.o)
                                         0xb8 (size before relaxing)
 .eh_frame      0x000000000002f0b8       0xc0 build/cooja/mtype33.a(clock.o)
                                         0xd8 (size before relaxing)
 .eh_frame      0x000000000002f178      0x128 build/cooja/mtype33.a(cooja-log.o)
                                        0x140 (size before relaxing)
 .eh_frame      0x000000000002f2a0      0x160 build/cooja/mtype33.a(cfs-cooja.o)
                                        0x178 (size before relaxing)
 .eh_frame      0x000000000002f400      0x340 build/cooja/mtype33.a(cooja-radio.o)
                                        0x358 (size before relaxing)
 .eh_frame      0x000000000002f740       0xa0 build/cooja/mtype33.a(eeprom.o)
                                         0xb8 (size before relaxing)
 .eh_frame      0x000000000002f7e0       0x40 build/cooja/mtype33.a(random.o)
                                         0x58 (size before relaxing)
 .eh_frame      0x000000000002f820       0xc0 build/cooja/mtype33.a(sensors.o)
                                         0xd8 (size before relaxing)
 .eh_frame      0x000000000002f8e0      0x120 build/cooja/mtype33.a(leds.o)
                                        0x138 (size before relaxing)
 .eh_frame      0x000000000002fa00      0x220 build/cooja/mtype33.a(gpio-hal-arch.o)
                                        0x238 (size before relaxing)
 .eh_frame      0x000000000002fc20       0xa0 build/cooja/mtype33.a(buttons.o)
                                         0xb8 (size before relaxing)
 .eh_frame      0x000000000002fcc0       0x40 build/cooja/mtype33.a(temperature.o)
                                         0x58 (size before relaxing)
 .eh_frame      0x000000000002fd00       0x20 build/cooja/mtype33.a(alarm.o)
                                         0x38 (size before relaxing)
 .eh_frame      0x000000000002fd20       0x40 build/cooja/mtype33.a(coap-blocking-a)
                                         0x58 (size before relaxing)
 .eh_frame      0x000000000002fd60      0x220 build/cooja/mtype33.a(coap-engine.o)
                                        0x238 (size before relaxing)
 .eh_frame      0x000000000002ff80       0x20 build/cooja/mtype33.a(coap-res-well-k)
                                         0x38 (size before relaxing)
 .eh_frame      0x000000000002ffa0      0x188 build/cooja/mtype33.a(coap-observe.o)
                                        0x1a0 (size before relaxing)
 .eh_frame      0x0000000000030128      0x248 build/cooja/mtype33.a(coap-uip.o)
                                        0x260 (size before relaxing)
 .eh_frame      0x0000000000030370      0x108 build/cooja/mtype33.a(coap-timer.o)
                                        0x120 (size before relaxing)
 .eh_frame      0x0000000000030478      0x100 build/cooja/mtype33.a(coap-transactio)
                                        0x118 (size before relaxing)
 .eh_frame      0x0000000000030578      0x6e8 build/cooja/mtype33.a(coap.o)
                                        0x700 (size before relaxing)
 .eh_frame      0x0000000000030c60       0x20 build/cooja/mtype33.a(contiki-main.o)
                                         0x38 (size before relaxing)
 .eh_frame      0x0000000000030c80       0x40 build/cooja/mtype33.a(autostart.o)
                                         0x58 (size before relaxing)
 .eh_frame      0x0000000000030cc0      0x100 build/cooja/mtype33.a(ctimer.o)
                                        0x118 (size before relaxing)
 .eh_frame      0x0000000000030dc0      0x100 build/cooja/mtype33.a(log.o)
                                        0x118 (size before relaxing)
 .eh_frame      0x0000000000030ec0       0x60 build/cooja/mtype33.a(energest.o)
                                         0x78 (size before relaxing)
 .eh_frame      0x0000000000030f20      0x1e0 build/cooja/mtype33.a(etimer.o)
                                        0x1f8 (size before relaxing)
 .eh_frame      0x0000000000031100       0x20 build/cooja/mtype33.a(node-id.o)
                                         0x38 (size before relaxing)
 .eh_frame      0x0000000000031120       0x60 build/cooja/mtype33.a(rtimer.o)
                                         0x78 (size before relaxing)
 .eh_frame      0x0000000000031180      0x1c8 build/cooja/mtype33.a(process.o)
                                        0x1e0 (size before relaxing)
 .eh_frame      0x0000000000031348       0xa0 build/cooja/mtype33.a(timer.o)
                                         0xb8 (size before relaxing)
 .eh_frame      0x00000000000313e8      0x1a0 build/cooja/mtype33.a(list.o)
                                        0x1b8 (size before relaxing)
 .eh_frame      0x0000000000031588       0xa0 build/cooja/mtype33.a(memb.o)
                                         0xb8 (size before relaxing)
 .eh_frame      0x0000000000031628      0x140 build/cooja/mtype33.a(button-hal.o)
                                        0x158 (size before relaxing)
 .eh_frame      0x0000000000031768       0x60 build/cooja/mtype33.a(serial-line.o)
                                         0x78 (size before relaxing)
 .eh_frame      0x00000000000317c8       0xe0 build/cooja/mtype33.a(gpio-hal.o)
                                         0xf8 (size before relaxing)
 .eh_frame      0x00000000000318a8      0x1a0 build/cooja/mtype33.a(queuebuf.o)
                                        0x1b8 (size before relaxing)
 .eh_frame      0x0000000000031a48      0x288 build/cooja/mtype33.a(packetbuf.o)
                                        0x2a0 (size before relaxing)
 .eh_frame      0x0000000000031cd0       0x80 build/cooja/mtype33.a(netstack.o)
                                         0x98 (size before relaxing)
 .eh_frame      0x0000000000031d50       0x60 build/cooja/mtype33.a(linkaddr.o)
                                         0x78 (size before relaxing)
 .eh_frame      0x0000000000031db0       0xe0 build/cooja/mtype33.a(csma.o)
                                         0xf8 (size before relaxing)
 .eh_frame      0x0000000000031e90      0x1c8 build/cooja/mtype33.a(csma-output.o)
                                        0x1e0 (size before relaxing)
 .eh_frame      0x0000000000032058      0x328 build/cooja/mtype33.a(uip-ds6.o)
                                        0x340 (size before relaxing)
 .eh_frame      0x0000000000032380       0x40 build/cooja/mtype33.a(uip-udp-packet.)
                                         0x58 (size before relaxing)
 .eh_frame      0x00000000000323c0      0x220 build/cooja/mtype33.a(uip-ds6-route.o)
                                        0x238 (size before relaxing)
 .eh_frame      0x00000000000325e0      0x248 build/cooja/mtype33.a(tcpip.o)
                                        0x260 (size before relaxing)
 .eh_frame      0x0000000000032828      0x1e8 build/cooja/mtype33.a(uip6.o)
                                        0x200 (size before relaxing)
 .eh_frame      0x0000000000032a10      0x1c0 build/cooja/mtype33.a(uip-ds6-nbr.o)
                                        0x1d8 (size before relaxing)
 .eh_frame      0x0000000000032bd0       0x80 build/cooja/mtype33.a(uip-nd6.o)
                                         0x98 (size before relaxing)
 .eh_frame      0x0000000000032c50      0x2e0 build/cooja/mtype33.a(sicslowpan.o)
                                        0x2f8 (size before relaxing)
 .eh_frame      0x0000000000032f30       0x80 build/cooja/mtype33.a(uiplib.o)
                                         0x98 (size before relaxing)
 .eh_frame      0x0000000000032fb0      0x1e0 build/cooja/mtype33.a(rpl.o)
                                        0x1f8 (size before relaxing)
 .eh_frame      0x0000000000033190      0x1c0 build/cooja/mtype33.a(rpl-icmp6.o)
                                        0x1d8 (size before relaxing)
 .eh_frame      0x0000000000033350       0xa0 build/cooja/mtype33.a(rpl-dag-root.o)
                                         0xb8 (size before relaxing)
 .eh_frame      0x00000000000333f0       0xa0 build/cooja/mtype33.a(watchdog.o)
                                         0xb8 (size before relaxing)
 .eh_frame      0x0000000000033490       0x80 build/cooja/mtype33.a(int-master.o)
                                         0x98 (size before relaxing)
 .eh_frame      0x0000000000033510       0xa0 build/cooja/mtype33.a(coap-timer-defa)
                                         0xb8 (size before relaxing)
 .eh_frame      0x00000000000335b0       0xc0 build/cooja/mtype33.a(stimer.o)
                                         0xd8 (size before relaxing)
 .eh_frame      0x0000000000033670       0xa0 build/cooja/mtype33.a(ringbuf.o)
                                         0xb8 (size before relaxing)
 .eh_frame      0x0000000000033710       0x20 build/cooja/mtype33.a(assert.o)
                                         0x38 (size before relaxing)
 .eh_frame      0x0000000000033730      0x2a0 build/cooja/mtype33.a(nbr-table.o)
                                        0x2b8 (size before relaxing)
 .eh_frame      0x00000000000339d0      0x120 build/cooja/mtype33.a(link-stats.o)
                                        0x138 (size before relaxing)
 .eh_frame      0x0000000000033af0       0x48 build/cooja/mtype33.a(mac-sequence.o)
                                         0x60 (size before relaxing)
 .eh_frame      0x0000000000033b38       0x20 build/cooja/mtype33.a(mac.o)
                                         0x38 (size before relaxing)
 .eh_frame      0x0000000000033b58       0xa8 build/cooja/mtype33.a(framer-802154.o)
                                         0xc0 (size before relaxing)
 .eh_frame      0x0000000000033c00      0x1a8 build/cooja/mtype33.a(frame802154.o)
                                        0x1c0 (size before relaxing)
 .eh_frame      0x0000000000033da8       0x40 build/cooja/mtype33.a(csma-security.o)
                                         0x58 (size before relaxing)
 .eh_frame      0x0000000000033de8      0x200 build/cooja/mtype33.a(uipbuf.o)
                                        0x218 (size before relaxing)
 .eh_frame      0x0000000000033fe8      0x148 build/cooja/mtype33.a(uip-icmp6.o)
                                        0x160 (size before relaxing)
 .eh_frame      0x0000000000034130      0x180 build/cooja/mtype33.a(uip-sr.o)
                                        0x198 (size before relaxing)
 .eh_frame      0x00000000000342b0       0xe0 build/cooja/mtype33.a(uip-packetqueue)
                                         0xf8 (size before relaxing)
 .eh_frame      0x0000000000034390       0x80 build/cooja/mtype33.a(rpl-nbr-policy.)
                                         0x98 (size before relaxing)
 .eh_frame      0x0000000000034410      0x2d0 build/cooja/mtype33.a(rpl-neighbor.o)
                                        0x2e8 (size before relaxing)
 .eh_frame      0x00000000000346e0      0x360 build/cooja/mtype33.a(rpl-dag.o)
                                        0x378 (size before relaxing)
 .eh_frame      0x0000000000034a40      0x3a8 build/cooja/mtype33.a(rpl-timers.o)
                                        0x3c0 (size before relaxing)
 .eh_frame      0x0000000000034de8      0x128 build/cooja/mtype33.a(rpl-ext-header.)
                                        0x140 (size before relaxing)
 .eh_frame      0x0000000000034f10      0x148 build/cooja/mtype33.a(rpl-mrhof.o)
                                        0x160 (size before relaxing)
 .eh_frame      0x0000000000035058        0x4 /usr/lib/gcc/x86_64-linux-gnu/7/crtendS.o
 *(.eh_frame.*)

.gcc_except_table
 *(.gcc_except_table .gcc_except_table.*)

.gnu_extab
 *(.gnu_extab*)

.exception_ranges
 *(.exception_ranges .exception_ranges*)
                0x00000000002356b0                . = DATA_SEGMENT_ALIGN (CONSTANT (MAXPAGESIZE), CONSTANT (COMMONPAGESIZE))

.eh_frame
 *(.eh_frame)
 *(.eh_frame.*)

.gnu_extab
 *(.gnu_extab)

.gcc_except_table
 *(.gcc_except_table .gcc_except_table.*)

.exception_ranges
 *(.exception_ranges .exception_ranges*)

.tdata
 *(.tdata .tdata.* .gnu.linkonce.td.*)

.tbss
 *(.tbss .tbss.* .gnu.linkonce.tb.*)
 *(.tcommon)

.preinit_array
 *(.preinit_array)

.init_array     0x00000000002356b0        0x8
 *(SORT_BY_INIT_PRIORITY(.init_array.*) SORT_BY_INIT_PRIORITY(.ctors.*))
 *(.init_array EXCLUDE_FILE(*crtend?.o *crtend.o *crtbegin?.o *crtbegin.o) .ctors)
 .init_array    0x00000000002356b0        0x8 /usr/lib/gcc/x86_64-linux-gnu/7/crtbeginS.o

.fini_array     0x00000000002356b8        0x8
 *(SORT_BY_INIT_PRIORITY(.fini_array.*) SORT_BY_INIT_PRIORITY(.dtors.*))
 *(.fini_array EXCLUDE_FILE(*crtend?.o *crtend.o *crtbegin?.o *crtbegin.o) .dtors)
 .fini_array    0x00000000002356b8        0x8 /usr/lib/gcc/x86_64-linux-gnu/7/crtbeginS.o

.ctors
 *crtbegin.o(.ctors)
 *crtbegin?.o(.ctors)
 *(EXCLUDE_FILE(*crtend?.o *crtend.o) .ctors)
 *(SORT_BY_NAME(.ctors.*))
 *(.ctors)

.dtors
 *crtbegin.o(.dtors)
 *crtbegin?.o(.dtors)
 *(EXCLUDE_FILE(*crtend?.o *crtend.o) .dtors)
 *(SORT_BY_NAME(.dtors.*))
 *(.dtors)

.jcr
 *(.jcr)

.data.rel.ro    0x00000000002356c0      0x370
 *(.data.rel.ro.local* .gnu.linkonce.d.rel.ro.local.*)
 .data.rel.ro.local
                0x00000000002356c0       0x10 build/cooja/mtype33.a(beep.o)
                0x00000000002356c0                beep_interface
 .data.rel.ro.local
                0x00000000002356d0       0x10 build/cooja/mtype33.a(leds-arch.o)
                0x00000000002356d0                leds_interface
 .data.rel.ro.local
                0x00000000002356e0       0x10 build/cooja/mtype33.a(moteid.o)
                0x00000000002356e0                moteid_interface
 *fill*         0x00000000002356f0       0x10 
 .data.rel.ro.local
                0x0000000000235700       0x40 build/cooja/mtype33.a(pir-sensor.o)
                0x0000000000235700                pir_interface
                0x0000000000235720                pir_sensor
 .data.rel.ro.local
                0x0000000000235740       0x10 build/cooja/mtype33.a(rs232.o)
                0x0000000000235740                rs232_interface
 *fill*         0x0000000000235750       0x10 
 .data.rel.ro.local
                0x0000000000235760       0x40 build/cooja/mtype33.a(vib-sensor.o)
                0x0000000000235760                vib_interface
                0x0000000000235780                vib_sensor
 .data.rel.ro.local
                0x00000000002357a0       0x10 build/cooja/mtype33.a(clock.o)
                0x00000000002357a0                clock_interface
 .data.rel.ro.local
                0x00000000002357b0       0x10 build/cooja/mtype33.a(cooja-log.o)
                0x00000000002357b0                simlog_interface
 .data.rel.ro.local
                0x00000000002357c0       0x10 build/cooja/mtype33.a(cfs-cooja.o)
                0x00000000002357c0                cfs_interface
 *fill*         0x00000000002357d0       0x10 
 .data.rel.ro.local
                0x00000000002357e0       0x90 build/cooja/mtype33.a(cooja-radio.o)
                0x00000000002357e0                radio_interface
                0x0000000000235800                cooja_radio_driver
 .data.rel.ro.local
                0x0000000000235870       0x10 build/cooja/mtype33.a(eeprom.o)
                0x0000000000235870                eeprom_interface
 .data.rel.ro.local
                0x0000000000235880       0x40 build/cooja/mtype33.a(buttons.o)
                0x0000000000235880                button_interface
                0x00000000002358a0                button_sensor
 .data.rel.ro.local
                0x00000000002358c0       0x38 build/cooja/mtype33.a(csma.o)
                0x00000000002358c0                csma_driver
 *fill*         0x00000000002358f8        0x8 
 .data.rel.ro.local
                0x0000000000235900       0x18 build/cooja/mtype33.a(coap-timer-defa)
                0x0000000000235900                coap_timer_default_driver
 *fill*         0x0000000000235918        0x8 
 .data.rel.ro.local
                0x0000000000235920       0x18 build/cooja/mtype33.a(framer-802154.o)
                0x0000000000235920                framer_802154
 *(.data.rel.ro .data.rel.ro.* .gnu.linkonce.d.rel.ro.*)
 .data.rel.ro   0x0000000000235938        0x0 /usr/lib/gcc/x86_64-linux-gnu/7/../../../x86_64-linux-gnu/crti.o
 *fill*         0x0000000000235938        0x8 
 .data.rel.ro   0x0000000000235940       0x10 node.o
                0x0000000000235940                autostart_processes
 *fill*         0x0000000000235950       0x10 
 .data.rel.ro   0x0000000000235960       0x20 build/cooja/mtype33.a(sicslowpan.o)
                0x0000000000235960                sicslowpan_driver
 .data.rel.ro   0x0000000000235980       0xa8 build/cooja/mtype33.a(rpl.o)
                0x0000000000235980                rpl_lite_driver
 .data.rel.ro   0x0000000000235a28        0x8 build/cooja/mtype33.a(rpl-dag.o)

.dynamic        0x0000000000235a30      0x1c0
 *(.dynamic)
 .dynamic       0x0000000000235a30      0x1c0 /usr/lib/gcc/x86_64-linux-gnu/7/../../../x86_64-linux-gnu/crti.o
                0x0000000000235a30                _DYNAMIC

.got            0x0000000000235bf0      0x410
 *(.got)
 .got           0x0000000000235bf0      0x410 /usr/lib/gcc/x86_64-linux-gnu/7/../../../x86_64-linux-gnu/crti.o
 *(.igot)
                0x0000000000236fe8                . = DATA_SEGMENT_RELRO_END (., (SIZEOF (.got.plt) >= 0x18)?0x18:0x0)

.got.plt        0x0000000000236000      0xc70
 *(.got.plt)
 .got.plt       0x0000000000236000      0xc70 /usr/lib/gcc/x86_64-linux-gnu/7/../../../x86_64-linux-gnu/crti.o
                0x0000000000236000                _GLOBAL_OFFSET_TABLE_
 *(.igot.plt)

.data           0x0000000000236c80      0x928
 *(.data .data.* .gnu.linkonce.d.*)
 .data          0x0000000000236c80        0x0 /usr/lib/gcc/x86_64-linux-gnu/7/../../../x86_64-linux-gnu/crti.o
 .data          0x0000000000236c80        0x0 /usr/lib/gcc/x86_64-linux-gnu/7/crtbeginS.o
 .data.rel.local
                0x0000000000236c80        0x8 /usr/lib/gcc/x86_64-linux-gnu/7/crtbeginS.o
                0x0000000000236c80                __dso_handle
 .data          0x0000000000236c88        0x4 node.o
                0x0000000000236c88                temperatureValue
 *fill*         0x0000000000236c8c       0x14 
 .data.rel.local
                0x0000000000236ca0       0x20 node.o
                0x0000000000236ca0                node
 .data          0x0000000000236cc0        0x0 build/cooja/mtype33.o
 .data.rel      0x0000000000236cc0       0xa0 build/cooja/mtype33.o
                0x0000000000236cc0                simInterfaces
                0x0000000000236d40                sensors
 .data          0x0000000000236d60        0x0 build/cooja/mtype33.a(simEnvChange.o)
 .data          0x0000000000236d60        0x0 build/cooja/mtype33.a(cooja_mt.o)
 .data          0x0000000000236d60        0x0 build/cooja/mtype33.a(cooja_mtarch.o)
 .data          0x0000000000236d60        0x0 build/cooja/mtype33.a(rtimer-arch.o)
 .data          0x0000000000236d60        0x0 build/cooja/mtype33.a(beep.o)
 .data          0x0000000000236d60        0x0 build/cooja/mtype33.a(leds-arch.o)
 .data          0x0000000000236d60        0x0 build/cooja/mtype33.a(moteid.o)
 .data          0x0000000000236d60        0x0 build/cooja/mtype33.a(pir-sensor.o)
 .data          0x0000000000236d60        0x0 build/cooja/mtype33.a(rs232.o)
 .data          0x0000000000236d60        0x0 build/cooja/mtype33.a(vib-sensor.o)
 .data          0x0000000000236d60        0x0 build/cooja/mtype33.a(clock.o)
 .data          0x0000000000236d60        0x0 build/cooja/mtype33.a(cooja-log.o)
 .data          0x0000000000236d60        0x0 build/cooja/mtype33.a(cfs-cooja.o)
 .data          0x0000000000236d60       0x1c build/cooja/mtype33.a(cooja-radio.o)
                0x0000000000236d60                simRadioHWOn
                0x0000000000236d64                simSignalStrength
                0x0000000000236d68                simLastSignalStrength
                0x0000000000236d6c                simPower
                0x0000000000236d70                simRadioChannel
                0x0000000000236d74                simLQI
 *fill*         0x0000000000236d7c        0x4 
 .data.rel.local
                0x0000000000236d80       0x20 build/cooja/mtype33.a(cooja-radio.o)
                0x0000000000236d80                cooja_radio_process
 .data          0x0000000000236da0        0x0 build/cooja/mtype33.a(eeprom.o)
 .data          0x0000000000236da0        0x0 build/cooja/mtype33.a(random.o)
 .data          0x0000000000236da0        0x0 build/cooja/mtype33.a(sensors.o)
 .data.rel.local
                0x0000000000236da0       0x20 build/cooja/mtype33.a(sensors.o)
                0x0000000000236da0                sensors_process
 .data          0x0000000000236dc0        0x0 build/cooja/mtype33.a(leds.o)
 .data          0x0000000000236dc0        0x0 build/cooja/mtype33.a(gpio-hal-arch.o)
 .data          0x0000000000236dc0        0x1 build/cooja/mtype33.a(buttons.o)
                0x0000000000236dc0                simButtonIsActive
 *fill*         0x0000000000236dc1       0x1f 
 .data.rel.local
                0x0000000000236de0       0xb0 build/cooja/mtype33.a(buttons.o)
                0x0000000000236e80                button_hal_buttons
 .data          0x0000000000236e90        0x0 build/cooja/mtype33.a(temperature.o)
 *fill*         0x0000000000236e90       0x10 
 .data.rel.local
                0x0000000000236ea0       0x48 build/cooja/mtype33.a(temperature.o)
                0x0000000000236ea0                temperature
 .data          0x0000000000236ee8        0x0 build/cooja/mtype33.a(alarm.o)
 *fill*         0x0000000000236ee8       0x18 
 .data.rel.local
                0x0000000000236f00       0x48 build/cooja/mtype33.a(alarm.o)
                0x0000000000236f00                ledAlarm
 .data          0x0000000000236f48        0x0 build/cooja/mtype33.a(coap-blocking-a)
 .data          0x0000000000236f48        0x0 build/cooja/mtype33.a(coap-engine.o)
 .data.rel.local
                0x0000000000236f48       0x10 build/cooja/mtype33.a(coap-engine.o)
 .data          0x0000000000236f58        0x0 build/cooja/mtype33.a(coap-res-well-k)
 *fill*         0x0000000000236f58        0x8 
 .data.rel.local
                0x0000000000236f60       0x48 build/cooja/mtype33.a(coap-res-well-k)
                0x0000000000236f60                res_well_known_core
 .data          0x0000000000236fa8        0x0 build/cooja/mtype33.a(coap-observe.o)
 *fill*         0x0000000000236fa8        0x8 
 .data.rel.local
                0x0000000000236fb0       0x20 build/cooja/mtype33.a(coap-observe.o)
 .data          0x0000000000236fd0        0x0 build/cooja/mtype33.a(coap-uip.o)
 *fill*         0x0000000000236fd0       0x10 
 .data.rel.local
                0x0000000000236fe0       0x20 build/cooja/mtype33.a(coap-uip.o)
                0x0000000000236fe0                coap_engine
 .data          0x0000000000237000        0x0 build/cooja/mtype33.a(coap-timer.o)
 .data.rel.local
                0x0000000000237000        0x8 build/cooja/mtype33.a(coap-timer.o)
 .data          0x0000000000237008        0x0 build/cooja/mtype33.a(coap-transactio)
 *fill*         0x0000000000237008        0x8 
 .data.rel.local
                0x0000000000237010       0x20 build/cooja/mtype33.a(coap-transactio)
 .data          0x0000000000237030        0x0 build/cooja/mtype33.a(coap.o)
 .data.rel.local
                0x0000000000237030        0x8 build/cooja/mtype33.a(coap.o)
                0x0000000000237030                coap_error_message
 .data          0x0000000000237038        0x0 build/cooja/mtype33.a(contiki-main.o)
 .data          0x0000000000237038        0x0 build/cooja/mtype33.a(autostart.o)
 .data          0x0000000000237038        0x0 build/cooja/mtype33.a(ctimer.o)
 *fill*         0x0000000000237038        0x8 
 .data.rel.local
                0x0000000000237040       0x40 build/cooja/mtype33.a(ctimer.o)
                0x0000000000237060                ctimer_process
 .data          0x0000000000237080        0x4 build/cooja/mtype33.a(log.o)
                0x0000000000237080                curr_log_level_main
 *fill*         0x0000000000237084       0x1c 
 .data.rel      0x00000000002370a0      0x138 build/cooja/mtype33.a(log.o)
                0x00000000002370a0                all_modules
 .data          0x00000000002371d8        0x0 build/cooja/mtype33.a(energest.o)
 .data          0x00000000002371d8        0x0 build/cooja/mtype33.a(etimer.o)
 *fill*         0x00000000002371d8        0x8 
 .data.rel.local
                0x00000000002371e0       0x20 build/cooja/mtype33.a(etimer.o)
                0x00000000002371e0                etimer_process
 .data          0x0000000000237200        0x0 build/cooja/mtype33.a(node-id.o)
 .data          0x0000000000237200        0x0 build/cooja/mtype33.a(rtimer.o)
 .data          0x0000000000237200        0x0 build/cooja/mtype33.a(process.o)
 .data          0x0000000000237200        0x0 build/cooja/mtype33.a(timer.o)
 .data          0x0000000000237200        0x0 build/cooja/mtype33.a(list.o)
 .data          0x0000000000237200        0x0 build/cooja/mtype33.a(memb.o)
 .data          0x0000000000237200        0x0 build/cooja/mtype33.a(button-hal.o)
 .data.rel.local
                0x0000000000237200       0x20 build/cooja/mtype33.a(button-hal.o)
                0x0000000000237200                button_hal_process
 .data          0x0000000000237220        0x0 build/cooja/mtype33.a(serial-line.o)
 .data.rel.local
                0x0000000000237220       0x20 build/cooja/mtype33.a(serial-line.o)
                0x0000000000237220                serial_line_process
 .data          0x0000000000237240        0x0 build/cooja/mtype33.a(gpio-hal.o)
 .data.rel.local
                0x0000000000237240        0x8 build/cooja/mtype33.a(gpio-hal.o)
 .data          0x0000000000237248        0x0 build/cooja/mtype33.a(queuebuf.o)
 *fill*         0x0000000000237248        0x8 
 .data.rel.local
                0x0000000000237250       0x38 build/cooja/mtype33.a(queuebuf.o)
 .data          0x0000000000237288        0x0 build/cooja/mtype33.a(packetbuf.o)
 .data.rel.local
                0x0000000000237288        0x8 build/cooja/mtype33.a(packetbuf.o)
 .data          0x0000000000237290        0x0 build/cooja/mtype33.a(netstack.o)
 .data.rel.local
                0x0000000000237290        0x8 build/cooja/mtype33.a(netstack.o)
 .data          0x0000000000237298        0x0 build/cooja/mtype33.a(linkaddr.o)
 .data          0x0000000000237298        0x0 build/cooja/mtype33.a(csma.o)
 .data          0x0000000000237298        0x0 build/cooja/mtype33.a(csma-output.o)
 *fill*         0x0000000000237298        0x8 
 .data.rel.local
                0x00000000002372a0       0x60 build/cooja/mtype33.a(csma-output.o)
 .data          0x0000000000237300        0x0 build/cooja/mtype33.a(uip-ds6.o)
 .data          0x0000000000237300        0x0 build/cooja/mtype33.a(uip-udp-packet.)
 .data          0x0000000000237300        0x0 build/cooja/mtype33.a(uip-ds6-route.o)
 .data.rel.local
                0x0000000000237300       0x28 build/cooja/mtype33.a(uip-ds6-route.o)
 .data          0x0000000000237328        0x0 build/cooja/mtype33.a(tcpip.o)
 *fill*         0x0000000000237328       0x18 
 .data.rel.local
                0x0000000000237340       0x20 build/cooja/mtype33.a(tcpip.o)
                0x0000000000237340                tcpip_process
 .data          0x0000000000237360        0x0 build/cooja/mtype33.a(uip6.o)
 .data          0x0000000000237360        0x0 build/cooja/mtype33.a(uip-ds6-nbr.o)
 .data.rel.local
                0x0000000000237360       0x20 build/cooja/mtype33.a(uip-ds6-nbr.o)
 .data          0x0000000000237380        0x0 build/cooja/mtype33.a(uip-nd6.o)
 .data.rel.local
                0x0000000000237380       0x18 build/cooja/mtype33.a(uip-nd6.o)
 .data          0x0000000000237398        0x0 build/cooja/mtype33.a(sicslowpan.o)
 .data          0x0000000000237398        0x0 build/cooja/mtype33.a(uiplib.o)
 .data          0x0000000000237398        0x0 build/cooja/mtype33.a(rpl.o)
 .data          0x0000000000237398        0x0 build/cooja/mtype33.a(rpl-icmp6.o)
 *fill*         0x0000000000237398        0x8 
 .data.rel.local
                0x00000000002373a0       0x78 build/cooja/mtype33.a(rpl-icmp6.o)
 .data          0x0000000000237418        0x0 build/cooja/mtype33.a(rpl-dag-root.o)
 .data          0x0000000000237418        0x0 build/cooja/mtype33.a(watchdog.o)
 .data          0x0000000000237418        0x0 build/cooja/mtype33.a(int-master.o)
 .data          0x0000000000237418        0x0 build/cooja/mtype33.a(coap-timer-defa)
 *fill*         0x0000000000237418        0x8 
 .data.rel.local
                0x0000000000237420       0x20 build/cooja/mtype33.a(coap-timer-defa)
                0x0000000000237420                coap_timer_process
 .data          0x0000000000237440        0x0 build/cooja/mtype33.a(stimer.o)
 .data          0x0000000000237440        0x0 build/cooja/mtype33.a(ringbuf.o)
 .data          0x0000000000237440        0x0 build/cooja/mtype33.a(assert.o)
 .data          0x0000000000237440        0x0 build/cooja/mtype33.a(nbr-table.o)
 .data.rel.local
                0x0000000000237440       0x20 build/cooja/mtype33.a(nbr-table.o)
 .data          0x0000000000237460        0x0 build/cooja/mtype33.a(link-stats.o)
 .data.rel.local
                0x0000000000237460       0x20 build/cooja/mtype33.a(link-stats.o)
 .data          0x0000000000237480        0x0 build/cooja/mtype33.a(mac-sequence.o)
 .data          0x0000000000237480        0x0 build/cooja/mtype33.a(mac.o)
 .data          0x0000000000237480        0x0 build/cooja/mtype33.a(framer-802154.o)
 .data          0x0000000000237480        0x2 build/cooja/mtype33.a(frame802154.o)
 .data          0x0000000000237482        0x0 build/cooja/mtype33.a(csma-security.o)
 .data          0x0000000000237482        0x0 build/cooja/mtype33.a(uipbuf.o)
 .data          0x0000000000237482        0x0 build/cooja/mtype33.a(uip-icmp6.o)
 *fill*         0x0000000000237482        0xe 
 .data.rel.local
                0x0000000000237490       0x48 build/cooja/mtype33.a(uip-icmp6.o)
 .data          0x00000000002374d8        0x0 build/cooja/mtype33.a(uip-sr.o)
 *fill*         0x00000000002374d8        0x8 
 .data.rel.local
                0x00000000002374e0       0x28 build/cooja/mtype33.a(uip-sr.o)
 .data          0x0000000000237508        0x0 build/cooja/mtype33.a(uip-packetqueue)
 *fill*         0x0000000000237508        0x8 
 .data.rel.local
                0x0000000000237510       0x18 build/cooja/mtype33.a(uip-packetqueue)
 .data          0x0000000000237528        0x0 build/cooja/mtype33.a(rpl-nbr-policy.)
 .data          0x0000000000237528        0x0 build/cooja/mtype33.a(rpl-neighbor.o)
 *fill*         0x0000000000237528        0x8 
 .data.rel.local
                0x0000000000237530       0x20 build/cooja/mtype33.a(rpl-neighbor.o)
                0x0000000000237548                rpl_neighbors
 .data          0x0000000000237550        0x0 build/cooja/mtype33.a(rpl-dag.o)
 .data          0x0000000000237550        0x0 build/cooja/mtype33.a(rpl-timers.o)
 .data          0x0000000000237550        0x0 build/cooja/mtype33.a(rpl-ext-header.)
 .data          0x0000000000237550        0x0 build/cooja/mtype33.a(rpl-mrhof.o)
 *fill*         0x0000000000237550       0x10 
 .data.rel.local
                0x0000000000237560       0x48 build/cooja/mtype33.a(rpl-mrhof.o)
                0x0000000000237560                rpl_mrhof
 .data          0x00000000002375a8        0x0 /usr/lib/gcc/x86_64-linux-gnu/7/crtendS.o
 .data          0x00000000002375a8        0x0 /usr/lib/gcc/x86_64-linux-gnu/7/../../../x86_64-linux-gnu/crtn.o

.tm_clone_table
                0x00000000002375a8        0x0
 .tm_clone_table
                0x00000000002375a8        0x0 /usr/lib/gcc/x86_64-linux-gnu/7/crtbeginS.o
 .tm_clone_table
                0x00000000002375a8        0x0 /usr/lib/gcc/x86_64-linux-gnu/7/crtendS.o

.data1
 *(.data1)
                0x00000000002375a8                _edata = .
                [!provide]                        PROVIDE (edata = .)
                0x00000000002375a8                . = .
                0x00000000002375a8                __bss_start = .

.bss            0x00000000002375c0    0x19ea0
 *(.dynbss)
 .dynbss        0x00000000002375c0        0x0 /usr/lib/gcc/x86_64-linux-gnu/7/../../../x86_64-linux-gnu/crti.o
 *(.bss .bss.* .gnu.linkonce.b.*)
 .bss           0x00000000002375c0        0x0 /usr/lib/gcc/x86_64-linux-gnu/7/../../../x86_64-linux-gnu/crti.o
 .bss           0x00000000002375c0        0x1 /usr/lib/gcc/x86_64-linux-gnu/7/crtbeginS.o
 *fill*         0x00000000002375c1       0x1f 
 .bss           0x00000000002375e0      0x210 node.o
                0x00000000002375e0                registered
 *fill*         0x00000000002377f0       0x10 
 .bss           0x0000000000237800     0x4040 build/cooja/mtype33.o
 .bss           0x000000000023b840        0x1 build/cooja/mtype33.a(simEnvChange.o)
                0x000000000023b840                simDontFallAsleep
 *fill*         0x000000000023b841        0x7 
 .bss           0x000000000023b848        0x8 build/cooja/mtype33.a(cooja_mt.o)
 .bss           0x000000000023b850        0x8 build/cooja/mtype33.a(cooja_mtarch.o)
 .bss           0x000000000023b858        0x0 build/cooja/mtype33.a(rtimer-arch.o)
 .bss           0x000000000023b858        0x0 build/cooja/mtype33.a(beep.o)
 .bss           0x000000000023b858        0x1 build/cooja/mtype33.a(leds-arch.o)
                0x000000000023b858                simLedsValue
 .bss           0x000000000023b859        0x0 build/cooja/mtype33.a(moteid.o)
 .bss           0x000000000023b859        0x1 build/cooja/mtype33.a(pir-sensor.o)
                0x000000000023b859                simPirValue
 *fill*         0x000000000023b85a        0x6 
 .bss           0x000000000023b860        0x8 build/cooja/mtype33.a(rs232.o)
 .bss           0x000000000023b868        0x1 build/cooja/mtype33.a(vib-sensor.o)
                0x000000000023b868                simVibValue
 .bss           0x000000000023b869        0x0 build/cooja/mtype33.a(clock.o)
 *fill*         0x000000000023b869       0x17 
 .bss           0x000000000023b880     0x2020 build/cooja/mtype33.a(cooja-log.o)
 .bss           0x000000000023d8a0      0xfc0 build/cooja/mtype33.a(cfs-cooja.o)
                0x000000000023d8a0                simCFSData
                0x000000000023e840                simCFSSize
                0x000000000023e844                simCFSChanged
                0x000000000023e848                simCFSRead
                0x000000000023e84c                simCFSWritten
 .bss           0x000000000023e860       0x2c build/cooja/mtype33.a(cooja-radio.o)
                0x000000000023e860                simReceiving
                0x000000000023e864                simInSize
                0x000000000023e868                simLastPacketTimestamp
                0x000000000023e870                simOutSize
 .bss           0x000000000023e88c        0xc build/cooja/mtype33.a(eeprom.o)
                0x000000000023e88c                simEEPROMChanged
                0x000000000023e890                simEEPROMRead
                0x000000000023e894                simEEPROMWritten